<html>
<body>
<pre>
<h1>µVision Build Log</h1>
<h2>Project:</h2>
C:\Users\Administrator\Desktop\stm32_IAP\Mini\RTC_FLASH_APP\USER\RTC.uvprojx
Project File Date:  01/04/2018

<h2>Output:</h2>
Build target 'Target 1'
compiling main.c...
linking...
Program Size: Code=7116 RO-data=360 RW-data=56 ZI-data=1848  
FromELF: creating hex file...
After Build - User command #1: D:\keil stm\ARM\ARMCC\bin\fromelf.exe   --bin -o  ..\OBJ\RTC.bin ..\OBJ\RTC.axf
"..\OBJ\RTC.axf" - 0 Error(s), 0 Warning(s).
</pre>
</body>
</html>
.c" - 0 Error(s), 0 Warning(s).
exe   --bin -o  ..\OBJ\RTC.bin ..\OBJ\RTC.axf
"..\OBJ\RTC.axf" - 0 Error(s), 1 Warning(s).
