Product: MDK-ARM Standard 5.10
Component: ARM Compiler 5.04 update 1 (build 49)
Tool: armlink [5040049]

==============================================================================

Section Cross References

    main.o(.text) refers to delay.o(.text) for delay_init
    main.o(.text) refers to misc.o(.text) for NVIC_PriorityGroupConfig
    main.o(.text) refers to usart.o(.text) for uart_init
    main.o(.text) refers to exti.o(.text) for EXTIX_Init
    main.o(.text) refers to led.o(.text) for LED_Init
    main.o(.text) refers to lcd.o(.text) for LCD_Init
    main.o(.text) refers to rtc.o(.text) for RTC_Init
    main.o(.text) refers to system_stm32f10x.o(.data) for SystemCoreClock
    main.o(.text) refers to usmart_config.o(.data) for usmart_dev
    main.o(.text) refers to lcd.o(.data) for POINT_COLOR
    main.o(.text) refers to rtc.o(.bss) for calendar
    system_stm32f10x.o(.text) refers to system_stm32f10x.o(.data) for SystemCoreClock
    led.o(.text) refers to stm32f10x_rcc.o(.text) for RCC_APB2PeriphClockCmd
    led.o(.text) refers to stm32f10x_gpio.o(.text) for GPIO_Init
    key.o(.text) refers to stm32f10x_rcc.o(.text) for RCC_APB2PeriphClockCmd
    key.o(.text) refers to stm32f10x_gpio.o(.text) for GPIO_Init
    key.o(.text) refers to delay.o(.text) for delay_ms
    key.o(.text) refers to key.o(.data) for key_up
    lcd.o(.text) refers to _printf_percent.o(.ARM.Collect$$_printf_percent$$00000000) for _printf_percent
    lcd.o(.text) refers to _printf_x.o(.ARM.Collect$$_printf_percent$$0000000C) for _printf_x
    lcd.o(.text) refers to _printf_hex_int.o(.text) for _printf_longlong_hex
    lcd.o(.text) refers to delay.o(.text) for delay_us
    lcd.o(.text) refers to lcd.o(.bss) for lcddev
    lcd.o(.text) refers to lcd.o(.data) for POINT_COLOR
    lcd.o(.text) refers to dflt_clz.o(x$fpl$dfltu) for __aeabi_ui2d
    lcd.o(.text) refers to dmul.o(x$fpl$dmul) for __aeabi_dmul
    lcd.o(.text) refers to dfixu.o(x$fpl$dfixu) for __aeabi_d2uiz
    lcd.o(.text) refers to stm32f10x_rcc.o(.text) for RCC_AHBPeriphClockCmd
    lcd.o(.text) refers to stm32f10x_gpio.o(.text) for GPIO_Init
    lcd.o(.text) refers to stm32f10x_fsmc.o(.text) for FSMC_NORSRAMInit
    lcd.o(.text) refers to noretval__2printf.o(.text) for __2printf
    lcd.o(.text) refers to lcd.o(.constdata) for asc2_1206
    rtc.o(.text) refers to misc.o(.text) for NVIC_Init
    rtc.o(.text) refers to stm32f10x_rtc.o(.text) for RTC_GetCounter
    rtc.o(.text) refers to stm32f10x_rcc.o(.text) for RCC_APB1PeriphClockCmd
    rtc.o(.text) refers to stm32f10x_pwr.o(.text) for PWR_BackupAccessCmd
    rtc.o(.text) refers to stm32f10x_bkp.o(.text) for BKP_ReadBackupRegister
    rtc.o(.text) refers to delay.o(.text) for delay_ms
    rtc.o(.text) refers to rtc.o(.constdata) for table_week
    rtc.o(.text) refers to rtc.o(.data) for daycnt
    rtc.o(.text) refers to rtc.o(.bss) for calendar
    exti.o(.text) refers to key.o(.text) for KEY_Init
    exti.o(.text) refers to stm32f10x_rcc.o(.text) for RCC_APB2PeriphClockCmd
    exti.o(.text) refers to stm32f10x_gpio.o(.text) for GPIO_EXTILineConfig
    exti.o(.text) refers to stm32f10x_exti.o(.text) for EXTI_Init
    exti.o(.text) refers to misc.o(.text) for NVIC_Init
    exti.o(.text) refers to delay.o(.text) for delay_ms
    delay.o(.text) refers to misc.o(.text) for SysTick_CLKSourceConfig
    delay.o(.text) refers to system_stm32f10x.o(.data) for SystemCoreClock
    delay.o(.text) refers to delay.o(.data) for fac_us
    usart.o(.text) refers (Special) to use_no_semi_2.o(.text) for __use_no_semihosting
    usart.o(.text) refers to stm32f10x_rcc.o(.text) for RCC_APB2PeriphClockCmd
    usart.o(.text) refers to stm32f10x_gpio.o(.text) for GPIO_Init
    usart.o(.text) refers to misc.o(.text) for NVIC_Init
    usart.o(.text) refers to stm32f10x_usart.o(.text) for USART_Init
    usart.o(.text) refers to usart.o(.data) for USART_RX_STA
    usart.o(.text) refers to usart.o(.bss) for USART_RX_BUF
    usart.o(.bss) refers (Special) to use_no_semi_2.o(.text) for __use_no_semihosting
    usart.o(.data) refers (Special) to use_no_semi_2.o(.text) for __use_no_semihosting
    startup_stm32f10x_hd.o(STACK) refers (Special) to heapauxi.o(.text) for __use_two_region_memory
    startup_stm32f10x_hd.o(HEAP) refers (Special) to heapauxi.o(.text) for __use_two_region_memory
    startup_stm32f10x_hd.o(RESET) refers (Special) to heapauxi.o(.text) for __use_two_region_memory
    startup_stm32f10x_hd.o(RESET) refers to startup_stm32f10x_hd.o(STACK) for __initial_sp
    startup_stm32f10x_hd.o(RESET) refers to startup_stm32f10x_hd.o(.text) for Reset_Handler
    startup_stm32f10x_hd.o(RESET) refers to stm32f10x_it.o(.text) for NMI_Handler
    startup_stm32f10x_hd.o(RESET) refers to rtc.o(.text) for RTC_IRQHandler
    startup_stm32f10x_hd.o(RESET) refers to exti.o(.text) for EXTI2_IRQHandler
    startup_stm32f10x_hd.o(RESET) refers to usmart.o(.text) for TIM4_IRQHandler
[...]
    ../clib/printf.c                         0x00000000   Number         0  _printf_intcommon.o ABSOLUTE
    ../clib/printf.c                         0x00000000   Number         0  _printf_str.o ABSOLUTE
    ../clib/printf.c                         0x00000000   Number         0  _printf_dec.o ABSOLUTE
    ../clib/printf.c                         0x00000000   Number         0  _printf_hex_ll.o ABSOLUTE
    ../clib/printf.c                         0x00000000   Number         0  _printf_hex_int.o ABSOLUTE
    ../clib/printf.c                         0x00000000   Number         0  _printf_hex_int_ll.o ABSOLUTE
    ../clib/printf.c                         0x00000000   Number         0  _printf_hex_ptr.o ABSOLUTE
    ../clib/printf.c                         0x00000000   Number         0  _printf_hex_int_ptr.o ABSOLUTE
    ../clib/printf.c                         0x00000000   Number         0  _printf_hex_int_ll_ptr.o ABSOLUTE
    ../clib/printf.c                         0x00000000   Number         0  __printf_flags.o ABSOLUTE
    ../clib/printf.c                         0x00000000   Number         0  __printf_ss.o ABSOLUTE
    ../clib/printf_percent.s                 0x00000000   Number         0  _printf_u.o ABSOLUTE
    ../clib/printf_percent.s                 0x00000000   Number         0  _printf_percent.o ABSOLUTE
    ../clib/printf_percent.s                 0x00000000   Number         0  _printf_x.o ABSOLUTE
    ../clib/printf_percent.s                 0x00000000   Number         0  _printf_c.o ABSOLUTE
    ../clib/printf_percent.s                 0x00000000   Number         0  _printf_d.o ABSOLUTE
    ../clib/printf_percent.s                 0x00000000   Number         0  _printf_s.o ABSOLUTE
    ../clib/printf_percent.s                 0x00000000   Number         0  _printf_percent_end.o ABSOLUTE
    ../clib/signal.c                         0x00000000   Number         0  defsig_rtmem_inner.o ABSOLUTE
    ../clib/signal.c                         0x00000000   Number         0  defsig_rtmem_outer.o ABSOLUTE
    ../clib/signal.c                         0x00000000   Number         0  defsig_exit.o ABSOLUTE
    ../clib/signal.c                         0x00000000   Number         0  defsig_other.o ABSOLUTE
    ../clib/signal.c                         0x00000000   Number         0  defsig_segv_inner.o ABSOLUTE
    ../clib/signal.c                         0x00000000   Number         0  defsig_cppl_inner.o ABSOLUTE
    ../clib/signal.c                         0x00000000   Number         0  defsig_pvfn_inner.o ABSOLUTE
    ../clib/signal.c                         0x00000000   Number         0  defsig_stak_inner.o ABSOLUTE
    ../clib/signal.c                         0x00000000   Number         0  __raise.o ABSOLUTE
    ../clib/signal.c                         0x00000000   Number         0  defsig_rtred_inner.o ABSOLUTE
    ../clib/signal.c                         0x00000000   Number         0  defsig_fpe_inner.o ABSOLUTE
    ../clib/signal.c                         0x00000000   Number         0  defsig_abrt_inner.o ABSOLUTE
    ../clib/signal.c                         0x00000000   Number         0  defsig_general.o ABSOLUTE
    ../clib/signal.c                         0x00000000   Number         0  defsig_rtmem_formal.o ABSOLUTE
    ../clib/signal.s                         0x00000000   Number         0  defsig.o ABSOLUTE
    ../clib/stdio.c                          0x00000000   Number         0  ferror_locked.o ABSOLUTE
    ../clib/stdio.c                          0x00000000   Number         0  ferror.o ABSOLUTE
    ../clib/stdlib.c                         0x00000000   Number         0  exit.o ABSOLUTE
    ../fplib/dfixu.s                         0x00000000   Number         0  dfixu.o ABSOLUTE
    ../fplib/dflt.s                          0x00000000   Number         0  dflt_clz.o ABSOLUTE
    ../fplib/dmul.s                          0x00000000   Number         0  dmul.o ABSOLUTE
    ../fplib/dnaninf.s                       0x00000000   Number         0  dnaninf.o ABSOLUTE
    ../fplib/dretinf.s                       0x00000000   Number         0  dretinf.o ABSOLUTE
    ../fplib/fpinit.s                        0x00000000   Number         0  fpinit.o ABSOLUTE
    ../fplib/usenofp.s                       0x00000000   Number         0  usenofp.o ABSOLUTE
    ..\CORE\core_cm3.c                       0x00000000   Number         0  core_cm3.o ABSOLUTE
    ..\CORE\startup_stm32f10x_hd.s           0x00000000   Number         0  startup_stm32f10x_hd.o ABSOLUTE
    ..\HARDWARE\EXTI\exti.c                  0x00000000   Number         0  exti.o ABSOLUTE
    ..\HARDWARE\KEY\key.c                    0x00000000   Number         0  key.o ABSOLUTE
    ..\HARDWARE\LCD\lcd.c                    0x00000000   Number         0  lcd.o ABSOLUTE
    ..\HARDWARE\LED\led.c                    0x00000000   Number         0  led.o ABSOLUTE
    ..\HARDWARE\RTC\rtc.c                    0x00000000   Number         0  rtc.o ABSOLUTE
    ..\STM32F10x_FWLib\src\misc.c            0x00000000   Number         0  misc.o ABSOLUTE
    ..\STM32F10x_FWLib\src\stm32f10x_bkp.c   0x00000000   Number         0  stm32f10x_bkp.o ABSOLUTE
    ..\STM32F10x_FWLib\src\stm32f10x_exti.c  0x00000000   Number         0  stm32f10x_exti.o ABSOLUTE
    ..\STM32F10x_FWLib\src\stm32f10x_fsmc.c  0x00000000   Number         0  stm32f10x_fsmc.o ABSOLUTE
    ..\STM32F10x_FWLib\src\stm32f10x_gpio.c  0x00000000   Number         0  stm32f10x_gpio.o ABSOLUTE
    ..\STM32F10x_FWLib\src\stm32f10x_pwr.c   0x00000000   Number         0  stm32f10x_pwr.o ABSOLUTE
    ..\STM32F10x_FWLib\src\stm32f10x_rcc.c   0x00000000   Number         0  stm32f10x_rcc.o ABSOLUTE
    ..\STM32F10x_FWLib\src\stm32f10x_rtc.c   0x00000000   Number         0  stm32f10x_rtc.o ABSOLUTE
    ..\STM32F10x_FWLib\src\stm32f10x_tim.c   0x00000000   Number         0  stm32f10x_tim.o ABSOLUTE
    ..\STM32F10x_FWLib\src\stm32f10x_usart.c 0x00000000   Number         0  stm32f10x_usart.o ABSOLUTE
    ..\SYSTEM\delay\delay.c                  0x00000000   Number         0  delay.o ABSOLUTE
    ..\SYSTEM\sys\sys.c                      0x00000000   Number         0  sys.o ABSOLUTE
    ..\SYSTEM\usart\usart.c                  0x00000000   Number         0  usart.o ABSOLUTE
    ..\USMART\usmart.c                       0x00000000   Number         0  usmart.o ABSOLUTE
    ..\USMART\usmart_config.c                0x00000000   Number         0  usmart_config.o ABSOLUTE
    ..\USMART\usmart_str.c                   0x00000000   Number         0  usmart_str.o ABSOLUTE
    ..\\CORE\\core_cm3.c                     0x00000000   Number         0  core_cm3.o ABSOLUTE
    ..\\SYSTEM\\sys\\sys.c                   0x00000000   Number         0  sys.o ABSOLUTE
    dc.s                                     0x00000000   Number         0  dc.o ABSOLUTE
    main.c                                   0x00000000   Number         0  main.o ABSOLUTE
    stm32f10x_it.c                           0x00000000   Number         0  stm32f10x_it.o ABSOLUTE
    system_stm32f10x.c                       0x00000000   Number         0  system_stm32f10x.o ABSOLUTE
    RESET                                    0x08010000   Section      304  startup_stm32f10x_hd.o(RESET)
    !!!main                                  0x08010130   Section        8  __main.o(!!!main)
    !!!scatter                               0x08010138   Section       52  __scatter.o(!!!scatter)
    !!dczerorl2                              0x0801016c   Section       90  __dczerorl2.o(!!dczerorl2)
    !!handler_zi                             0x080101c8   Section       28  __scatter_zi.o(!!handler_zi)
    .ARM.Collect$$_printf_percent$$00000000  0x080101e4   Section        0  _printf_percent.o(.ARM.Collect$$_printf_percent$$00000000)
    .ARM.Collect$$_printf_percent$$00000009  0x080101e4   Section        6  _printf_d.o(.ARM.Collect$$_printf_percent$$00000009)
    .ARM.Collect$$_printf_percent$$0000000A  0x080101ea   Section        6  _printf_u.o(.ARM.Collect$$_printf_percent$$0000000A)
    .ARM.Collect$$_printf_percent$$0000000C  0x080101f0   Section        6  _printf_x.o(.ARM.Collect$$_printf_percent$$0000000C)
    .ARM.Collect$$_printf_percent$$00000013  0x080101f6   Section        6  _printf_c.o(.ARM.Collect$$_printf_percent$$00000013)
    .ARM.Collect$$_printf_percent$$00000014  0x080101fc   Section        6  _printf_s.o(.ARM.Collect$$_printf_percent$$00000014)
    .ARM.Collect$$_printf_percent$$00000017  0x08010202   Section        4  _printf_percent_end.o(.ARM.Collect$$_printf_percent$$00000017)
    .ARM.Collect$$libinit$$00000000          0x08010206   Section        2  libinit.o(.ARM.Collect$$libinit$$00000000)
    .ARM.Collect$$libinit$$00000002          0x08010208   Section        0  libinit2.o(.ARM.Collect$$libinit$$00000002)
    .ARM.Collect$$libinit$$00000008          0x08010208   Section        0  libinit2.o(.ARM.Collect$$libinit$$00000008)
    .ARM.Collect$$libinit$$0000000A          0x08010208   Section        0  libinit2.o(.ARM.Collect$$libinit$$0000000A)
    .ARM.Collect$$libinit$$0000000C          0x08010208   Section        0  libinit2.o(.ARM.Collect$$libinit$$0000000C)
    .ARM.Collect$$libinit$$0000000F          0x08010208   Section        0  libinit2.o(.ARM.Collect$$libinit$$0000000F)
    .ARM.Collect$$libinit$$00000011          0x08010208   Section        0  libinit2.o(.ARM.Collect$$libinit$$00000011)
    .ARM.Collect$$libinit$$00000013          0x08010208   Section        0  libinit2.o(.ARM.Collect$$libinit$$00000013)
    .ARM.Collect$$libinit$$00000015          0x08010208   Section        0  libinit2.o(.ARM.Collect$$libinit$$00000015)
    .ARM.Collect$$libinit$$00000017          0x08010208   Section        0  libinit2.o(.ARM.Collect$$libinit$$00000017)
    .ARM.Collect$$libinit$$00000019          0x08010208   Section        0  libinit2.o(.ARM.Collect$$libinit$$00000019)
    .ARM.Collect$$libinit$$0000001B          0x08010208   Section        0  libinit2.o(.ARM.Collect$$libinit$$0000001B)
    .ARM.Collect$$libinit$$0000001D          0x08010208   Section        0  libinit2.o(.ARM.Collect$$libinit$$0000001D)
    .ARM.Collect$$libinit$$0000001F          0x08010208   Section        0  libinit2.o(.ARM.Collect$$libinit$$0000001F)
    .ARM.Collect$$libinit$$00000021          0x08010208   Section        0  libinit2.o(.ARM.Collect$$libinit$$00000021)
    .ARM.Collect$$libinit$$00000023          0x08010208   Section        0  libinit2.o(.ARM.Collect$$libinit$$00000023)
    .ARM.Collect$$libinit$$0000002A          0x08010208   Section        0  libinit2.o(.ARM.Collect$$libinit$$0000002A)
    .ARM.Collect$$libinit$$0000002C          0x08010208   Section        0  libinit2.o(.ARM.Collect$$libinit$$0000002C)
    .ARM.Collect$$libinit$$0000002E          0x08010208   Section        0  libinit2.o(.ARM.Collect$$libinit$$0000002E)
    .ARM.Collect$$libinit$$00000030          0x08010208   Section        0  libinit2.o(.ARM.Collect$$libinit$$00000030)
    .ARM.Collect$$libinit$$00000031          0x08010208   Section        2  libinit2.o(.ARM.Collect$$libinit$$00000031)
    .ARM.Collect$$libshutdown$$00000000      0x0801020a   Section        2  libshutdown.o(.ARM.Collect$$libshutdown$$00000000)
    .ARM.Collect$$libshutdown$$00000003      0x0801020c   Section        0  libshutdown2.o(.ARM.Collect$$libshutdown$$00000003)
    .ARM.Collect$$libshutdown$$00000006      0x0801020c   Section        0  libshutdown2.o(.ARM.Collect$$libshutdown$$00000006)
    .ARM.Collect$$libshutdown$$00000009      0x0801020c   Section        0  libshutdown2.o(.ARM.Collect$$libshutdown$$00000009)
    .ARM.Collect$$libshutdown$$0000000B      0x0801020c   Section        0  libshutdown2.o(.ARM.Collect$$libshutdown$$0000000B)
    .ARM.Collect$$libshutdown$$0000000E      0x0801020c   Section        0  libshutdown2.o(.ARM.Collect$$libshutdown$$0000000E)
    .ARM.Collect$$libshutdown$$0000000F      0x0801020c   Section        2  libshutdown2.o(.ARM.Collect$$libshutdown$$0000000F)
    .ARM.Collect$$rtentry$$00000000          0x0801020e   Section        0  rtentry.o(.ARM.Collect$$rtentry$$00000000)
    .ARM.Collect$$rtentry$$00000002          0x0801020e   Section        0  rtentry2.o(.ARM.Collect$$rtentry$$00000002)
    .ARM.Collect$$rtentry$$00000004          0x0801020e   Section        6  rtentry4.o(.ARM.Collect$$rtentry$$00000004)
    .ARM.Collect$$rtentry$$00000009          0x08010214   Section        0  rtentry2.o(.ARM.Collect$$rtentry$$00000009)
    .ARM.Collect$$rtentry$$0000000A          0x08010214   Section        4  rtentry2.o(.ARM.Collect$$rtentry$$0000000A)
    .ARM.Collect$$rtentry$$0000000C          0x08010218   Section        0  rtentry2.o(.ARM.Collect$$rtentry$$0000000C)
    .ARM.Collect$$rtentry$$0000000D          0x08010218   Section        8  rtentry2.o(.ARM.Collect$$rtentry$$0000000D)
    .ARM.Collect$$rtexit$$00000000           0x08010220   Section        2  rtexit.o(.ARM.Collect$$rtexit$$00000000)
    .ARM.Collect$$rtexit$$00000002           0x08010222   Section        0  rtexit2.o(.ARM.Collect$$rtexit$$00000002)
    .ARM.Collect$$rtexit$$00000003           0x08010222   Section        4  rtexit2.o(.ARM.Collect$$rtexit$$00000003)
    .ARM.Collect$$rtexit$$00000004           0x08010226   Section        6  rtexit2.o(.ARM.Collect$$rtexit$$00000004)
    .text                                    0x0801022c   Section        0  main.o(.text)
    .text                                    0x08010500   Section        0  stm32f10x_it.o(.text)
    .text                                    0x0801051c   Section        0  system_stm32f10x.o(.text)
    SetSysClockTo72                          0x0801051d   Thumb Code   214  system_stm32f10x.o(.text)
    SetSysClock                              0x080105f3   Thumb Code     8  system_stm32f10x.o(.text)
    .text                                    0x080106fc   Section        0  led.o(.text)
    .text                                    0x08010748   Section        0  key.o(.text)
    .text                                    0x08010844   Section        0  lcd.o(.text)
    .text                                    0x080152a0   Section        0  rtc.o(.text)
    RTC_NVIC_Config                          0x080152a1   Thumb Code    32  rtc.o(.text)
    .text                                    0x0801562c   Section        0  exti.o(.text)
    .text                                    0x080156b4   Section        0  delay.o(.text)
    .text                                    0x08015788   Section        0  usart.o(.text)
    .text                                    0x080158c8   Section       64  startup_stm32f10x_hd.o(.text)
    .text                                    0x08015908   Section        0  misc.o(.text)
    .text                                    0x080159e4   Section        0  stm32f10x_bkp.o(.text)
    .text                                    0x08015aa8   Section        0  stm32f10x_fsmc.o(.text)
    .text                                    0x080160b4   Section        0  stm32f10x_gpio.o(.text)
    .text                                    0x08016410   Section        0  stm32f10x_pwr.o(.text)
    .text                                    0x080164dc   Section        0  stm32f10x_rcc.o(.text)
    .text                                    0x08016880   Section        0  stm32f10x_usart.o(.text)
    .text                                    0x08016c88   Section        0  stm32f10x_rtc.o(.text)
    .text                                    0x08016dd0   Section        0  stm32f10x_tim.o(.text)
    TI4_Config                               0x08017277   Thumb Code   130  stm32f10x_tim.o(.text)
    TI3_Config                               0x0801730b   Thumb Code   122  stm32f10x_tim.o(.text)
    TI2_Config                               0x0801739f   Thumb Code   130  stm32f10x_tim.o(.text)
    TI1_Config                               0x08017433   Thumb Code   108  stm32f10x_tim.o(.text)
    .text                                    0x08017bec   Section        0  stm32f10x_exti.o(.text)
    .text                                    0x08017d08   Section        0  usmart.o(.text)
    .text                                    0x08018940   Section        0  usmart_str.o(.text)
    .text                                    0x08018e68   Section        2  use_no_semi_2.o(.text)
    .text                                    0x08018e6c   Section        0  noretval__2printf.o(.text)
    .text                                    0x08018e84   Section        0  _printf_pad.o(.text)
    .text                                    0x08018ed2   Section        0  _printf_str.o(.text)
    .text                                    0x08018f24   Section        0  _printf_dec.o(.text)
    .text                                    0x08018f98   Section        0  _printf_hex_int.o(.text)
    .text                                    0x08018ff0   Section        0  __printf_flags_ss_wp.o(.text)
    .text                                    0x08019178   Section        0  heapauxi.o(.text)
    .text                                    0x0801917e   Section        2  use_no_semi.o(.text)
    .text                                    0x08019180   Section        0  _printf_intcommon.o(.text)
    .text                                    0x08019232   Section        0  _printf_char.o(.text)
    .text                                    0x08019260   Section        0  _printf_char_file.o(.text)
    .text                                    0x08019284   Section        0  _printf_char_common.o(.text)
    _printf_input_char                       0x08019285   Thumb Code    10  _printf_char_common.o(.text)
    .text                                    0x080192b4   Section        0  ferror.o(.text)
    .text                                    0x080192bc   Section       74  sys_stackheap_outer.o(.text)
    .text                                    0x08019306   Section        0  exit.o(.text)
    .text                                    0x08019314   Section        8  libspace.o(.text)
    i._is_digit                              0x0801931c   Section        0  __printf_wp.o(i._is_digit)
    x$fpl$dfixu                              0x0801932c   Section       90  dfixu.o(x$fpl$dfixu)
    x$fpl$dfltu                              0x08019386   Section       38  dflt_clz.o(x$fpl$dfltu)
    x$fpl$dmul                               0x080193ac   Section      340  dmul.o(x$fpl$dmul)
    x$fpl$dnaninf                            0x08019500   Section      156  dnaninf.o(x$fpl$dnaninf)
    x$fpl$dretinf                            0x0801959c   Section       12  dretinf.o(x$fpl$dretinf)
    .constdata                               0x080195a8   Section     6080  lcd.o(.constdata)
    x$fpl$usenofp                            0x080195a8   Section        0  usenofp.o(x$fpl$usenofp)
    .constdata                               0x0801ad68   Section       24  rtc.o(.constdata)
    .constdata                               0x0801ad80   Section       40  _printf_hex_int.o(.constdata)
    uc_hextab                                0x0801ad80   Data          20  _printf_hex_int.o(.constdata)
    lc_hextab                                0x0801ad94   Data          20  _printf_hex_int.o(.constdata)
    .constdata                               0x0801ada8   Section       17  __printf_flags_ss_wp.o(.constdata)
    maptable                                 0x0801ada8   Data          17  __printf_flags_ss_wp.o(.constdata)
    .conststring                             0x0801adbc   Section       40  usmart.o(.conststring)
    .conststring                             0x0801ade4   Section      167  usmart_config.o(.conststring)
    .data                                    0x20000000   Section       20  system_stm32f10x.o(.data)
    .data                                    0x20000014   Section        1  key.o(.data)
    key_up                                   0x20000014   Data           1  key.o(.data)
    .data                                    0x20000016   Section        4  lcd.o(.data)
    .data                                    0x2000001a   Section        2  rtc.o(.data)
    daycnt                                   0x2000001a   Data           2  rtc.o(.data)
    .data                                    0x2000001c   Section        4  delay.o(.data)
    fac_us                                   0x2000001c   Data           1  delay.o(.data)
    fac_ms                                   0x2000001e   Data           2  delay.o(.data)
    .data                                    0x20000020   Section        6  usart.o(.data)
    .data                                    0x20000026   Section       20  stm32f10x_rcc.o(.data)
    APBAHBPrescTable                         0x20000026   Data          16  stm32f10x_rcc.o(.data)
    ADCPrescTable                            0x20000036   Data           4  stm32f10x_rcc.o(.data)
    .data                                    0x2000003c   Section       28  usmart.o(.data)
    .data                                    0x20000058   Section      284  usmart_config.o(.data)
    .bss                                     0x20000174   Section       14  lcd.o(.bss)
    .bss                                     0x20000182   Section       10  rtc.o(.bss)
    .bss                                     0x2000018c   Section      200  usart.o(.bss)
    .bss                                     0x20000254   Section       96  libspace.o(.bss)
    HEAP                                     0x200002b8   Section      512  startup_stm32f10x_hd.o(HEAP)
    Heap_Mem                                 0x200002b8   Data         512  startup_stm32f10x_hd.o(HEAP)
    STACK                                    0x200004b8   Section     1024  startup_stm32f10x_hd.o(STACK)
    Stack_Mem                                0x200004b8   Data        1024  startup_stm32f10x_hd.o(STACK)
    __initial_sp                             0x200008b8   Data           0  startup_stm32f10x_hd.o(STACK)

    Global Symbols

    Symbol Name                              Value     Ov Type        Size  Object(Section)

    BuildAttributes$$THM_ISAv4$P$D$K$B$S$PE$A:L22UL41UL21$X:L11$S22US41US21$IEEE1$IW$USESV6$~STKCKD$USESV7$~SHL$OSPACE$ROPI$EBA8$UX$STANDARDLIB$REQ8$PRES8$EABIv2 0x00000000   Number         0  anon$$obj.o ABSOLUTE
    __ARM_use_no_argv                        0x00000000   Number         0  main.o ABSOLUTE
    _printf_flags                            0x00000000   Number         0  printf_stubs.o ABSOLUTE
    _printf_return_value                     0x00000000   Number         0  printf_stubs.o ABSOLUTE
    _printf_sizespec                         0x00000000   Number         0  printf_stubs.o ABSOLUTE
    _printf_widthprec                        0x00000000   Number         0  printf_stubs.o ABSOLUTE
    __ARM_exceptions_init                     - Undefined Weak Reference
    __alloca_initialize                       - Undefined Weak Reference
    __cpp_initialize__aeabi_                  - Undefined Weak Reference
    __cxa_finalize                            - Undefined Weak Reference
    __rt_locale                               - Undefined Weak Reference
    __sigvec_lookup                           - Undefined Weak Reference
    _atexit_init                              - Undefined Weak Reference
    _call_atexit_fns                          - Undefined Weak Reference
    _clock_init                               - Undefined Weak Reference
    _fp_trap_init                             - Undefined Weak Reference
    _fp_trap_shutdown                         - Undefined Weak Reference
    _get_lc_collate                           - Undefined Weak Reference
    _get_lc_ctype                             - Undefined Weak Reference
    _get_lc_monetary                          - Undefined Weak Reference
    _get_lc_numeric                           - Undefined Weak Reference
    _get_lc_time                              - Undefined Weak Reference
    _getenv_init                              - Undefined Weak Reference
    _handle_redirection                       - Undefined Weak Reference
    _init_alloc                               - Undefined Weak Reference
    _init_user_alloc                          - Undefined Weak Reference
    _initio                                   - Undefined Weak Reference
    _mutex_acquire                            - Undefined Weak Reference
    _mutex_release                            - Undefined Weak Reference
    _printf_mbtowc                            - Undefined Weak Reference
    _printf_truncate_signed                   - Undefined Weak Reference
    _printf_truncate_unsigned                 - Undefined Weak Reference
    _rand_init                                - Undefined Weak Reference
    _signal_finish                            - Undefined Weak Reference
    _signal_init                              - Undefined Weak Reference
    _terminate_alloc                          - Undefined Weak Reference
    _terminate_user_alloc                     - Undefined Weak Reference
    _terminateio                              - Undefined Weak Reference
    __Vectors_Size                           0x00000130   Number         0  startup_stm32f10x_hd.o ABSOLUTE
    __Vectors                                0x08010000   Data           4  startup_stm32f10x_hd.o(RESET)
    __Vectors_End                            0x08010130   Data           0  startup_stm32f10x_hd.o(RESET)
    __main                                   0x08010131   Thumb Code     8  __main.o(!!!main)
    __scatterload                            0x08010139   Thumb Code     0  __scatter.o(!!!scatter)
    __scatterload_rt2                        0x08010139   Thumb Code    44  __scatter.o(!!!scatter)
    __scatterload_rt2_thumb_only             0x08010139   Thumb Code     0  __scatter.o(!!!scatter)
    __scatterload_null                       0x08010147   Thumb Code     0  __scatter.o(!!!scatter)
    __decompress                             0x0801016d   Thumb Code    90  __dczerorl2.o(!!dczerorl2)
    __decompress1                            0x0801016d   Thumb Code     0  __dczerorl2.o(!!dczerorl2)
    __scatterload_zeroinit                   0x080101c9   Thumb Code    28  __scatter_zi.o(!!handler_zi)
    _printf_d                                0x080101e5   Thumb Code     0  _printf_d.o(.ARM.Collect$$_printf_percent$$00000009)
    _printf_percent                          0x080101e5   Thumb Code     0  _printf_percent.o(.ARM.Collect$$_printf_percent$$00000000)
    _printf_u                                0x080101eb   Thumb Code     0  _printf_u.o(.ARM.Collect$$_printf_percent$$0000000A)
    _printf_x                                0x080101f1   Thumb Code     0  _printf_x.o(.ARM.Collect$$_printf_percent$$0000000C)
    _printf_c                                0x080101f7   Thumb Code     0  _printf_c.o(.ARM.Collect$$_printf_percent$$00000013)
    _printf_s                                0x080101fd   Thumb Code     0  _printf_s.o(.ARM.Collect$$_printf_percent$$00000014)
    _printf_percent_end                      0x08010203   Thumb Code     0  _printf_percent_end.o(.ARM.Collect$$_printf_percent$$00000017)
    __rt_lib_init                            0x08010207   Thumb Code     0  libinit.o(.ARM.Collect$$libinit$$00000000)
    __rt_lib_init_alloca_1                   0x08010209   Thumb Code     0  libinit2.o(.ARM.Collect$$libinit$$0000002C)
    __rt_lib_init_argv_1                     0x08010209   Thumb Code     0  libinit2.o(.ARM.Collect$$libinit$$0000002A)
    __rt_lib_init_atexit_1                   0x08010209   Thumb Code     0  libinit2.o(.ARM.Collect$$libinit$$00000019)
    __rt_lib_init_clock_1                    0x08010209   Thumb Code     0  libinit2.o(.ARM.Collect$$libinit$$0000001F)
    __rt_lib_init_cpp_1                      0x08010209   Thumb Code     0  libinit2.o(.ARM.Collect$$libinit$$00000030)
    __rt_lib_init_exceptions_1               0x08010209   Thumb Code     0  libinit2.o(.ARM.Collect$$libinit$$0000002E)
    __rt_lib_init_fp_1                       0x08010209   Thumb Code     0  libinit2.o(.ARM.Collect$$libinit$$00000002)
    __rt_lib_init_fp_trap_1                  0x08010209   Thumb Code     0  libinit2.o(.ARM.Collect$$libinit$$0000001D)
    __rt_lib_init_getenv_1                   0x08010209   Thumb Code     0  libinit2.o(.ARM.Collect$$libinit$$00000021)
    __rt_lib_init_heap_1                     0x08010209   Thumb Code     0  libinit2.o(.ARM.Collect$$libinit$$00000008)
    __rt_lib_init_lc_collate_1               0x08010209   Thumb Code     0  libinit2.o(.ARM.Collect$$libinit$$0000000F)
    __rt_lib_init_lc_ctype_1                 0x08010209   Thumb Code     0  libinit2.o(.ARM.Collect$$libinit$$00000011)
    __rt_lib_init_lc_monetary_1              0x08010209   Thumb Code     0  libinit2.o(.ARM.Collect$$libinit$$00000013)
    __rt_lib_init_lc_numeric_1               0x08010209   Thumb Code     0  libinit2.o(.ARM.Collect$$libinit$$00000015)
    __rt_lib_init_lc_time_1                  0x08010209   Thumb Code     0  libinit2.o(.ARM.Collect$$libinit$$00000017)
    __rt_lib_init_rand_1                     0x08010209   Thumb Code     0  libinit2.o(.ARM.Collect$$libinit$$0000000C)
    __rt_lib_init_return                     0x08010209   Thumb Code     0  libinit2.o(.ARM.Collect$$libinit$$00000031)
    __rt_lib_init_signal_1                   0x08010209   Thumb Code     0  libinit2.o(.ARM.Collect$$libinit$$0000001B)
    __rt_lib_init_stdio_1                    0x08010209   Thumb Code     0  libinit2.o(.ARM.Collect$$libinit$$00000023)
    __rt_lib_init_user_alloc_1               0x08010209   Thumb Code     0  libinit2.o(.ARM.Collect$$libinit$$0000000A)
    __rt_lib_shutdown                        0x0801020b   Thumb Code     0  libshutdown.o(.ARM.Collect$$libshutdown$$00000000)
    __rt_lib_shutdown_fp_trap_1              0x0801020d   Thumb Code     0  libshutdown2.o(.ARM.Collect$$libshutdown$$00000006)
    __rt_lib_shutdown_heap_1                 0x0801020d   Thumb Code     0  libshutdown2.o(.ARM.Collect$$libshutdown$$0000000E)
    __rt_lib_shutdown_return                 0x0801020d   Thumb Code     0  libshutdown2.o(.ARM.Collect$$libshutdown$$0000000F)
    __rt_lib_shutdown_signal_1               0x0801020d   Thumb Code     0  libshutdown2.o(.ARM.Collect$$libshutdown$$00000009)
    __rt_lib_shutdown_stdio_1                0x0801020d   Thumb Code     0  libshutdown2.o(.ARM.Collect$$libshutdown$$00000003)
    __rt_lib_shutdown_user_alloc_1           0x0801020d   Thumb Code     0  libshutdown2.o(.ARM.Collect$$libshutdown$$0000000B)
    __rt_entry                               0x0801020f   Thumb Code     0  rtentry.o(.ARM.Collect$$rtentry$$00000000)
    __rt_entry_presh_1                       0x0801020f   Thumb Code     0  rtentry2.o(.ARM.Collect$$rtentry$$00000002)
    __rt_entry_sh                            0x0801020f   Thumb Code     0  rtentry4.o(.ARM.Collect$$rtentry$$00000004)
    __rt_entry_li                            0x08010215   Thumb Code     0  rtentry2.o(.ARM.Collect$$rtentry$$0000000A)
    __rt_entry_postsh_1                      0x08010215   Thumb Code     0  rtentry2.o(.ARM.Collect$$rtentry$$00000009)
    __rt_entry_main                          0x08010219   Thumb Code     0  rtentry2.o(.ARM.Collect$$rtentry$$0000000D)
    __rt_entry_postli_1                      0x08010219   Thumb Code     0  rtentry2.o(.ARM.Collect$$rtentry$$0000000C)
    __rt_exit                                0x08010221   Thumb Code     0  rtexit.o(.ARM.Collect$$rtexit$$00000000)
    __rt_exit_ls                             0x08010223   Thumb Code     0  rtexit2.o(.ARM.Collect$$rtexit$$00000003)
    __rt_exit_prels_1                        0x08010223   Thumb Code     0  rtexit2.o(.ARM.Collect$$rtexit$$00000002)
    __rt_exit_exit                           0x08010227   Thumb Code     0  rtexit2.o(.ARM.Collect$$rtexit$$00000004)
    main                                     0x0801022d   Thumb Code   526  main.o(.text)
    NMI_Handler                              0x08010501   Thumb Code     2  stm32f10x_it.o(.text)
    HardFault_Handler                        0x08010503   Thumb Code     4  stm32f10x_it.o(.text)
    MemManage_Handler                        0x08010507   Thumb Code     4  stm32f10x_it.o(.text)
    BusFault_Handler                         0x0801050b   Thumb Code     4  stm32f10x_it.o(.text)
    UsageFault_Handler                       0x0801050f   Thumb Code     4  stm32f10x_it.o(.text)
    SVC_Handler                              0x08010513   Thumb Code     2  stm32f10x_it.o(.text)
    DebugMon_Handler                         0x08010515   Thumb Code     2  stm32f10x_it.o(.text)
    PendSV_Handler                           0x08010517   Thumb Code     2  stm32f10x_it.o(.text)
    SysTick_Handler                          0x08010519   Thumb Code     2  stm32f10x_it.o(.text)
    SystemInit                               0x080105fb   Thumb Code    78  system_stm32f10x.o(.text)
    SystemCoreClockUpdate                    0x08010649   Thumb Code   142  system_stm32f10x.o(.text)
    LED_Init                                 0x080106fd   Thumb Code    68  led.o(.text)
    KEY_Init                                 0x08010749   Thumb Code    52  key.o(.text)
    KEY_Scan                                 0x0801077d   Thumb Code   188  key.o(.text)
    LCD_WR_REG                               0x08010845   Thumb Code     6  lcd.o(.text)
    LCD_WR_DATA                              0x0801084b   Thumb Code     8  lcd.o(.text)
    LCD_RD_DATA                              0x08010853   Thumb Code    16  lcd.o(.text)
    LCD_WriteReg                             0x08010863   Thumb Code    10  lcd.o(.text)
    LCD_ReadReg                              0x0801086d   Thumb Code    22  lcd.o(.text)
    LCD_WriteRAM_Prepare                     0x08010883   Thumb Code    10  lcd.o(.text)
    LCD_WriteRAM                             0x0801088d   Thumb Code     8  lcd.o(.text)
    LCD_BGR2RGB                              0x08010895   Thumb Code    26  lcd.o(.text)
    opt_delay                                0x080108af   Thumb Code    14  lcd.o(.text)
    LCD_SetCursor                            0x080108bd   Thumb Code   418  lcd.o(.text)
    LCD_ReadPoint                            0x08010a5f   Thumb Code   360  lcd.o(.text)
    LCD_DisplayOn                            0x08010bc7   Thumb Code   102  lcd.o(.text)
    LCD_DisplayOff                           0x08010c2d   Thumb Code    90  lcd.o(.text)
    LCD_Scan_Dir                             0x08010c87   Thumb Code   744  lcd.o(.text)
    LCD_DrawPoint                            0x08010f6f   Thumb Code    28  lcd.o(.text)
    LCD_Fast_DrawPoint                       0x08010f8b   Thumb Code   384  lcd.o(.text)
    LCD_SSD_BackLightSet                     0x0801110b   Thumb Code    80  lcd.o(.text)
    LCD_Display_Dir                          0x0801115b   Thumb Code   444  lcd.o(.text)
    LCD_Set_Window                           0x08011317   Thumb Code   540  lcd.o(.text)
    LCD_Clear                                0x08011533   Thumb Code   100  lcd.o(.text)
    LCD_Init                                 0x08011597   Thumb Code 14190  lcd.o(.text)
    LCD_Fill                                 0x08014d05   Thumb Code   178  lcd.o(.text)
    LCD_Color_Fill                           0x08014db7   Thumb Code   106  lcd.o(.text)
    LCD_DrawLine                             0x08014e21   Thumb Code   176  lcd.o(.text)
    LCD_DrawRectangle                        0x08014ed1   Thumb Code    60  lcd.o(.text)
    LCD_Draw_Circle                          0x08014f0d   Thumb Code   152  lcd.o(.text)
    LCD_ShowChar                             0x08014fa5   Thumb Code   272  lcd.o(.text)
    LCD_Pow                                  0x080150b5   Thumb Code    22  lcd.o(.text)
    LCD_ShowNum                              0x080150cb   Thumb Code   148  lcd.o(.text)
    LCD_ShowxNum                             0x0801515f   Thumb Code   220  lcd.o(.text)
    LCD_ShowString                           0x0801523b   Thumb Code   102  lcd.o(.text)
    RTC_Get_Week                             0x080152c1   Thumb Code   116  rtc.o(.text)
    Is_Leap_Year                             0x08015335   Thumb Code    58  rtc.o(.text)
    RTC_Get                                  0x0801536f   Thumb Code   240  rtc.o(.text)
    RTC_Set                                  0x0801545f   Thumb Code   184  rtc.o(.text)
    RTC_Init                                 0x08015517   Thumb Code   208  rtc.o(.text)
    RTC_IRQHandler                           0x080155e7   Thumb Code    40  rtc.o(.text)
    EXTIX_Init                               0x0801562d   Thumb Code    86  exti.o(.text)
    EXTI2_IRQHandler                         0x08015683   Thumb Code    42  exti.o(.text)
    delay_init                               0x080156b5   Thumb Code    50  delay.o(.text)
    delay_us                                 0x080156e7   Thumb Code    72  delay.o(.text)
    delay_ms                                 0x0801572f   Thumb Code    72  delay.o(.text)
    _sys_exit                                0x08015789   Thumb Code     6  usart.o(.text)
    fputc                                    0x0801578f   Thumb Code    24  usart.o(.text)
    uart_init                                0x080157a7   Thumb Code   152  usart.o(.text)
    USART1_IRQHandler                        0x0801583f   Thumb Code   122  usart.o(.text)
    Reset_Handler                            0x080158c9   Thumb Code     8  startup_stm32f10x_hd.o(.text)
    ADC1_2_IRQHandler                        0x080158e3   Thumb Code     0  startup_stm32f10x_hd.o(.text)
    ADC3_IRQHandler                          0x080158e3   Thumb Code     0  startup_stm32f10x_hd.o(.text)
    CAN1_RX1_IRQHandler                      0x080158e3   Thumb Code     0  startup_stm32f10x_hd.o(.text)
    CAN1_SCE_IRQHandler                      0x080158e3   Thumb Code     0  startup_stm32f10x_hd.o(.text)
    DMA1_Channel1_IRQHandler                 0x080158e3   Thumb Code     0  startup_stm32f10x_hd.o(.text)
    DMA1_Channel2_IRQHandler                 0x080158e3   Thumb Code     0  startup_stm32f10x_hd.o(.text)
    DMA1_Channel3_IRQHandler                 0x080158e3   Thumb Code     0  startup_stm32f10x_hd.o(.text)
    DMA1_Channel4_IRQHandler                 0x080158e3   Thumb Code     0  startup_stm32f10x_hd.o(.text)
    DMA1_Channel5_IRQHandler                 0x080158e3   Thumb Code     0  startup_stm32f10x_hd.o(.text)
    DMA1_Channel6_IRQHandler                 0x080158e3   Thumb Code     0  startup_stm32f10x_hd.o(.text)
    DMA1_Channel7_IRQHandler                 0x080158e3   Thumb Code     0  startup_stm32f10x_hd.o(.text)
    DMA2_Channel1_IRQHandler                 0x080158e3   Thumb Code     0  startup_stm32f10x_hd.o(.text)
    DMA2_Channel2_IRQHandler                 0x080158e3   Thumb Code     0  startup_stm32f10x_hd.o(.text)
    DMA2_Channel3_IRQHandler                 0x080158e3   Thumb Code     0  startup_stm32f10x_hd.o(.text)
    DMA2_Channel4_5_IRQHandler               0x080158e3   Thumb Code     0  startup_stm32f10x_hd.o(.text)
    EXTI0_IRQHandler                         0x080158e3   Thumb Code     0  startup_stm32f10x_hd.o(.text)
    EXTI15_10_IRQHandler                     0x080158e3   Thumb Code     0  startup_stm32f10x_hd.o(.text)
    EXTI1_IRQHandler                         0x080158e3   Thumb Code     0  startup_stm32f10x_hd.o(.text)
    EXTI3_IRQHandler                         0x080158e3   Thumb Code     0  startup_stm32f10x_hd.o(.text)
    EXTI4_IRQHandler                         0x080158e3   Thumb Code     0  startup_stm32f10x_hd.o(.text)
    EXTI9_5_IRQHandler                       0x080158e3   Thumb Code     0  startup_stm32f10x_hd.o(.text)
    FLASH_IRQHandler                         0x080158e3   Thumb Code     0  startup_stm32f10x_hd.o(.text)
    FSMC_IRQHandler                          0x080158e3   Thumb Code     0  startup_stm32f10x_hd.o(.text)
    I2C1_ER_IRQHandler                       0x080158e3   Thumb Code     0  startup_stm32f10x_hd.o(.text)
    I2C1_EV_IRQHandler                       0x080158e3   Thumb Code     0  startup_stm32f10x_hd.o(.text)
    I2C2_ER_IRQHandler                       0x080158e3   Thumb Code     0  startup_stm32f10x_hd.o(.text)
    I2C2_EV_IRQHandler                       0x080158e3   Thumb Code     0  startup_stm32f10x_hd.o(.text)
    PVD_IRQHandler                           0x080158e3   Thumb Code     0  startup_stm32f10x_hd.o(.text)
    RCC_IRQHandler                           0x080158e3   Thumb Code     0  startup_stm32f10x_hd.o(.text)
    RTCAlarm_IRQHandler                      0x080158e3   Thumb Code     0  startup_stm32f10x_hd.o(.text)
    SDIO_IRQHandler                          0x080158e3   Thumb Code     0  startup_stm32f10x_hd.o(.text)
    SPI1_IRQHandler                          0x080158e3   Thumb Code     0  startup_stm32f10x_hd.o(.text)
    SPI2_IRQHandler                          0x080158e3   Thumb Code     0  startup_stm32f10x_hd.o(.text)
    SPI3_IRQHandler                          0x080158e3   Thumb Code     0  startup_stm32f10x_hd.o(.text)
    TAMPER_IRQHandler                        0x080158e3   Thumb Code     0  startup_stm32f10x_hd.o(.text)
    TIM1_BRK_IRQHandler                      0x080158e3   Thumb Code     0  startup_stm32f10x_hd.o(.text)
    TIM1_CC_IRQHandler                       0x080158e3   Thumb Code     0  startup_stm32f10x_hd.o(.text)
    TIM1_TRG_COM_IRQHandler                  0x080158e3   Thumb Code     0  startup_stm32f10x_hd.o(.text)
    TIM1_UP_IRQHandler                       0x080158e3   Thumb Code     0  startup_stm32f10x_hd.o(.text)
    TIM2_IRQHandler                          0x080158e3   Thumb Code     0  startup_stm32f10x_hd.o(.text)
    TIM3_IRQHandler                          0x080158e3   Thumb Code     0  startup_stm32f10x_hd.o(.text)
    TIM5_IRQHandler                          0x080158e3   Thumb Code     0  startup_stm32f10x_hd.o(.text)
    TIM6_IRQHandler                          0x080158e3   Thumb Code     0  startup_stm32f10x_hd.o(.text)
    TIM7_IRQHandler                          0x080158e3   Thumb Code     0  startup_stm32f10x_hd.o(.text)
    TIM8_BRK_IRQHandler                      0x080158e3   Thumb Code     0  startup_stm32f10x_hd.o(.text)
    TIM8_CC_IRQHandler                       0x080158e3   Thumb Code     0  startup_stm32f10x_hd.o(.text)
    TIM8_TRG_COM_IRQHandler                  0x080158e3   Thumb Code     0  startup_stm32f10x_hd.o(.text)
    TIM8_UP_IRQHandler                       0x080158e3   Thumb Code     0  startup_stm32f10x_hd.o(.text)
    UART4_IRQHandler                         0x080158e3   Thumb Code     0  startup_stm32f10x_hd.o(.text)
    UART5_IRQHandler                         0x080158e3   Thumb Code     0  startup_stm32f10x_hd.o(.text)
    USART2_IRQHandler                        0x080158e3   Thumb Code     0  startup_stm32f10x_hd.o(.text)
    USART3_IRQHandler                        0x080158e3   Thumb Code     0  startup_stm32f10x_hd.o(.text)
    USBWakeUp_IRQHandler                     0x080158e3   Thumb Code     0  startup_stm32f10x_hd.o(.text)
    USB_HP_CAN1_TX_IRQHandler                0x080158e3   Thumb Code     0  startup_stm32f10x_hd.o(.text)
    USB_LP_CAN1_RX0_IRQHandler               0x080158e3   Thumb Code     0  startup_stm32f10x_hd.o(.text)
    WWDG_IRQHandler                          0x080158e3   Thumb Code     0  startup_stm32f10x_hd.o(.text)
    __user_initial_stackheap                 0x080158e5   Thumb Code     0  startup_stm32f10x_hd.o(.text)
    NVIC_PriorityGroupConfig                 0x08015909   Thumb Code    10  misc.o(.text)
    NVIC_Init                                0x08015913   Thumb Code   100  misc.o(.text)
    NVIC_SetVectorTable                      0x08015977   Thumb Code    14  misc.o(.text)
    NVIC_SystemLPConfig                      0x08015985   Thumb Code    34  misc.o(.text)
    SysTick_CLKSourceConfig                  0x080159a7   Thumb Code    40  misc.o(.text)
    BKP_DeInit                               0x080159e5   Thumb Code    16  stm32f10x_bkp.o(.text)
    BKP_TamperPinLevelConfig                 0x080159f5   Thumb Code     6  stm32f10x_bkp.o(.text)
    BKP_TamperPinCmd                         0x080159fb   Thumb Code     8  stm32f10x_bkp.o(.text)
    BKP_ITConfig                             0x08015a03   Thumb Code     8  stm32f10x_bkp.o(.text)
    BKP_RTCOutputConfig                      0x08015a0b   Thumb Code    22  stm32f10x_bkp.o(.text)
    BKP_SetRTCCalibrationValue               0x08015a21   Thumb Code    22  stm32f10x_bkp.o(.text)
    BKP_WriteBackupRegister                  0x08015a37   Thumb Code    24  stm32f10x_bkp.o(.text)
    BKP_ReadBackupRegister                   0x08015a4f   Thumb Code    26  stm32f10x_bkp.o(.text)
    BKP_GetFlagStatus                        0x08015a69   Thumb Code    10  stm32f10x_bkp.o(.text)
    BKP_ClearFlag                            0x08015a73   Thumb Code    18  stm32f10x_bkp.o(.text)
    BKP_GetITStatus                          0x08015a85   Thumb Code    10  stm32f10x_bkp.o(.text)
    BKP_ClearITPendingBit                    0x08015a8f   Thumb Code    18  stm32f10x_bkp.o(.text)
    FSMC_NORSRAMDeInit                       0x08015aa9   Thumb Code    54  stm32f10x_fsmc.o(.text)
    FSMC_NANDDeInit                          0x08015adf   Thumb Code    62  stm32f10x_fsmc.o(.text)
    FSMC_PCCARDDeInit                        0x08015b1d   Thumb Code    36  stm32f10x_fsmc.o(.text)
    FSMC_NORSRAMInit                         0x08015b41   Thumb Code   230  stm32f10x_fsmc.o(.text)
    FSMC_NANDInit                            0x08015c27   Thumb Code   132  stm32f10x_fsmc.o(.text)
    FSMC_PCCARDInit                          0x08015cab   Thumb Code   130  stm32f10x_fsmc.o(.text)
    FSMC_NORSRAMStructInit                   0x08015d2d   Thumb Code   114  stm32f10x_fsmc.o(.text)
    FSMC_NANDStructInit                      0x08015d9f   Thumb Code    54  stm32f10x_fsmc.o(.text)
    FSMC_PCCARDStructInit                    0x08015dd5   Thumb Code    60  stm32f10x_fsmc.o(.text)
    FSMC_NORSRAMCmd                          0x08015e11   Thumb Code    46  stm32f10x_fsmc.o(.text)
    FSMC_NANDCmd                             0x08015e3f   Thumb Code    86  stm32f10x_fsmc.o(.text)
    FSMC_PCCARDCmd                           0x08015e95   Thumb Code    44  stm32f10x_fsmc.o(.text)
    FSMC_NANDECCCmd                          0x08015ec1   Thumb Code    90  stm32f10x_fsmc.o(.text)
    FSMC_GetECC                              0x08015f1b   Thumb Code    24  stm32f10x_fsmc.o(.text)
    FSMC_ITConfig                            0x08015f33   Thumb Code   128  stm32f10x_fsmc.o(.text)
    FSMC_GetFlagStatus                       0x08015fb3   Thumb Code    54  stm32f10x_fsmc.o(.text)
    FSMC_ClearFlag                           0x08015fe9   Thumb Code    62  stm32f10x_fsmc.o(.text)
    FSMC_GetITStatus                         0x08016027   Thumb Code    64  stm32f10x_fsmc.o(.text)
    FSMC_ClearITPendingBit                   0x08016067   Thumb Code    68  stm32f10x_fsmc.o(.text)
    GPIO_DeInit                              0x080160b5   Thumb Code   172  stm32f10x_gpio.o(.text)
    GPIO_AFIODeInit                          0x08016161   Thumb Code    20  stm32f10x_gpio.o(.text)
    GPIO_Init                                0x08016175   Thumb Code   278  stm32f10x_gpio.o(.text)
    GPIO_StructInit                          0x0801628b   Thumb Code    16  stm32f10x_gpio.o(.text)
    GPIO_ReadInputDataBit                    0x0801629b   Thumb Code    18  stm32f10x_gpio.o(.text)
    GPIO_ReadInputData                       0x080162ad   Thumb Code     8  stm32f10x_gpio.o(.text)
    GPIO_ReadOutputDataBit                   0x080162b5   Thumb Code    18  stm32f10x_gpio.o(.text)
    GPIO_ReadOutputData                      0x080162c7   Thumb Code     8  stm32f10x_gpio.o(.text)
    GPIO_SetBits                             0x080162cf   Thumb Code     4  stm32f10x_gpio.o(.text)
    GPIO_ResetBits                           0x080162d3   Thumb Code     4  stm32f10x_gpio.o(.text)
    GPIO_WriteBit                            0x080162d7   Thumb Code    10  stm32f10x_gpio.o(.text)
    GPIO_Write                               0x080162e1   Thumb Code     4  stm32f10x_gpio.o(.text)
    GPIO_PinLockConfig                       0x080162e5   Thumb Code    18  stm32f10x_gpio.o(.text)
    GPIO_EventOutputConfig                   0x080162f7   Thumb Code    26  stm32f10x_gpio.o(.text)
    GPIO_EventOutputCmd                      0x08016311   Thumb Code     6  stm32f10x_gpio.o(.text)
    GPIO_PinRemapConfig                      0x08016317   Thumb Code   138  stm32f10x_gpio.o(.text)
    GPIO_EXTILineConfig                      0x080163a1   Thumb Code    66  stm32f10x_gpio.o(.text)
    GPIO_ETH_MediaInterfaceConfig            0x080163e3   Thumb Code     8  stm32f10x_gpio.o(.text)
    PWR_DeInit                               0x08016411   Thumb Code    22  stm32f10x_pwr.o(.text)
    PWR_BackupAccessCmd                      0x08016427   Thumb Code     6  stm32f10x_pwr.o(.text)
    PWR_PVDCmd                               0x0801642d   Thumb Code     6  stm32f10x_pwr.o(.text)
    PWR_PVDLevelConfig                       0x08016433   Thumb Code    18  stm32f10x_pwr.o(.text)
    PWR_WakeUpPinCmd                         0x08016445   Thumb Code     8  stm32f10x_pwr.o(.text)
    PWR_EnterSTOPMode                        0x0801644d   Thumb Code    54  stm32f10x_pwr.o(.text)
    PWR_EnterSTANDBYMode                     0x08016483   Thumb Code    42  stm32f10x_pwr.o(.text)
    PWR_GetFlagStatus                        0x080164ad   Thumb Code    20  stm32f10x_pwr.o(.text)
    PWR_ClearFlag                            0x080164c1   Thumb Code    14  stm32f10x_pwr.o(.text)
    RCC_DeInit                               0x080164dd   Thumb Code    64  stm32f10x_rcc.o(.text)
    RCC_HSEConfig                            0x0801651d   Thumb Code    70  stm32f10x_rcc.o(.text)
    RCC_GetFlagStatus                        0x08016563   Thumb Code    56  stm32f10x_rcc.o(.text)
    RCC_WaitForHSEStartUp                    0x0801659b   Thumb Code    56  stm32f10x_rcc.o(.text)
    RCC_AdjustHSICalibrationValue            0x080165d3   Thumb Code    20  stm32f10x_rcc.o(.text)
    RCC_HSICmd                               0x080165e7   Thumb Code     6  stm32f10x_rcc.o(.text)
    RCC_PLLConfig                            0x080165ed   Thumb Code    24  stm32f10x_rcc.o(.text)
    RCC_PLLCmd                               0x08016605   Thumb Code     6  stm32f10x_rcc.o(.text)
    RCC_SYSCLKConfig                         0x0801660b   Thumb Code    18  stm32f10x_rcc.o(.text)
    RCC_GetSYSCLKSource                      0x0801661d   Thumb Code    10  stm32f10x_rcc.o(.text)
    RCC_HCLKConfig                           0x08016627   Thumb Code    18  stm32f10x_rcc.o(.text)
    RCC_PCLK1Config                          0x08016639   Thumb Code    18  stm32f10x_rcc.o(.text)
    RCC_PCLK2Config                          0x0801664b   Thumb Code    20  stm32f10x_rcc.o(.text)
    RCC_ITConfig                             0x0801665f   Thumb Code    26  stm32f10x_rcc.o(.text)
    RCC_USBCLKConfig                         0x08016679   Thumb Code     8  stm32f10x_rcc.o(.text)
    RCC_ADCCLKConfig                         0x08016681   Thumb Code    18  stm32f10x_rcc.o(.text)
    RCC_LSEConfig                            0x08016693   Thumb Code    50  stm32f10x_rcc.o(.text)
    RCC_LSICmd                               0x080166c5   Thumb Code     6  stm32f10x_rcc.o(.text)
    RCC_RTCCLKConfig                         0x080166cb   Thumb Code    12  stm32f10x_rcc.o(.text)
    RCC_RTCCLKCmd                            0x080166d7   Thumb Code     8  stm32f10x_rcc.o(.text)
    RCC_GetClocksFreq                        0x080166df   Thumb Code   192  stm32f10x_rcc.o(.text)
    RCC_AHBPeriphClockCmd                    0x0801679f   Thumb Code    26  stm32f10x_rcc.o(.text)
    RCC_APB2PeriphClockCmd                   0x080167b9   Thumb Code    26  stm32f10x_rcc.o(.text)
    RCC_APB1PeriphClockCmd                   0x080167d3   Thumb Code    26  stm32f10x_rcc.o(.text)
    RCC_APB2PeriphResetCmd                   0x080167ed   Thumb Code    26  stm32f10x_rcc.o(.text)
    RCC_APB1PeriphResetCmd                   0x08016807   Thumb Code    26  stm32f10x_rcc.o(.text)
    RCC_BackupResetCmd                       0x08016821   Thumb Code     8  stm32f10x_rcc.o(.text)
    RCC_ClockSecuritySystemCmd               0x08016829   Thumb Code     6  stm32f10x_rcc.o(.text)
    RCC_MCOConfig                            0x0801682f   Thumb Code     6  stm32f10x_rcc.o(.text)
    RCC_ClearFlag                            0x08016835   Thumb Code    14  stm32f10x_rcc.o(.text)
    RCC_GetITStatus                          0x08016843   Thumb Code    20  stm32f10x_rcc.o(.text)
    RCC_ClearITPendingBit                    0x08016857   Thumb Code     6  stm32f10x_rcc.o(.text)
    USART_DeInit                             0x08016881   Thumb Code   134  stm32f10x_usart.o(.text)
    USART_Init                               0x08016907   Thumb Code   210  stm32f10x_usart.o(.text)
    USART_StructInit                         0x080169d9   Thumb Code    24  stm32f10x_usart.o(.text)
    USART_ClockInit                          0x080169f1   Thumb Code    34  stm32f10x_usart.o(.text)
    USART_ClockStructInit                    0x08016a13   Thumb Code    12  stm32f10x_usart.o(.text)
    USART_Cmd                                0x08016a1f   Thumb Code    24  stm32f10x_usart.o(.text)
    USART_ITConfig                           0x08016a37   Thumb Code    74  stm32f10x_usart.o(.text)
    USART_DMACmd                             0x08016a81   Thumb Code    18  stm32f10x_usart.o(.text)
    USART_SetAddress                         0x08016a93   Thumb Code    18  stm32f10x_usart.o(.text)
    USART_WakeUpConfig                       0x08016aa5   Thumb Code    18  stm32f10x_usart.o(.text)
    USART_ReceiverWakeUpCmd                  0x08016ab7   Thumb Code    24  stm32f10x_usart.o(.text)
    USART_LINBreakDetectLengthConfig         0x08016acf   Thumb Code    18  stm32f10x_usart.o(.text)
    USART_LINCmd                             0x08016ae1   Thumb Code    24  stm32f10x_usart.o(.text)
    USART_SendData                           0x08016af9   Thumb Code     8  stm32f10x_usart.o(.text)
    USART_ReceiveData                        0x08016b01   Thumb Code    10  stm32f10x_usart.o(.text)
    USART_SendBreak                          0x08016b0b   Thumb Code    10  stm32f10x_usart.o(.text)
    USART_SetGuardTime                       0x08016b15   Thumb Code    16  stm32f10x_usart.o(.text)
    USART_SetPrescaler                       0x08016b25   Thumb Code    16  stm32f10x_usart.o(.text)
    USART_SmartCardCmd                       0x08016b35   Thumb Code    24  stm32f10x_usart.o(.text)
    USART_SmartCardNACKCmd                   0x08016b4d   Thumb Code    24  stm32f10x_usart.o(.text)
    USART_HalfDuplexCmd                      0x08016b65   Thumb Code    24  stm32f10x_usart.o(.text)
    USART_OverSampling8Cmd                   0x08016b7d   Thumb Code    22  stm32f10x_usart.o(.text)
    USART_OneBitMethodCmd                    0x08016b93   Thumb Code    24  stm32f10x_usart.o(.text)
    USART_IrDAConfig                         0x08016bab   Thumb Code    18  stm32f10x_usart.o(.text)
    USART_IrDACmd                            0x08016bbd   Thumb Code    24  stm32f10x_usart.o(.text)
    USART_GetFlagStatus                      0x08016bd5   Thumb Code    26  stm32f10x_usart.o(.text)
    USART_ClearFlag                          0x08016bef   Thumb Code    18  stm32f10x_usart.o(.text)
    USART_GetITStatus                        0x08016c01   Thumb Code    84  stm32f10x_usart.o(.text)
    USART_ClearITPendingBit                  0x08016c55   Thumb Code    52  stm32f10x_usart.o(.text)
    RTC_ITConfig                             0x08016c89   Thumb Code    26  stm32f10x_rtc.o(.text)
    RTC_EnterConfigMode                      0x08016ca3   Thumb Code    18  stm32f10x_rtc.o(.text)
    RTC_ExitConfigMode                       0x08016cb5   Thumb Code    20  stm32f10x_rtc.o(.text)
    RTC_GetCounter                           0x08016cc9   Thumb Code    18  stm32f10x_rtc.o(.text)
    RTC_SetCounter                           0x08016cdb   Thumb Code    26  stm32f10x_rtc.o(.text)
    RTC_SetPrescaler                         0x08016cf5   Thumb Code    28  stm32f10x_rtc.o(.text)
    RTC_SetAlarm                             0x08016d11   Thumb Code    26  stm32f10x_rtc.o(.text)
    RTC_GetDivider                           0x08016d2b   Thumb Code    22  stm32f10x_rtc.o(.text)
    RTC_WaitForLastTask                      0x08016d41   Thumb Code    18  stm32f10x_rtc.o(.text)
    RTC_WaitForSynchro                       0x08016d53   Thumb Code    36  stm32f10x_rtc.o(.text)
    RTC_GetFlagStatus                        0x08016d77   Thumb Code    22  stm32f10x_rtc.o(.text)
    RTC_ClearFlag                            0x08016d8d   Thumb Code    16  stm32f10x_rtc.o(.text)
    RTC_GetITStatus                          0x08016d9d   Thumb Code    32  stm32f10x_rtc.o(.text)
    RTC_ClearITPendingBit                    0x08016dbd   Thumb Code    16  stm32f10x_rtc.o(.text)
    TIM_DeInit                               0x08016dd1   Thumb Code   424  stm32f10x_tim.o(.text)
    TIM_TimeBaseInit                         0x08016f79   Thumb Code   122  stm32f10x_tim.o(.text)
    TIM_OC1Init                              0x08016ff3   Thumb Code   132  stm32f10x_tim.o(.text)
    TIM_OC2Init                              0x08017077   Thumb Code   154  stm32f10x_tim.o(.text)
    TIM_OC3Init                              0x08017111   Thumb Code   150  stm32f10x_tim.o(.text)
    TIM_OC4Init                              0x080171a7   Thumb Code   182  stm32f10x_tim.o(.text)
    TIM_SetIC4Prescaler                      0x0801725d   Thumb Code    26  stm32f10x_tim.o(.text)
    TIM_SetIC3Prescaler                      0x080172f9   Thumb Code    18  stm32f10x_tim.o(.text)
    TIM_SetIC2Prescaler                      0x08017385   Thumb Code    26  stm32f10x_tim.o(.text)
    TIM_SetIC1Prescaler                      0x08017421   Thumb Code    18  stm32f10x_tim.o(.text)
    TIM_ICInit                               0x0801749f   Thumb Code   150  stm32f10x_tim.o(.text)
    TIM_PWMIConfig                           0x08017535   Thumb Code   124  stm32f10x_tim.o(.text)
    TIM_BDTRConfig                           0x080175b1   Thumb Code    32  stm32f10x_tim.o(.text)
    TIM_TimeBaseStructInit                   0x080175d1   Thumb Code    18  stm32f10x_tim.o(.text)
    TIM_OCStructInit                         0x080175e3   Thumb Code    20  stm32f10x_tim.o(.text)
    TIM_ICStructInit                         0x080175f7   Thumb Code    18  stm32f10x_tim.o(.text)
    TIM_BDTRStructInit                       0x08017609   Thumb Code    40  stm32f10x_tim.o(.text)
    TIM_Cmd                                  0x08017631   Thumb Code    24  stm32f10x_tim.o(.text)
    TIM_CtrlPWMOutputs                       0x08017649   Thumb Code    30  stm32f10x_tim.o(.text)
    TIM_ITConfig                             0x08017667   Thumb Code    18  stm32f10x_tim.o(.text)
    TIM_GenerateEvent                        0x08017679   Thumb Code     4  stm32f10x_tim.o(.text)
    TIM_DMAConfig                            0x0801767d   Thumb Code    10  stm32f10x_tim.o(.text)
    TIM_DMACmd                               0x08017687   Thumb Code    18  stm32f10x_tim.o(.text)
    TIM_InternalClockConfig                  0x08017699   Thumb Code    12  stm32f10x_tim.o(.text)
    TIM_SelectInputTrigger                   0x080176a5   Thumb Code    18  stm32f10x_tim.o(.text)
    TIM_ITRxExternalClockConfig              0x080176b7   Thumb Code    24  stm32f10x_tim.o(.text)
    TIM_TIxExternalClockConfig               0x080176cf   Thumb Code    62  stm32f10x_tim.o(.text)
    TIM_ETRConfig                            0x0801770d   Thumb Code    28  stm32f10x_tim.o(.text)
    TIM_ETRClockMode1Config                  0x08017729   Thumb Code    54  stm32f10x_tim.o(.text)
    TIM_ETRClockMode2Config                  0x0801775f   Thumb Code    32  stm32f10x_tim.o(.text)
    TIM_PrescalerConfig                      0x0801777f   Thumb Code     6  stm32f10x_tim.o(.text)
    TIM_CounterModeConfig                    0x08017785   Thumb Code    18  stm32f10x_tim.o(.text)
    TIM_EncoderInterfaceConfig               0x08017797   Thumb Code    66  stm32f10x_tim.o(.text)
    TIM_ForcedOC1Config                      0x080177d9   Thumb Code    18  stm32f10x_tim.o(.text)
    TIM_ForcedOC2Config                      0x080177eb   Thumb Code    26  stm32f10x_tim.o(.text)
    TIM_ForcedOC3Config                      0x08017805   Thumb Code    18  stm32f10x_tim.o(.text)
    TIM_ForcedOC4Config                      0x08017817   Thumb Code    26  stm32f10x_tim.o(.text)
    TIM_ARRPreloadConfig                     0x08017831   Thumb Code    24  stm32f10x_tim.o(.text)
    TIM_SelectCOM                            0x08017849   Thumb Code    24  stm32f10x_tim.o(.text)
    TIM_SelectCCDMA                          0x08017861   Thumb Code    24  stm32f10x_tim.o(.text)
    TIM_CCPreloadControl                     0x08017879   Thumb Code    24  stm32f10x_tim.o(.text)
    TIM_OC1PreloadConfig                     0x08017891   Thumb Code    18  stm32f10x_tim.o(.text)
    TIM_OC2PreloadConfig                     0x080178a3   Thumb Code    26  stm32f10x_tim.o(.text)
    TIM_OC3PreloadConfig                     0x080178bd   Thumb Code    18  stm32f10x_tim.o(.text)
    TIM_OC4PreloadConfig                     0x080178cf   Thumb Code    26  stm32f10x_tim.o(.text)
    TIM_OC1FastConfig                        0x080178e9   Thumb Code    18  stm32f10x_tim.o(.text)
    TIM_OC2FastConfig                        0x080178fb   Thumb Code    26  stm32f10x_tim.o(.text)
    TIM_OC3FastConfig                        0x08017915   Thumb Code    18  stm32f10x_tim.o(.text)
    TIM_OC4FastConfig                        0x08017927   Thumb Code    26  stm32f10x_tim.o(.text)
    TIM_ClearOC1Ref                          0x08017941   Thumb Code    18  stm32f10x_tim.o(.text)
    TIM_ClearOC2Ref                          0x08017953   Thumb Code    24  stm32f10x_tim.o(.text)
    TIM_ClearOC3Ref                          0x0801796b   Thumb Code    18  stm32f10x_tim.o(.text)
    TIM_ClearOC4Ref                          0x0801797d   Thumb Code    24  stm32f10x_tim.o(.text)
    TIM_OC1PolarityConfig                    0x08017995   Thumb Code    18  stm32f10x_tim.o(.text)
    TIM_OC1NPolarityConfig                   0x080179a7   Thumb Code    18  stm32f10x_tim.o(.text)
    TIM_OC2PolarityConfig                    0x080179b9   Thumb Code    26  stm32f10x_tim.o(.text)
    TIM_OC2NPolarityConfig                   0x080179d3   Thumb Code    26  stm32f10x_tim.o(.text)
    TIM_OC3PolarityConfig                    0x080179ed   Thumb Code    26  stm32f10x_tim.o(.text)
    TIM_OC3NPolarityConfig                   0x08017a07   Thumb Code    26  stm32f10x_tim.o(.text)
    TIM_OC4PolarityConfig                    0x08017a21   Thumb Code    26  stm32f10x_tim.o(.text)
    TIM_CCxCmd                               0x08017a3b   Thumb Code    30  stm32f10x_tim.o(.text)
    TIM_CCxNCmd                              0x08017a59   Thumb Code    30  stm32f10x_tim.o(.text)
    TIM_SelectOCxM                           0x08017a77   Thumb Code    82  stm32f10x_tim.o(.text)
    TIM_UpdateDisableConfig                  0x08017ac9   Thumb Code    24  stm32f10x_tim.o(.text)
    TIM_UpdateRequestConfig                  0x08017ae1   Thumb Code    24  stm32f10x_tim.o(.text)
    TIM_SelectHallSensor                     0x08017af9   Thumb Code    24  stm32f10x_tim.o(.text)
    TIM_SelectOnePulseMode                   0x08017b11   Thumb Code    18  stm32f10x_tim.o(.text)
    TIM_SelectOutputTrigger                  0x08017b23   Thumb Code    18  stm32f10x_tim.o(.text)
    TIM_SelectSlaveMode                      0x08017b35   Thumb Code    18  stm32f10x_tim.o(.text)
    TIM_SelectMasterSlaveMode                0x08017b47   Thumb Code    18  stm32f10x_tim.o(.text)
    TIM_SetCounter                           0x08017b59   Thumb Code     4  stm32f10x_tim.o(.text)
    TIM_SetAutoreload                        0x08017b5d   Thumb Code     4  stm32f10x_tim.o(.text)
    TIM_SetCompare1                          0x08017b61   Thumb Code     4  stm32f10x_tim.o(.text)
    TIM_SetCompare2                          0x08017b65   Thumb Code     4  stm32f10x_tim.o(.text)
    TIM_SetCompare3                          0x08017b69   Thumb Code     4  stm32f10x_tim.o(.text)
    TIM_SetCompare4                          0x08017b6d   Thumb Code     6  stm32f10x_tim.o(.text)
    TIM_SetClockDivision                     0x08017b73   Thumb Code    18  stm32f10x_tim.o(.text)
    TIM_GetCapture1                          0x08017b85   Thumb Code     6  stm32f10x_tim.o(.text)
    TIM_GetCapture2                          0x08017b8b   Thumb Code     6  stm32f10x_tim.o(.text)
    TIM_GetCapture3                          0x08017b91   Thumb Code     6  stm32f10x_tim.o(.text)
    TIM_GetCapture4                          0x08017b97   Thumb Code     8  stm32f10x_tim.o(.text)
    TIM_GetCounter                           0x08017b9f   Thumb Code     6  stm32f10x_tim.o(.text)
    TIM_GetPrescaler                         0x08017ba5   Thumb Code     6  stm32f10x_tim.o(.text)
    TIM_GetFlagStatus                        0x08017bab   Thumb Code    18  stm32f10x_tim.o(.text)
    TIM_ClearFlag                            0x08017bbd   Thumb Code     6  stm32f10x_tim.o(.text)
    TIM_GetITStatus                          0x08017bc3   Thumb Code    34  stm32f10x_tim.o(.text)
    TIM_ClearITPendingBit                    0x08017be5   Thumb Code     6  stm32f10x_tim.o(.text)
    EXTI_DeInit                              0x08017bed   Thumb Code    28  stm32f10x_exti.o(.text)
    EXTI_Init                                0x08017c09   Thumb Code   142  stm32f10x_exti.o(.text)
    EXTI_StructInit                          0x08017c97   Thumb Code    16  stm32f10x_exti.o(.text)
    EXTI_GenerateSWInterrupt                 0x08017ca7   Thumb Code    16  stm32f10x_exti.o(.text)
    EXTI_GetFlagStatus                       0x08017cb7   Thumb Code    22  stm32f10x_exti.o(.text)
    EXTI_ClearFlag                           0x08017ccd   Thumb Code     8  stm32f10x_exti.o(.text)
    EXTI_GetITStatus                         0x08017cd5   Thumb Code    34  stm32f10x_exti.o(.text)
    EXTI_ClearITPendingBit                   0x08017cf7   Thumb Code     8  stm32f10x_exti.o(.text)
    usmart_sys_cmd_exe                       0x08017d09   Thumb Code  1554  usmart.o(.text)
    usmart_reset_runtime                     0x0801831b   Thumb Code    38  usmart.o(.text)
    usmart_get_runtime                       0x08018341   Thumb Code    60  usmart.o(.text)
    TIM4_IRQHandler                          0x0801837d   Thumb Code    46  usmart.o(.text)
    Timer4_Init                              0x080183ab   Thumb Code    88  usmart.o(.text)
    usmart_init                              0x08018403   Thumb Code    36  usmart.o(.text)
    usmart_cmd_rec                           0x08018427   Thumb Code   170  usmart.o(.text)
    usmart_exe                               0x080184d1   Thumb Code   870  usmart.o(.text)
    usmart_scan                              0x08018837   Thumb Code   120  usmart.o(.text)
    read_addr                                0x080188af   Thumb Code     6  usmart.o(.text)
    write_addr                               0x080188b5   Thumb Code     4  usmart.o(.text)
    usmart_strcmp                            0x08018941   Thumb Code    34  usmart_str.o(.text)
    usmart_strcopy                           0x08018963   Thumb Code    22  usmart_str.o(.text)
    usmart_strlen                            0x08018979   Thumb Code    24  usmart_str.o(.text)
    usmart_pow                               0x08018991   Thumb Code    22  usmart_str.o(.text)
    usmart_str2num                           0x080189a7   Thumb Code   202  usmart_str.o(.text)
    usmart_get_cmdname                       0x08018a71   Thumb Code    54  usmart_str.o(.text)
    usmart_search_nextc                      0x08018aa7   Thumb Code    22  usmart_str.o(.text)
    usmart_get_fname                         0x08018abd   Thumb Code   440  usmart_str.o(.text)
    usmart_get_aparm                         0x08018c75   Thumb Code   200  usmart_str.o(.text)
    usmart_get_parmpos                       0x08018d3d   Thumb Code    26  usmart_str.o(.text)
    usmart_get_fparam                        0x08018d57   Thumb Code   262  usmart_str.o(.text)
    __use_no_semihosting                     0x08018e69   Thumb Code     2  use_no_semi_2.o(.text)
    __2printf                                0x08018e6d   Thumb Code    20  noretval__2printf.o(.text)
    _printf_pre_padding                      0x08018e85   Thumb Code    44  _printf_pad.o(.text)
    _printf_post_padding                     0x08018eb1   Thumb Code    34  _printf_pad.o(.text)
    _printf_str                              0x08018ed3   Thumb Code    82  _printf_str.o(.text)
    _printf_int_dec                          0x08018f25   Thumb Code   100  _printf_dec.o(.text)
    _printf_int_hex                          0x08018f99   Thumb Code    84  _printf_hex_int.o(.text)
    _printf_longlong_hex                     0x08018f99   Thumb Code     0  _printf_hex_int.o(.text)
    __printf                                 0x08018ff1   Thumb Code   388  __printf_flags_ss_wp.o(.text)
    __use_two_region_memory                  0x08019179   Thumb Code     2  heapauxi.o(.text)
    __rt_heap_escrow$2region                 0x0801917b   Thumb Code     2  heapauxi.o(.text)
    __rt_heap_expand$2region                 0x0801917d   Thumb Code     2  heapauxi.o(.text)
    __I$use$semihosting                      0x0801917f   Thumb Code     0  use_no_semi.o(.text)
    __use_no_semihosting_swi                 0x0801917f   Thumb Code     2  use_no_semi.o(.text)
    _printf_int_common                       0x08019181   Thumb Code   178  _printf_intcommon.o(.text)
    _printf_cs_common                        0x08019233   Thumb Code    20  _printf_char.o(.text)
    _printf_char                             0x08019247   Thumb Code    16  _printf_char.o(.text)
    _printf_string                           0x08019257   Thumb Code     8  _printf_char.o(.text)
    _printf_char_file                        0x08019261   Thumb Code    32  _printf_char_file.o(.text)
    _printf_char_common                      0x0801928f   Thumb Code    32  _printf_char_common.o(.text)
    ferror                                   0x080192b5   Thumb Code     8  ferror.o(.text)
    __user_setup_stackheap                   0x080192bd   Thumb Code    74  sys_stackheap_outer.o(.text)
    exit                                     0x08019307   Thumb Code    12  exit.o(.text)
    __user_libspace                          0x08019315   Thumb Code     8  libspace.o(.text)
    __user_perproc_libspace                  0x08019315   Thumb Code     0  libspace.o(.text)
    __user_perthread_libspace                0x08019315   Thumb Code     0  libspace.o(.text)
    _is_digit                                0x0801931d   Thumb Code    14  __printf_wp.o(i._is_digit)
    __aeabi_d2uiz                            0x0801932d   Thumb Code     0  dfixu.o(x$fpl$dfixu)
    _dfixu                                   0x0801932d   Thumb Code    90  dfixu.o(x$fpl$dfixu)
    __aeabi_ui2d                             0x08019387   Thumb Code     0  dflt_clz.o(x$fpl$dfltu)
    _dfltu                                   0x08019387   Thumb Code    38  dflt_clz.o(x$fpl$dfltu)
    __aeabi_dmul                             0x080193ad   Thumb Code     0  dmul.o(x$fpl$dmul)
    _dmul                                    0x080193ad   Thumb Code   332  dmul.o(x$fpl$dmul)
    __fpl_dnaninf                            0x08019501   Thumb Code   156  dnaninf.o(x$fpl$dnaninf)
    __fpl_dretinf                            0x0801959d   Thumb Code    12  dretinf.o(x$fpl$dretinf)
    __I$use$fp                               0x080195a8   Number         0  usenofp.o(x$fpl$usenofp)
    asc2_1206                                0x080195a8   Data        1140  lcd.o(.constdata)
    asc2_1608                                0x08019a1c   Data        1520  lcd.o(.constdata)
    asc2_2412                                0x0801a00c   Data        3420  lcd.o(.constdata)
    table_week                               0x0801ad68   Data          12  rtc.o(.constdata)
    mon_table                                0x0801ad74   Data          12  rtc.o(.constdata)
    Region$$Table$$Base                      0x0801ae8c   Number         0  anon$$obj.o(Region$$Table)
    Region$$Table$$Limit                     0x0801aeac   Number         0  anon$$obj.o(Region$$Table)
    SystemCoreClock                          0x20000000   Data           4  system_stm32f10x.o(.data)
    AHBPrescTable                            0x20000004   Data          16  system_stm32f10x.o(.data)
    POINT_COLOR                              0x20000016   Data           2  lcd.o(.data)
    BACK_COLOR                               0x20000018   Data           2  lcd.o(.data)
    __stdout                                 0x20000020   Data           4  usart.o(.data)
    USART_RX_STA                             0x20000024   Data           2  usart.o(.data)
    sys_cmd_tab                              0x2000003c   Data          28  usmart.o(.data)
    usmart_nametab                           0x20000058   Data          40  usmart_config.o(.data)
    usmart_dev                               0x20000080   Data         244  usmart_config.o(.data)
    lcddev                                   0x20000174   Data          14  lcd.o(.bss)
    calendar                                 0x20000182   Data          10  rtc.o(.bss)
    USART_RX_BUF                             0x2000018c   Data         200  usart.o(.bss)
    __libspace_start                         0x20000254   Data          96  libspace.o(.bss)
    __temporary_stack_top$libspace           0x200002b4   Data           0  libspace.o(.bss)



==============================================================================

Memory Map of the image

  Image Entry point : 0x08010131

  Load Region LR_IROM1 (Base: 0x08010000, Size: 0x0000b020, Max: 0x00070000, ABSOLUTE, COMPRESSED[0x0000af18])

    Execution Region ER_IROM1 (Base: 0x08010000, Size: 0x0000aeac, Max: 0x00070000, ABSOLUTE)

    Base Addr    Size         Type   Attr      Idx    E Section Name        Object

    0x08010000   0x00000130   Data   RO          351    RESET               startup_stm32f10x_hd.o
    0x08010130   0x00000008   Code   RO          587  * !!!main             c_w.l(__main.o)
    0x08010138   0x00000034   Code   RO          773    !!!scatter          c_w.l(__scatter.o)
    0x0801016c   0x0000005a   Code   RO          771    !!dczerorl2         c_w.l(__dczerorl2.o)
    0x080101c6   0x00000002   PAD
    0x080101c8   0x0000001c   Code   RO          775    !!handler_zi        c_w.l(__scatter_zi.o)
    0x080101e4   0x00000000   Code   RO          584    .ARM.Collect$$_printf_percent$$00000000  c_w.l(_printf_percent.o)
    0x080101e4   0x00000006   Code   RO          582    .ARM.Collect$$_printf_percent$$00000009  c_w.l(_printf_d.o)
    0x080101ea   0x00000006   Code   RO          583    .ARM.Collect$$_printf_percent$$0000000A  c_w.l(_printf_u.o)
    0x080101f0   0x00000006   Code   RO          581    .ARM.Collect$$_printf_percent$$0000000C  c_w.l(_printf_x.o)
    0x080101f6   0x00000006   Code   RO          579    .ARM.Collect$$_printf_percent$$00000013  c_w.l(_printf_c.o)
    0x080101fc   0x00000006   Code   RO          580    .ARM.Collect$$_printf_percent$$00000014  c_w.l(_printf_s.o)
    0x08010202   0x00000004   Code   RO          610    .ARM.Collect$$_printf_percent$$00000017  c_w.l(_printf_percent_end.o)
    0x08010206   0x00000002   Code   RO          648    .ARM.Collect$$libinit$$00000000  c_w.l(libinit.o)
    0x08010208   0x00000000   Code   RO          655    .ARM.Collect$$libinit$$00000002  c_w.l(libinit2.o)
    0x08010208   0x00000000   Code   RO          658    .ARM.Collect$$libinit$$00000008  c_w.l(libinit2.o)
    0x08010208   0x00000000   Code   RO          660    .ARM.Collect$$libinit$$0000000A  c_w.l(libinit2.o)
    0x08010208   0x00000000   Code   RO          662    .ARM.Collect$$libinit$$0000000C  c_w.l(libinit2.o)
    0x08010208   0x00000000   Code   RO          665    .ARM.Collect$$libinit$$0000000F  c_w.l(libinit2.o)
    0x08010208   0x00000000   Code   RO          667    .ARM.Collect$$libinit$$00000011  c_w.l(libinit2.o)
    0x08010208   0x00000000   Code   RO          669    .ARM.Collect$$libinit$$00000013  c_w.l(libinit2.o)
    0x08010208   0x00000000   Code   RO          671    .ARM.Collect$$libinit$$00000015  c_w.l(libinit2.o)
    0x08010208   0x00000000   Code   RO          673    .ARM.Collect$$libinit$$00000017  c_w.l(libinit2.o)
    0x08010208   0x00000000   Code   RO          675    .ARM.Collect$$libinit$$00000019  c_w.l(libinit2.o)
    0x08010208   0x00000000   Code   RO          677    .ARM.Collect$$libinit$$0000001B  c_w.l(libinit2.o)
    0x08010208   0x00000000   Code   RO          679    .ARM.Collect$$libinit$$0000001D  c_w.l(libinit2.o)
    0x08010208   0x00000000   Code   RO          681    .ARM.Collect$$libinit$$0000001F  c_w.l(libinit2.o)
    0x08010208   0x00000000   Code   RO          683    .ARM.Collect$$libinit$$00000021  c_w.l(libinit2.o)
    0x08010208   0x00000000   Code   RO          685    .ARM.Collect$$libinit$$00000023  c_w.l(libinit2.o)
    0x08010208   0x00000000   Code   RO          689    .ARM.Collect$$libinit$$0000002A  c_w.l(libinit2.o)
    0x08010208   0x00000000   Code   RO          691    .ARM.Collect$$libinit$$0000002C  c_w.l(libinit2.o)
    0x08010208   0x00000000   Code   RO          693    .ARM.Collect$$libinit$$0000002E  c_w.l(libinit2.o)
    0x08010208   0x00000000   Code   RO          695    .ARM.Collect$$libinit$$00000030  c_w.l(libinit2.o)
    0x08010208   0x00000002   Code   RO          696    .ARM.Collect$$libinit$$00000031  c_w.l(libinit2.o)
    0x0801020a   0x00000002   Code   RO          714    .ARM.Collect$$libshutdown$$00000000  c_w.l(libshutdown.o)
    0x0801020c   0x00000000   Code   RO          725    .ARM.Collect$$libshutdown$$00000003  c_w.l(libshutdown2.o)
    0x0801020c   0x00000000   Code   RO          728    .ARM.Collect$$libshutdown$$00000006  c_w.l(libshutdown2.o)
    0x0801020c   0x00000000   Code   RO          731    .ARM.Collect$$libshutdown$$00000009  c_w.l(libshutdown2.o)
    0x0801020c   0x00000000   Code   RO          733    .ARM.Collect$$libshutdown$$0000000B  c_w.l(libshutdown2.o)
    0x0801020c   0x00000000   Code   RO          736    .ARM.Collect$$libshutdown$$0000000E  c_w.l(libshutdown2.o)
    0x0801020c   0x00000002   Code   RO          737    .ARM.Collect$$libshutdown$$0000000F  c_w.l(libshutdown2.o)
    0x0801020e   0x00000000   Code   RO          603    .ARM.Collect$$rtentry$$00000000  c_w.l(rtentry.o)
    0x0801020e   0x00000000   Code   RO          617    .ARM.Collect$$rtentry$$00000002  c_w.l(rtentry2.o)
    0x0801020e   0x00000006   Code   RO          629    .ARM.Collect$$rtentry$$00000004  c_w.l(rtentry4.o)
    0x08010214   0x00000000   Code   RO          619    .ARM.Collect$$rtentry$$00000009  c_w.l(rtentry2.o)
    0x08010214   0x00000004   Code   RO          620    .ARM.Collect$$rtentry$$0000000A  c_w.l(rtentry2.o)
    0x08010218   0x00000000   Code   RO          622    .ARM.Collect$$rtentry$$0000000C  c_w.l(rtentry2.o)
    0x08010218   0x00000008   Code   RO          623    .ARM.Collect$$rtentry$$0000000D  c_w.l(rtentry2.o)
    0x08010220   0x00000002   Code   RO          652    .ARM.Collect$$rtexit$$00000000  c_w.l(rtexit.o)
    0x08010222   0x00000000   Code   RO          698    .ARM.Collect$$rtexit$$00000002  c_w.l(rtexit2.o)
    0x08010222   0x00000004   Code   RO          699    .ARM.Collect$$rtexit$$00000003  c_w.l(rtexit2.o)
    0x08010226   0x00000006   Code   RO          700    .ARM.Collect$$rtexit$$00000004  c_w.l(rtexit2.o)
    0x0801022c   0x000002d4   Code   RO            1    .text               main.o
    0x08010500   0x0000001a   Code   RO          142    .text               stm32f10x_it.o
    0x0801051a   0x00000002   PAD
    0x0801051c   0x000001e0   Code   RO          183    .text               system_stm32f10x.o
    0x080106fc   0x0000004c   Code   RO          201    .text               led.o
    0x08010748   0x000000fc   Code   RO          213    .text               key.o
    0x08010844   0x00004a5c   Code   RO          226    .text               lcd.o
    0x080152a0   0x0000038c   Code   RO          249    .text               rtc.o
    0x0801562c   0x00000088   Code   RO          273    .text               exti.o
    0x080156b4   0x000000d4   Code   RO          285    .text               delay.o
    0x08015788   0x00000140   Code   RO          316    .text               usart.o
    0x080158c8   0x00000040   Code   RO          352    .text               startup_stm32f10x_hd.o
    0x08015908   0x000000dc   Code   RO          356    .text               misc.o
    0x080159e4   0x000000c4   Code   RO          368    .text               stm32f10x_bkp.o
    0x08015aa8   0x0000060c   Code   RO          380    .text               stm32f10x_fsmc.o
    0x080160b4   0x0000035c   Code   RO          392    .text               stm32f10x_gpio.o
    0x08016410   0x000000cc   Code   RO          404    .text               stm32f10x_pwr.o
    0x080164dc   0x000003a4   Code   RO          416    .text               stm32f10x_rcc.o
    0x08016880   0x00000408   Code   RO          430    .text               stm32f10x_usart.o
    0x08016c88   0x00000148   Code   RO          442    .text               stm32f10x_rtc.o
    0x08016dd0   0x00000e1a   Code   RO          454    .text               stm32f10x_tim.o
    0x08017bea   0x00000002   PAD
    0x08017bec   0x0000011c   Code   RO          466    .text               stm32f10x_exti.o
    0x08017d08   0x00000c38   Code   RO          478    .text               usmart.o
    0x08018940   0x00000528   Code   RO          510    .text               usmart_str.o
    0x08018e68   0x00000002   Code   RO          524    .text               c_w.l(use_no_semi_2.o)
    0x08018e6a   0x00000002   PAD
    0x08018e6c   0x00000018   Code   RO          528    .text               c_w.l(noretval__2printf.o)
    0x08018e84   0x0000004e   Code   RO          532    .text               c_w.l(_printf_pad.o)
    0x08018ed2   0x00000052   Code   RO          534    .text               c_w.l(_printf_str.o)
    0x08018f24   0x00000074   Code   RO          536    .text               c_w.l(_printf_dec.o)
    0x08018f98   0x00000058   Code   RO          541    .text               c_w.l(_printf_hex_int.o)
    0x08018ff0   0x00000188   Code   RO          576    .text               c_w.l(__printf_flags_ss_wp.o)
    0x08019178   0x00000006   Code   RO          585    .text               c_w.l(heapauxi.o)
    0x0801917e   0x00000002   Code   RO          601    .text               c_w.l(use_no_semi.o)
    0x08019180   0x000000b2   Code   RO          604    .text               c_w.l(_printf_intcommon.o)
    0x08019232   0x0000002c   Code   RO          606    .text               c_w.l(_printf_char.o)
    0x0801925e   0x00000002   PAD
    0x08019260   0x00000024   Code   RO          608    .text               c_w.l(_printf_char_file.o)
    0x08019284   0x00000030   Code   RO          631    .text               c_w.l(_printf_char_common.o)
    0x080192b4   0x00000008   Code   RO          633    .text               c_w.l(ferror.o)
    0x080192bc   0x0000004a   Code   RO          637    .text               c_w.l(sys_stackheap_outer.o)
    0x08019306   0x0000000c   Code   RO          641    .text               c_w.l(exit.o)
    0x08019312   0x00000002   PAD
    0x08019314   0x00000008   Code   RO          649    .text               c_w.l(libspace.o)
    0x0801931c   0x0000000e   Code   RO          569    i._is_digit         c_w.l(__printf_wp.o)
    0x0801932a   0x00000002   PAD
    0x0801932c   0x0000005a   Code   RO          589    x$fpl$dfixu         fz_ws.l(dfixu.o)
    0x08019386   0x00000026   Code   RO          593    x$fpl$dfltu         fz_ws.l(dflt_clz.o)
    0x080193ac   0x00000154   Code   RO          599    x$fpl$dmul          fz_ws.l(dmul.o)
    0x08019500   0x0000009c   Code   RO          611    x$fpl$dnaninf       fz_ws.l(dnaninf.o)
    0x0801959c   0x0000000c   Code   RO          613    x$fpl$dretinf       fz_ws.l(dretinf.o)
    0x080195a8   0x00000000   Code   RO          615    x$fpl$usenofp       fz_ws.l(usenofp.o)
    0x080195a8   0x000017c0   Data   RO          228    .constdata          lcd.o
    0x0801ad68   0x00000018   Data   RO          251    .constdata          rtc.o
    0x0801ad80   0x00000028   Data   RO          542    .constdata          c_w.l(_printf_hex_int.o)
    0x0801ada8   0x00000011   Data   RO          577    .constdata          c_w.l(__printf_flags_ss_wp.o)
    0x0801adb9   0x00000003   PAD
    0x0801adbc   0x00000028   Data   RO          479    .conststring        usmart.o
    0x0801ade4   0x000000a7   Data   RO          494    .conststring        usmart_config.o
    0x0801ae8b   0x00000001   PAD
    0x0801ae8c   0x00000020   Data   RO          769    Region$$Table       anon$$obj.o


    Execution Region RW_IRAM1 (Base: 0x20000000, Size: 0x000008b8, Max: 0x00010000, ABSOLUTE, COMPRESSED[0x0000006c])

    Base Addr    Size         Type   Attr      Idx    E Section Name        Object

    0x20000000   0x00000014   Data   RW          184    .data               system_stm32f10x.o
    0x20000014   0x00000001   Data   RW          214    .data               key.o
    0x20000015   0x00000001   PAD
    0x20000016   0x00000004   Data   RW          229    .data               lcd.o
    0x2000001a   0x00000002   Data   RW          252    .data               rtc.o
    0x2000001c   0x00000004   Data   RW          286    .data               delay.o
    0x20000020   0x00000006   Data   RW          318    .data               usart.o
    0x20000026   0x00000014   Data   RW          417    .data               stm32f10x_rcc.o
    0x2000003a   0x00000002   PAD
    0x2000003c   0x0000001c   Data   RW          480    .data               usmart.o
    0x20000058   0x0000011c   Data   RW          495    .data               usmart_config.o
    0x20000174   0x0000000e   Zero   RW          227    .bss                lcd.o
    0x20000182   0x0000000a   Zero   RW          250    .bss                rtc.o
    0x2000018c   0x000000c8   Zero   RW          317    .bss                usart.o
    0x20000254   0x00000060   Zero   RW          650    .bss                c_w.l(libspace.o)
    0x200002b4   0x00000004   PAD
    0x200002b8   0x00000200   Zero   RW          350    HEAP                startup_stm32f10x_hd.o
    0x200004b8   0x00000400   Zero   RW          349    STACK               startup_stm32f10x_hd.o


==============================================================================

Image component sizes


      Code (inc. data)   RO Data    RW Data    ZI Data      Debug   Object Name

       212         18          0          4          0       1023   delay.o
       136          8          0          0          0        698   exti.o
       252         12          0          1          0        832   key.o
     19036        162       6080          4         14      21650   lcd.o
        76          8          0          0          0        499   led.o
       724        206          0          0          0     263263   main.o
       220         22          0          0          0       1801   misc.o
       908         30         24          2         10       3640   rtc.o
        64         26        304          0       1536        804   startup_stm32f10x_hd.o
       196          8          0          0          0       3464   stm32f10x_bkp.o
       284         10          0          0          0       2231   stm32f10x_exti.o
      1548         18          0          0          0       5347   stm32f10x_fsmc.o
       860         38          0          0          0       5645   stm32f10x_gpio.o
        26          0          0          0          0       1182   stm32f10x_it.o
       204         14          0          0          0       1919   stm32f10x_pwr.o
       932         36          0         20          0       8816   stm32f10x_rcc.o
       328          4          0          0          0       2670   stm32f10x_rtc.o
      3610         88          0          0          0      22128   stm32f10x_tim.o
      1032         22          0          0          0       8372   stm32f10x_usart.o
         0          0          0          0          0         32   sys.o
       480         38          0         20          0       1743   system_stm32f10x.o
       320         16          0          6        200       3154   usart.o
      3128       1288         40         28          0       4318   usmart.o
         0          0        167        284          0       1628   usmart_config.o
      1320         12          0          0          0       5053   usmart_str.o

    ----------------------------------------------------------------------
     35900       2084       6648        372       1760     371912   Object Totals
         0          0         32          0          0          0   (incl. Generated)
         4          0          1          3          0          0   (incl. Padding)

    ----------------------------------------------------------------------

      Code (inc. data)   RO Data    RW Data    ZI Data      Debug   Library Member Name

        90          0          0          0          0          0   __dczerorl2.o
         8          0          0          0          0         68   __main.o
       392          4         17          0          0         92   __printf_flags_ss_wp.o
        14          0          0          0          0         68   __printf_wp.o
        52          8          0          0          0          0   __scatter.o
        28          0          0          0          0          0   __scatter_zi.o
         6          0          0          0          0          0   _printf_c.o
        44          0          0          0          0        108   _printf_char.o
        48          6          0          0          0         96   _printf_char_common.o
        36          4          0          0          0         80   _printf_char_file.o
         6          0          0          0          0          0   _printf_d.o
       116         16          0          0          0         92   _printf_dec.o
        88          4         40          0          0         88   _printf_hex_int.o
       178          0          0          0          0         88   _printf_intcommon.o
        78          0          0          0          0        108   _printf_pad.o
         0          0          0          0          0          0   _printf_percent.o
         4          0          0          0          0          0   _printf_percent_end.o
         6          0          0          0          0          0   _printf_s.o
        82          0          0          0          0         80   _printf_str.o
         6          0          0          0          0          0   _printf_u.o
         6          0          0          0          0          0   _printf_x.o
        12          0          0          0          0         72   exit.o
         8          0          0          0          0         68   ferror.o
         6          0          0          0          0        152   heapauxi.o
         2          0          0          0          0          0   libinit.o
         2          0          0          0          0          0   libinit2.o
         2          0          0          0          0          0   libshutdown.o
         2          0          0          0          0          0   libshutdown2.o
         8          4          0          0         96         68   libspace.o
        24          4          0          0          0         84   noretval__2printf.o
         0          0          0          0          0          0   rtentry.o
        12          0          0          0          0          0   rtentry2.o
         6          0          0          0          0          0   rtentry4.o
         2          0          0          0          0          0   rtexit.o
        10          0          0          0          0          0   rtexit2.o
        74          0          0          0          0         80   sys_stackheap_outer.o
         2          0          0          0          0         68   use_no_semi.o
         2          0          0          0          0         68   use_no_semi_2.o
        90          4          0          0          0         92   dfixu.o
        38          0          0          0          0         68   dflt_clz.o
       340         12          0          0          0        104   dmul.o
       156          4          0          0          0         92   dnaninf.o
        12          0          0          0          0         68   dretinf.o
         0          0          0          0          0          0   usenofp.o

    ----------------------------------------------------------------------
      2108         70         60          0        100       2052   Library Totals
        10          0          3          0          4          0   (incl. Padding)

    ----------------------------------------------------------------------

      Code (inc. data)   RO Data    RW Data    ZI Data      Debug   Library Name

      1462         50         57          0         96       1628   c_w.l
       636         20          0          0          0        424   fz_ws.l

    ----------------------------------------------------------------------
      2108         70         60          0        100       2052   Library Totals

    ----------------------------------------------------------------------

==============================================================================


      Code (inc. data)   RO Data    RW Data    ZI Data      Debug   

     38008       2154       6708        372       1860     370528   Grand Totals
     38008       2154       6708        108       1860     370528   ELF Image Totals (compressed)
     38008       2154       6708        108          0          0   ROM Totals

==============================================================================

    Total RO  Size (Code + RO Data)                44716 (  43.67kB)
    Total RW  Size (RW Data + ZI Data)              2232 (   2.18kB)
    Total ROM Size (Code + RO Data + RW Data)      44824 (  43.77kB)

==============================================================================

