Product: MDK-ARM Standard 5.10
Component: ARM Compiler 5.04 update 1 (build 49)
Tool: armlink [5040049]

==============================================================================

Section Cross References

    main.o(i.main) refers to _printf_pad.o(.text) for _printf_pre_padding
    main.o(i.main) refers to _printf_percent.o(.ARM.Collect$$_printf_percent$$00000000) for _printf_percent
    main.o(i.main) refers to _printf_d.o(.ARM.Collect$$_printf_percent$$00000009) for _printf_d
    main.o(i.main) refers to _printf_dec.o(.text) for _printf_int_dec
    main.o(i.main) refers to misc.o(i.NVIC_PriorityGroupConfig) for NVIC_PriorityGroupConfig
    main.o(i.main) refers to delay.o(i.delay_init) for delay_init
    main.o(i.main) refers to usart.o(i.uart_init) for uart_init
    main.o(i.main) refers to led.o(i.LED_Init) for LED_Init
    main.o(i.main) refers to lcd.o(i.LCD_Init) for LCD_Init
    main.o(i.main) refers to exit.o(i.EXTIX_Init) for EXTIX_Init
    main.o(i.main) refers to rtc.o(i.My_RTC_Init) for My_RTC_Init
    main.o(i.main) refers to rtc.o(i.RTC_Set_WakeUp) for RTC_Set_WakeUp
    main.o(i.main) refers to lcd.o(i.LCD_ShowString) for LCD_ShowString
    main.o(i.main) refers to stm32f4xx_rtc.o(i.RTC_GetTime) for RTC_GetTime
    main.o(i.main) refers to noretval__2sprintf.o(.text) for __2sprintf
    main.o(i.main) refers to stm32f4xx_rtc.o(i.RTC_GetDate) for RTC_GetDate
    main.o(i.main) refers to delay.o(i.delay_ms) for delay_ms
    main.o(i.main) refers to usmart_config.o(.data) for usmart_dev
    main.o(i.main) refers to lcd.o(.data) for POINT_COLOR
    system_stm32f4xx.o(i.SystemCoreClockUpdate) refers to system_stm32f4xx.o(.data) for SystemCoreClock
    system_stm32f4xx.o(i.SystemInit) refers to system_stm32f4xx.o(i.SetSysClock) for SetSysClock
    led.o(i.LED_Init) refers to stm32f4xx_rcc.o(i.RCC_AHB1PeriphClockCmd) for RCC_AHB1PeriphClockCmd
    led.o(i.LED_Init) refers to stm32f4xx_gpio.o(i.GPIO_Init) for GPIO_Init
    led.o(i.LED_Init) refers to stm32f4xx_gpio.o(i.GPIO_SetBits) for GPIO_SetBits
    lcd.o(i.LCD_Clear) refers to lcd.o(i.LCD_SetCursor) for LCD_SetCursor
    lcd.o(i.LCD_Clear) refers to lcd.o(i.LCD_WriteRAM_Prepare) for LCD_WriteRAM_Prepare
    lcd.o(i.LCD_Clear) refers to lcd.o(.bss) for lcddev
    lcd.o(i.LCD_Color_Fill) refers to lcd.o(i.LCD_SetCursor) for LCD_SetCursor
    lcd.o(i.LCD_Color_Fill) refers to lcd.o(i.LCD_WriteRAM_Prepare) for LCD_WriteRAM_Prepare
    lcd.o(i.LCD_DisplayOff) refers to lcd.o(i.LCD_WR_REG) for LCD_WR_REG
    lcd.o(i.LCD_DisplayOff) refers to lcd.o(i.LCD_WriteReg) for LCD_WriteReg
    lcd.o(i.LCD_DisplayOff) refers to lcd.o(.bss) for lcddev
    lcd.o(i.LCD_DisplayOn) refers to lcd.o(i.LCD_WR_REG) for LCD_WR_REG
    lcd.o(i.LCD_DisplayOn) refers to lcd.o(i.LCD_WriteReg) for LCD_WriteReg
    lcd.o(i.LCD_DisplayOn) refers to lcd.o(.bss) for lcddev
    lcd.o(i.LCD_Display_Dir) refers to lcd.o(i.LCD_Scan_Dir) for LCD_Scan_Dir
    lcd.o(i.LCD_Display_Dir) refers to lcd.o(.bss) for lcddev
    lcd.o(i.LCD_DrawLine) refers to lcd.o(i.LCD_DrawPoint) for LCD_DrawPoint
    lcd.o(i.LCD_DrawPoint) refers to lcd.o(i.LCD_SetCursor) for LCD_SetCursor
    lcd.o(i.LCD_DrawPoint) refers to lcd.o(i.LCD_WriteRAM_Prepare) for LCD_WriteRAM_Prepare
    lcd.o(i.LCD_DrawPoint) refers to lcd.o(.data) for POINT_COLOR
    lcd.o(i.LCD_DrawRectangle) refers to lcd.o(i.LCD_DrawLine) for LCD_DrawLine
    lcd.o(i.LCD_Draw_Circle) refers to lcd.o(i.LCD_DrawPoint) for LCD_DrawPoint
    lcd.o(i.LCD_Fast_DrawPoint) refers to lcd.o(i.LCD_WR_REG) for LCD_WR_REG
    lcd.o(i.LCD_Fast_DrawPoint) refers to lcd.o(i.LCD_WR_DATA) for LCD_WR_DATA
    lcd.o(i.LCD_Fast_DrawPoint) refers to lcd.o(i.LCD_WriteReg) for LCD_WriteReg
    lcd.o(i.LCD_Fast_DrawPoint) refers to lcd.o(.bss) for lcddev
    lcd.o(i.LCD_Fill) refers to lcd.o(i.LCD_SetCursor) for LCD_SetCursor
    lcd.o(i.LCD_Fill) refers to lcd.o(i.LCD_WriteRAM_Prepare) for LCD_WriteRAM_Prepare
    lcd.o(i.LCD_Fill) refers to lcd.o(.bss) for lcddev
    lcd.o(i.LCD_Init) refers to _printf_percent.o(.ARM.Collect$$_printf_percent$$00000000) for _printf_percent
    lcd.o(i.LCD_Init) refers to _printf_x.o(.ARM.Collect$$_printf_percent$$0000000C) for _printf_x
    lcd.o(i.LCD_Init) refers to _printf_hex_int.o(.text) for _printf_longlong_hex
    lcd.o(i.LCD_Init) refers to stm32f4xx_rcc.o(i.RCC_AHB1PeriphClockCmd) for RCC_AHB1PeriphClockCmd
    lcd.o(i.LCD_Init) refers to stm32f4xx_rcc.o(i.RCC_AHB3PeriphClockCmd) for RCC_AHB3PeriphClockCmd
    lcd.o(i.LCD_Init) refers to stm32f4xx_gpio.o(i.GPIO_Init) for GPIO_Init
    lcd.o(i.LCD_Init) refers to stm32f4xx_gpio.o(i.GPIO_PinAFConfig) for GPIO_PinAFConfig
    lcd.o(i.LCD_Init) refers to stm32f4xx_fsmc.o(i.FSMC_NORSRAMInit) for FSMC_NORSRAMInit
    lcd.o(i.LCD_Init) refers to stm32f4xx_fsmc.o(i.FSMC_NORSRAMCmd) for FSMC_NORSRAMCmd
    lcd.o(i.LCD_Init) refers to delay.o(i.delay_ms) for delay_ms
    lcd.o(i.LCD_Init) refers to lcd.o(i.LCD_WriteReg) for LCD_WriteReg
[...]
    ..\\USMART\\usmart.c                     0x00000000   Number         0  usmart.o ABSOLUTE
    ..\\USMART\\usmart_config.c              0x00000000   Number         0  usmart_config.o ABSOLUTE
    ..\\USMART\\usmart_str.c                 0x00000000   Number         0  usmart_str.o ABSOLUTE
    dc.s                                     0x00000000   Number         0  dc.o ABSOLUTE
    main.c                                   0x00000000   Number         0  main.o ABSOLUTE
    main.c                                   0x00000000   Number         0  main.o ABSOLUTE
    stm32f4xx_it.c                           0x00000000   Number         0  stm32f4xx_it.o ABSOLUTE
    stm32f4xx_it.c                           0x00000000   Number         0  stm32f4xx_it.o ABSOLUTE
    system_stm32f4xx.c                       0x00000000   Number         0  system_stm32f4xx.o ABSOLUTE
    system_stm32f4xx.c                       0x00000000   Number         0  system_stm32f4xx.o ABSOLUTE
    RESET                                    0x08010000   Section      392  startup_stm32f40_41xxx.o(RESET)
    !!!main                                  0x08010188   Section        8  __main.o(!!!main)
    !!!scatter                               0x08010190   Section       52  __scatter.o(!!!scatter)
    !!dczerorl2                              0x080101c4   Section       90  __dczerorl2.o(!!dczerorl2)
    !!handler_zi                             0x08010220   Section       28  __scatter_zi.o(!!handler_zi)
    .ARM.Collect$$_printf_percent$$00000000  0x0801023c   Section        0  _printf_percent.o(.ARM.Collect$$_printf_percent$$00000000)
    .ARM.Collect$$_printf_percent$$00000009  0x0801023c   Section        6  _printf_d.o(.ARM.Collect$$_printf_percent$$00000009)
    .ARM.Collect$$_printf_percent$$0000000A  0x08010242   Section        6  _printf_u.o(.ARM.Collect$$_printf_percent$$0000000A)
    .ARM.Collect$$_printf_percent$$0000000C  0x08010248   Section        6  _printf_x.o(.ARM.Collect$$_printf_percent$$0000000C)
    .ARM.Collect$$_printf_percent$$00000013  0x0801024e   Section        6  _printf_c.o(.ARM.Collect$$_printf_percent$$00000013)
    .ARM.Collect$$_printf_percent$$00000014  0x08010254   Section        6  _printf_s.o(.ARM.Collect$$_printf_percent$$00000014)
    .ARM.Collect$$_printf_percent$$00000017  0x0801025a   Section        4  _printf_percent_end.o(.ARM.Collect$$_printf_percent$$00000017)
    .ARM.Collect$$libinit$$00000000          0x0801025e   Section        2  libinit.o(.ARM.Collect$$libinit$$00000000)
    .ARM.Collect$$libinit$$00000001          0x08010260   Section        4  libinit2.o(.ARM.Collect$$libinit$$00000001)
    .ARM.Collect$$libinit$$00000008          0x08010264   Section        0  libinit2.o(.ARM.Collect$$libinit$$00000008)
    .ARM.Collect$$libinit$$0000000A          0x08010264   Section        0  libinit2.o(.ARM.Collect$$libinit$$0000000A)
    .ARM.Collect$$libinit$$0000000C          0x08010264   Section        0  libinit2.o(.ARM.Collect$$libinit$$0000000C)
    .ARM.Collect$$libinit$$0000000F          0x08010264   Section        0  libinit2.o(.ARM.Collect$$libinit$$0000000F)
    .ARM.Collect$$libinit$$00000011          0x08010264   Section        0  libinit2.o(.ARM.Collect$$libinit$$00000011)
    .ARM.Collect$$libinit$$00000013          0x08010264   Section        0  libinit2.o(.ARM.Collect$$libinit$$00000013)
    .ARM.Collect$$libinit$$00000015          0x08010264   Section        0  libinit2.o(.ARM.Collect$$libinit$$00000015)
    .ARM.Collect$$libinit$$00000017          0x08010264   Section        0  libinit2.o(.ARM.Collect$$libinit$$00000017)
    .ARM.Collect$$libinit$$00000019          0x08010264   Section        0  libinit2.o(.ARM.Collect$$libinit$$00000019)
    .ARM.Collect$$libinit$$0000001B          0x08010264   Section        0  libinit2.o(.ARM.Collect$$libinit$$0000001B)
    .ARM.Collect$$libinit$$0000001D          0x08010264   Section        0  libinit2.o(.ARM.Collect$$libinit$$0000001D)
    .ARM.Collect$$libinit$$0000001F          0x08010264   Section        0  libinit2.o(.ARM.Collect$$libinit$$0000001F)
    .ARM.Collect$$libinit$$00000021          0x08010264   Section        0  libinit2.o(.ARM.Collect$$libinit$$00000021)
    .ARM.Collect$$libinit$$00000023          0x08010264   Section        0  libinit2.o(.ARM.Collect$$libinit$$00000023)
    .ARM.Collect$$libinit$$0000002A          0x08010264   Section        0  libinit2.o(.ARM.Collect$$libinit$$0000002A)
    .ARM.Collect$$libinit$$0000002C          0x08010264   Section        0  libinit2.o(.ARM.Collect$$libinit$$0000002C)
    .ARM.Collect$$libinit$$0000002E          0x08010264   Section        0  libinit2.o(.ARM.Collect$$libinit$$0000002E)
    .ARM.Collect$$libinit$$00000030          0x08010264   Section        0  libinit2.o(.ARM.Collect$$libinit$$00000030)
    .ARM.Collect$$libinit$$00000031          0x08010264   Section        2  libinit2.o(.ARM.Collect$$libinit$$00000031)
    .ARM.Collect$$libshutdown$$00000000      0x08010266   Section        2  libshutdown.o(.ARM.Collect$$libshutdown$$00000000)
    .ARM.Collect$$libshutdown$$00000003      0x08010268   Section        0  libshutdown2.o(.ARM.Collect$$libshutdown$$00000003)
    .ARM.Collect$$libshutdown$$00000006      0x08010268   Section        0  libshutdown2.o(.ARM.Collect$$libshutdown$$00000006)
    .ARM.Collect$$libshutdown$$00000009      0x08010268   Section        0  libshutdown2.o(.ARM.Collect$$libshutdown$$00000009)
    .ARM.Collect$$libshutdown$$0000000B      0x08010268   Section        0  libshutdown2.o(.ARM.Collect$$libshutdown$$0000000B)
    .ARM.Collect$$libshutdown$$0000000E      0x08010268   Section        0  libshutdown2.o(.ARM.Collect$$libshutdown$$0000000E)
    .ARM.Collect$$libshutdown$$0000000F      0x08010268   Section        2  libshutdown2.o(.ARM.Collect$$libshutdown$$0000000F)
    .ARM.Collect$$rtentry$$00000000          0x0801026a   Section        0  rtentry.o(.ARM.Collect$$rtentry$$00000000)
    .ARM.Collect$$rtentry$$00000002          0x0801026a   Section        0  rtentry2.o(.ARM.Collect$$rtentry$$00000002)
    .ARM.Collect$$rtentry$$00000004          0x0801026a   Section        6  rtentry4.o(.ARM.Collect$$rtentry$$00000004)
    .ARM.Collect$$rtentry$$00000009          0x08010270   Section        0  rtentry2.o(.ARM.Collect$$rtentry$$00000009)
    .ARM.Collect$$rtentry$$0000000A          0x08010270   Section        4  rtentry2.o(.ARM.Collect$$rtentry$$0000000A)
    .ARM.Collect$$rtentry$$0000000C          0x08010274   Section        0  rtentry2.o(.ARM.Collect$$rtentry$$0000000C)
    .ARM.Collect$$rtentry$$0000000D          0x08010274   Section        8  rtentry2.o(.ARM.Collect$$rtentry$$0000000D)
    .ARM.Collect$$rtexit$$00000000           0x0801027c   Section        2  rtexit.o(.ARM.Collect$$rtexit$$00000000)
    .ARM.Collect$$rtexit$$00000002           0x0801027e   Section        0  rtexit2.o(.ARM.Collect$$rtexit$$00000002)
    .ARM.Collect$$rtexit$$00000003           0x0801027e   Section        4  rtexit2.o(.ARM.Collect$$rtexit$$00000003)
    .ARM.Collect$$rtexit$$00000004           0x08010282   Section        6  rtexit2.o(.ARM.Collect$$rtexit$$00000004)
    .text                                    0x08010288   Section       60  startup_stm32f40_41xxx.o(.text)
    $v0                                      0x08010288   Number         0  startup_stm32f40_41xxx.o(.text)
    .text                                    0x080102c4   Section        2  use_no_semi_2.o(.text)
    .text                                    0x080102c8   Section        0  noretval__2printf.o(.text)
    .text                                    0x080102e0   Section        0  noretval__2sprintf.o(.text)
    .text                                    0x08010308   Section        0  _printf_pad.o(.text)
    .text                                    0x08010356   Section        0  _printf_str.o(.text)
    .text                                    0x080103a8   Section        0  _printf_dec.o(.text)
    .text                                    0x0801041c   Section        0  _printf_hex_int.o(.text)
    .text                                    0x08010474   Section        0  __printf_flags_ss_wp.o(.text)
    .text                                    0x080105fc   Section        0  heapauxi.o(.text)
    .text                                    0x08010602   Section        2  use_no_semi.o(.text)
    .text                                    0x08010604   Section        0  _printf_intcommon.o(.text)
    .text                                    0x080106b8   Section        0  _printf_char_common.o(.text)
    _printf_input_char                       0x080106b9   Thumb Code    10  _printf_char_common.o(.text)
    .text                                    0x080106e8   Section        0  _sputc.o(.text)
    .text                                    0x080106f2   Section        0  _printf_char.o(.text)
    .text                                    0x08010720   Section        0  _printf_char_file.o(.text)
    .text                                    0x08010744   Section        0  ferror.o(.text)
    .text                                    0x0801074c   Section       74  sys_stackheap_outer.o(.text)
    .text                                    0x08010796   Section        0  exit.o(.text)
    .text                                    0x080107a4   Section        8  libspace.o(.text)
    i.BusFault_Handler                       0x080107ac   Section        0  stm32f4xx_it.o(i.BusFault_Handler)
    i.DebugMon_Handler                       0x080107b0   Section        0  stm32f4xx_it.o(i.DebugMon_Handler)
    i.EXTI0_IRQHandler                       0x080107b4   Section        0  exit.o(i.EXTI0_IRQHandler)
    i.EXTIX_Init                             0x080107e8   Section        0  exit.o(i.EXTIX_Init)
    i.EXTI_ClearITPendingBit                 0x0801083c   Section        0  stm32f4xx_exti.o(i.EXTI_ClearITPendingBit)
    i.EXTI_Init                              0x08010848   Section        0  stm32f4xx_exti.o(i.EXTI_Init)
    i.FSMC_NORSRAMCmd                        0x080108dc   Section        0  stm32f4xx_fsmc.o(i.FSMC_NORSRAMCmd)
    i.FSMC_NORSRAMInit                       0x08010910   Section        0  stm32f4xx_fsmc.o(i.FSMC_NORSRAMInit)
    i.GPIO_Init                              0x080109f6   Section        0  stm32f4xx_gpio.o(i.GPIO_Init)
    i.GPIO_PinAFConfig                       0x08010a86   Section        0  stm32f4xx_gpio.o(i.GPIO_PinAFConfig)
    i.GPIO_ReadInputDataBit                  0x08010acc   Section        0  stm32f4xx_gpio.o(i.GPIO_ReadInputDataBit)
    i.GPIO_SetBits                           0x08010ade   Section        0  stm32f4xx_gpio.o(i.GPIO_SetBits)
    i.HardFault_Handler                      0x08010ae2   Section        0  stm32f4xx_it.o(i.HardFault_Handler)
    i.KEY_Init                               0x08010ae8   Section        0  key.o(i.KEY_Init)
    i.LCD_Clear                              0x08010b2c   Section        0  lcd.o(i.LCD_Clear)
    i.LCD_Display_Dir                        0x08010b98   Section        0  lcd.o(i.LCD_Display_Dir)
    i.LCD_Fast_DrawPoint                     0x08010d58   Section        0  lcd.o(i.LCD_Fast_DrawPoint)
    i.LCD_Init                               0x08010ed8   Section        0  lcd.o(i.LCD_Init)
    i.LCD_RD_DATA                            0x08014848   Section        0  lcd.o(i.LCD_RD_DATA)
    i.LCD_ReadReg                            0x0801485c   Section        0  lcd.o(i.LCD_ReadReg)
    i.LCD_SSD_BackLightSet                   0x08014874   Section        0  lcd.o(i.LCD_SSD_BackLightSet)
    i.LCD_Scan_Dir                           0x080148d4   Section        0  lcd.o(i.LCD_Scan_Dir)
    i.LCD_SetCursor                          0x08014bc0   Section        0  lcd.o(i.LCD_SetCursor)
    i.LCD_ShowChar                           0x08014d68   Section        0  lcd.o(i.LCD_ShowChar)
    i.LCD_ShowString                         0x08014e90   Section        0  lcd.o(i.LCD_ShowString)
    i.LCD_WR_DATA                            0x08014ef8   Section        0  lcd.o(i.LCD_WR_DATA)
    i.LCD_WR_REG                             0x08014f10   Section        0  lcd.o(i.LCD_WR_REG)
    i.LCD_WriteRAM_Prepare                   0x08014f28   Section        0  lcd.o(i.LCD_WriteRAM_Prepare)
    i.LCD_WriteReg                           0x08014f3c   Section        0  lcd.o(i.LCD_WriteReg)
    i.LED_Init                               0x08014f50   Section        0  led.o(i.LED_Init)
    i.MemManage_Handler                      0x08014f90   Section        0  stm32f4xx_it.o(i.MemManage_Handler)
    i.My_RTC_Init                            0x08014f94   Section        0  rtc.o(i.My_RTC_Init)
    i.NMI_Handler                            0x0801501e   Section        0  stm32f4xx_it.o(i.NMI_Handler)
    i.NVIC_Init                              0x08015020   Section        0  misc.o(i.NVIC_Init)
    i.NVIC_PriorityGroupConfig               0x08015098   Section        0  misc.o(i.NVIC_PriorityGroupConfig)
    i.PWR_BackupAccessCmd                    0x080150ac   Section        0  stm32f4xx_pwr.o(i.PWR_BackupAccessCmd)
    i.PendSV_Handler                         0x080150b8   Section        0  stm32f4xx_it.o(i.PendSV_Handler)
    i.RCC_AHB1PeriphClockCmd                 0x080150bc   Section        0  stm32f4xx_rcc.o(i.RCC_AHB1PeriphClockCmd)
    i.RCC_AHB3PeriphClockCmd                 0x080150dc   Section        0  stm32f4xx_rcc.o(i.RCC_AHB3PeriphClockCmd)
    i.RCC_APB1PeriphClockCmd                 0x080150fc   Section        0  stm32f4xx_rcc.o(i.RCC_APB1PeriphClockCmd)
    i.RCC_APB2PeriphClockCmd                 0x0801511c   Section        0  stm32f4xx_rcc.o(i.RCC_APB2PeriphClockCmd)
    i.RCC_GetClocksFreq                      0x0801513c   Section        0  stm32f4xx_rcc.o(i.RCC_GetClocksFreq)
    i.RCC_GetFlagStatus                      0x08015224   Section        0  stm32f4xx_rcc.o(i.RCC_GetFlagStatus)
    i.RCC_LSEConfig                          0x08015264   Section        0  stm32f4xx_rcc.o(i.RCC_LSEConfig)
    i.RCC_RTCCLKCmd                          0x08015290   Section        0  stm32f4xx_rcc.o(i.RCC_RTCCLKCmd)
    i.RCC_RTCCLKConfig                       0x0801529c   Section        0  stm32f4xx_rcc.o(i.RCC_RTCCLKConfig)
    i.RTC_AlarmCmd                           0x080152d8   Section        0  stm32f4xx_rtc.o(i.RTC_AlarmCmd)
    i.RTC_Alarm_IRQHandler                   0x0801534c   Section        0  rtc.o(i.RTC_Alarm_IRQHandler)
    i.RTC_Bcd2ToByte                         0x0801537c   Section        0  stm32f4xx_rtc.o(i.RTC_Bcd2ToByte)
    RTC_Bcd2ToByte                           0x0801537d   Thumb Code    22  stm32f4xx_rtc.o(i.RTC_Bcd2ToByte)
    i.RTC_ByteToBcd2                         0x08015392   Section        0  stm32f4xx_rtc.o(i.RTC_ByteToBcd2)
    RTC_ByteToBcd2                           0x08015393   Thumb Code    28  stm32f4xx_rtc.o(i.RTC_ByteToBcd2)
    i.RTC_ClearFlag                          0x080153b0   Section        0  stm32f4xx_rtc.o(i.RTC_ClearFlag)
    i.RTC_ClearITPendingBit                  0x080153cc   Section        0  stm32f4xx_rtc.o(i.RTC_ClearITPendingBit)
    i.RTC_EnterInitMode                      0x080153ec   Section        0  stm32f4xx_rtc.o(i.RTC_EnterInitMode)
    i.RTC_ExitInitMode                       0x0801543c   Section        0  stm32f4xx_rtc.o(i.RTC_ExitInitMode)
    i.RTC_GetDate                            0x08015450   Section        0  stm32f4xx_rtc.o(i.RTC_GetDate)
    i.RTC_GetFlagStatus                      0x0801549c   Section        0  stm32f4xx_rtc.o(i.RTC_GetFlagStatus)
    i.RTC_GetTime                            0x080154c4   Section        0  stm32f4xx_rtc.o(i.RTC_GetTime)
    i.RTC_ITConfig                           0x08015514   Section        0  stm32f4xx_rtc.o(i.RTC_ITConfig)
    i.RTC_Init                               0x08015578   Section        0  stm32f4xx_rtc.o(i.RTC_Init)
    i.RTC_ReadBackupRegister                 0x080155dc   Section        0  stm32f4xx_rtc.o(i.RTC_ReadBackupRegister)
    i.RTC_SetAlarm                           0x080155fc   Section        0  stm32f4xx_rtc.o(i.RTC_SetAlarm)
    i.RTC_SetDate                            0x080156e8   Section        0  stm32f4xx_rtc.o(i.RTC_SetDate)
    i.RTC_SetTime                            0x080157b0   Section        0  stm32f4xx_rtc.o(i.RTC_SetTime)
    i.RTC_SetWakeUpCounter                   0x08015880   Section        0  stm32f4xx_rtc.o(i.RTC_SetWakeUpCounter)
    i.RTC_Set_AlarmA                         0x0801589c   Section        0  rtc.o(i.RTC_Set_AlarmA)
    i.RTC_Set_Date                           0x08015940   Section        0  rtc.o(i.RTC_Set_Date)
    i.RTC_Set_Time                           0x08015964   Section        0  rtc.o(i.RTC_Set_Time)
    i.RTC_Set_WakeUp                         0x08015988   Section        0  rtc.o(i.RTC_Set_WakeUp)
    i.RTC_WKUP_IRQHandler                    0x080159f8   Section        0  rtc.o(i.RTC_WKUP_IRQHandler)
    i.RTC_WaitForSynchro                     0x08015a2c   Section        0  stm32f4xx_rtc.o(i.RTC_WaitForSynchro)
    i.RTC_WakeUpClockConfig                  0x08015a8c   Section        0  stm32f4xx_rtc.o(i.RTC_WakeUpClockConfig)
    i.RTC_WakeUpCmd                          0x08015abc   Section        0  stm32f4xx_rtc.o(i.RTC_WakeUpCmd)
    i.RTC_WriteBackupRegister                0x08015b34   Section        0  stm32f4xx_rtc.o(i.RTC_WriteBackupRegister)
    i.SVC_Handler                            0x08015b50   Section        0  stm32f4xx_it.o(i.SVC_Handler)
    i.SYSCFG_EXTILineConfig                  0x08015b54   Section        0  stm32f4xx_syscfg.o(i.SYSCFG_EXTILineConfig)
    i.SetSysClock                            0x08015b94   Section        0  system_stm32f4xx.o(i.SetSysClock)
    SetSysClock                              0x08015b95   Thumb Code   220  system_stm32f4xx.o(i.SetSysClock)
    i.SysTick_CLKSourceConfig                0x08015c80   Section        0  misc.o(i.SysTick_CLKSourceConfig)
    i.SysTick_Handler                        0x08015ca8   Section        0  stm32f4xx_it.o(i.SysTick_Handler)
    i.SystemInit                             0x08015cac   Section        0  system_stm32f4xx.o(i.SystemInit)
    i.TIM4_IRQHandler                        0x08015d14   Section        0  usmart.o(i.TIM4_IRQHandler)
    i.TIM_ClearFlag                          0x08015d4c   Section        0  stm32f4xx_tim.o(i.TIM_ClearFlag)
    i.TIM_ClearITPendingBit                  0x08015d52   Section        0  stm32f4xx_tim.o(i.TIM_ClearITPendingBit)
    i.TIM_Cmd                                0x08015d58   Section        0  stm32f4xx_tim.o(i.TIM_Cmd)
    i.TIM_GetCounter                         0x08015d70   Section        0  stm32f4xx_tim.o(i.TIM_GetCounter)
    i.TIM_GetFlagStatus                      0x08015d76   Section        0  stm32f4xx_tim.o(i.TIM_GetFlagStatus)
    i.TIM_GetITStatus                        0x08015d88   Section        0  stm32f4xx_tim.o(i.TIM_GetITStatus)
    i.TIM_ITConfig                           0x08015daa   Section        0  stm32f4xx_tim.o(i.TIM_ITConfig)
    i.TIM_SetAutoreload                      0x08015dbc   Section        0  stm32f4xx_tim.o(i.TIM_SetAutoreload)
    i.TIM_SetCounter                         0x08015dc0   Section        0  stm32f4xx_tim.o(i.TIM_SetCounter)
    i.TIM_TimeBaseInit                       0x08015dc4   Section        0  stm32f4xx_tim.o(i.TIM_TimeBaseInit)
    i.Timer4_Init                            0x08015e48   Section        0  usmart.o(i.Timer4_Init)
    i.USART1_IRQHandler                      0x08015ea4   Section        0  usart.o(i.USART1_IRQHandler)
    i.USART_Cmd                              0x08015f2c   Section        0  stm32f4xx_usart.o(i.USART_Cmd)
    i.USART_GetITStatus                      0x08015f44   Section        0  stm32f4xx_usart.o(i.USART_GetITStatus)
    i.USART_ITConfig                         0x08015f98   Section        0  stm32f4xx_usart.o(i.USART_ITConfig)
    i.USART_Init                             0x08015fe4   Section        0  stm32f4xx_usart.o(i.USART_Init)
    i.USART_ReceiveData                      0x080160b8   Section        0  stm32f4xx_usart.o(i.USART_ReceiveData)
    i.UsageFault_Handler                     0x080160c2   Section        0  stm32f4xx_it.o(i.UsageFault_Handler)
    i._is_digit                              0x080160c6   Section        0  __printf_wp.o(i._is_digit)
    i._sys_exit                              0x080160d4   Section        0  usart.o(i._sys_exit)
    i.delay_init                             0x080160dc   Section        0  delay.o(i.delay_init)
    i.delay_ms                               0x08016118   Section        0  delay.o(i.delay_ms)
    i.delay_us                               0x08016150   Section        0  delay.o(i.delay_us)
    i.delay_xms                              0x0801619c   Section        0  delay.o(i.delay_xms)
    i.fputc                                  0x080161e8   Section        0  usart.o(i.fputc)
    i.main                                   0x08016204   Section        0  main.o(i.main)
    i.read_addr                              0x080163d4   Section        0  usmart.o(i.read_addr)
    i.uart_init                              0x080163dc   Section        0  usart.o(i.uart_init)
    i.usmart_cmd_rec                         0x08016488   Section        0  usmart.o(i.usmart_cmd_rec)
    i.usmart_exe                             0x08016538   Section        0  usmart.o(i.usmart_exe)
    i.usmart_get_aparm                       0x0801680c   Section        0  usmart_str.o(i.usmart_get_aparm)
    i.usmart_get_cmdname                     0x080168d4   Section        0  usmart_str.o(i.usmart_get_cmdname)
    i.usmart_get_fname                       0x0801690c   Section        0  usmart_str.o(i.usmart_get_fname)
    i.usmart_get_fparam                      0x08016acc   Section        0  usmart_str.o(i.usmart_get_fparam)
    i.usmart_get_parmpos                     0x08016bd8   Section        0  usmart_str.o(i.usmart_get_parmpos)
    i.usmart_get_runtime                     0x08016bf8   Section        0  usmart.o(i.usmart_get_runtime)
    i.usmart_init                            0x08016c3c   Section        0  usmart.o(i.usmart_init)
    i.usmart_pow                             0x08016c64   Section        0  usmart_str.o(i.usmart_pow)
    i.usmart_reset_runtime                   0x08016c7c   Section        0  usmart.o(i.usmart_reset_runtime)
    i.usmart_scan                            0x08016cac   Section        0  usmart.o(i.usmart_scan)
    i.usmart_search_nextc                    0x08016d68   Section        0  usmart_str.o(i.usmart_search_nextc)
    i.usmart_str2num                         0x08016d7e   Section        0  usmart_str.o(i.usmart_str2num)
    i.usmart_strcmp                          0x08016e48   Section        0  usmart_str.o(i.usmart_strcmp)
    i.usmart_strcopy                         0x08016e6a   Section        0  usmart_str.o(i.usmart_strcopy)
    i.usmart_strlen                          0x08016e80   Section        0  usmart_str.o(i.usmart_strlen)
    i.usmart_sys_cmd_exe                     0x08016e98   Section        0  usmart.o(i.usmart_sys_cmd_exe)
    i.write_addr                             0x0801757c   Section        0  usmart.o(i.write_addr)
    x$fpl$dfixu                              0x08017580   Section       90  dfixu.o(x$fpl$dfixu)
    $v0                                      0x08017580   Number         0  dfixu.o(x$fpl$dfixu)
    x$fpl$dfltu                              0x080175da   Section       38  dflt_clz.o(x$fpl$dfltu)
    $v0                                      0x080175da   Number         0  dflt_clz.o(x$fpl$dfltu)
    x$fpl$dmul                               0x08017600   Section      340  dmul.o(x$fpl$dmul)
    $v0                                      0x08017600   Number         0  dmul.o(x$fpl$dmul)
    x$fpl$dnaninf                            0x08017754   Section      156  dnaninf.o(x$fpl$dnaninf)
    $v0                                      0x08017754   Number         0  dnaninf.o(x$fpl$dnaninf)
    x$fpl$dretinf                            0x080177f0   Section       12  dretinf.o(x$fpl$dretinf)
    $v0                                      0x080177f0   Number         0  dretinf.o(x$fpl$dretinf)
    x$fpl$fpinit                             0x080177fc   Section       10  fpinit.o(x$fpl$fpinit)
    $v0                                      0x080177fc   Number         0  fpinit.o(x$fpl$fpinit)
    .constdata                               0x08017806   Section     6080  lcd.o(.constdata)
    x$fpl$usenofp                            0x08017806   Section        0  usenofp.o(x$fpl$usenofp)
    .constdata                               0x08018fc6   Section       40  _printf_hex_int.o(.constdata)
    uc_hextab                                0x08018fc6   Data          20  _printf_hex_int.o(.constdata)
    lc_hextab                                0x08018fda   Data          20  _printf_hex_int.o(.constdata)
    .constdata                               0x08018fee   Section       17  __printf_flags_ss_wp.o(.constdata)
    maptable                                 0x08018fee   Data          17  __printf_flags_ss_wp.o(.constdata)
    .conststring                             0x08019000   Section       40  usmart.o(.conststring)
    .conststring                             0x08019028   Section      298  usmart_config.o(.conststring)
    .data                                    0x20000000   Section        4  lcd.o(.data)
    .data                                    0x20000004   Section        4  rtc.o(.data)
    .data                                    0x20000008   Section        4  delay.o(.data)
    fac_us                                   0x20000008   Data           1  delay.o(.data)
    fac_ms                                   0x2000000a   Data           2  delay.o(.data)
    .data                                    0x2000000c   Section        6  usart.o(.data)
    .data                                    0x20000012   Section       16  stm32f4xx_rcc.o(.data)
    APBAHBPrescTable                         0x20000012   Data          16  stm32f4xx_rcc.o(.data)
    .data                                    0x20000024   Section       28  usmart.o(.data)
    .data                                    0x20000040   Section      308  usmart_config.o(.data)
    .bss                                     0x20000174   Section       14  lcd.o(.bss)
    .bss                                     0x20000182   Section      200  usart.o(.bss)
    .bss                                     0x2000024c   Section       96  libspace.o(.bss)
    HEAP                                     0x200002b0   Section        0  startup_stm32f40_41xxx.o(HEAP)
    STACK                                    0x200002b0   Section     1024  startup_stm32f40_41xxx.o(STACK)
    Heap_Mem                                 0x200002b0   Data           0  startup_stm32f40_41xxx.o(HEAP)
    Stack_Mem                                0x200002b0   Data        1024  startup_stm32f40_41xxx.o(STACK)
    __initial_sp                             0x200006b0   Data           0  startup_stm32f40_41xxx.o(STACK)

    Global Symbols

    Symbol Name                              Value     Ov Type        Size  Object(Section)

    BuildAttributes$$THM_ISAv4$E$P$D$K$B$S$7EM$VFPi3$EXTD16$VFPS$VFMA$PE$A:L22UL41UL21$X:L11$S22US41US21$IEEE1$IW$USESV6$~STKCKD$USESV7$~SHL$OSPACE$ROPI$EBA8$UX$STANDARDLIB$REQ8$PRES8$EABIv2 0x00000000   Number         0  anon$$obj.o ABSOLUTE
    __ARM_use_no_argv                        0x00000000   Number         0  main.o ABSOLUTE
    _printf_flags                            0x00000000   Number         0  printf_stubs.o ABSOLUTE
    _printf_return_value                     0x00000000   Number         0  printf_stubs.o ABSOLUTE
    _printf_sizespec                         0x00000000   Number         0  printf_stubs.o ABSOLUTE
    _printf_widthprec                        0x00000000   Number         0  printf_stubs.o ABSOLUTE
    __ARM_exceptions_init                     - Undefined Weak Reference
    __alloca_initialize                       - Undefined Weak Reference
    __cpp_initialize__aeabi_                  - Undefined Weak Reference
    __cxa_finalize                            - Undefined Weak Reference
    __rt_locale                               - Undefined Weak Reference
    __sigvec_lookup                           - Undefined Weak Reference
    _atexit_init                              - Undefined Weak Reference
    _call_atexit_fns                          - Undefined Weak Reference
    _clock_init                               - Undefined Weak Reference
    _fp_trap_init                             - Undefined Weak Reference
    _fp_trap_shutdown                         - Undefined Weak Reference
    _get_lc_collate                           - Undefined Weak Reference
    _get_lc_ctype                             - Undefined Weak Reference
    _get_lc_monetary                          - Undefined Weak Reference
    _get_lc_numeric                           - Undefined Weak Reference
    _get_lc_time                              - Undefined Weak Reference
    _getenv_init                              - Undefined Weak Reference
    _handle_redirection                       - Undefined Weak Reference
    _init_alloc                               - Undefined Weak Reference
    _init_user_alloc                          - Undefined Weak Reference
    _initio                                   - Undefined Weak Reference
    _mutex_acquire                            - Undefined Weak Reference
    _mutex_release                            - Undefined Weak Reference
    _printf_mbtowc                            - Undefined Weak Reference
    _printf_truncate_signed                   - Undefined Weak Reference
    _printf_truncate_unsigned                 - Undefined Weak Reference
    _rand_init                                - Undefined Weak Reference
    _signal_finish                            - Undefined Weak Reference
    _signal_init                              - Undefined Weak Reference
    _terminate_alloc                          - Undefined Weak Reference
    _terminate_user_alloc                     - Undefined Weak Reference
    _terminateio                              - Undefined Weak Reference
    __Vectors_Size                           0x00000188   Number         0  startup_stm32f40_41xxx.o ABSOLUTE
    __Vectors                                0x08010000   Data           4  startup_stm32f40_41xxx.o(RESET)
    __Vectors_End                            0x08010188   Data           0  startup_stm32f40_41xxx.o(RESET)
    __main                                   0x08010189   Thumb Code     8  __main.o(!!!main)
    __scatterload                            0x08010191   Thumb Code     0  __scatter.o(!!!scatter)
    __scatterload_rt2                        0x08010191   Thumb Code    44  __scatter.o(!!!scatter)
    __scatterload_rt2_thumb_only             0x08010191   Thumb Code     0  __scatter.o(!!!scatter)
    __scatterload_null                       0x0801019f   Thumb Code     0  __scatter.o(!!!scatter)
    __decompress                             0x080101c5   Thumb Code    90  __dczerorl2.o(!!dczerorl2)
    __decompress1                            0x080101c5   Thumb Code     0  __dczerorl2.o(!!dczerorl2)
    __scatterload_zeroinit                   0x08010221   Thumb Code    28  __scatter_zi.o(!!handler_zi)
    _printf_d                                0x0801023d   Thumb Code     0  _printf_d.o(.ARM.Collect$$_printf_percent$$00000009)
    _printf_percent                          0x0801023d   Thumb Code     0  _printf_percent.o(.ARM.Collect$$_printf_percent$$00000000)
    _printf_u                                0x08010243   Thumb Code     0  _printf_u.o(.ARM.Collect$$_printf_percent$$0000000A)
    _printf_x                                0x08010249   Thumb Code     0  _printf_x.o(.ARM.Collect$$_printf_percent$$0000000C)
    _printf_c                                0x0801024f   Thumb Code     0  _printf_c.o(.ARM.Collect$$_printf_percent$$00000013)
    _printf_s                                0x08010255   Thumb Code     0  _printf_s.o(.ARM.Collect$$_printf_percent$$00000014)
    _printf_percent_end                      0x0801025b   Thumb Code     0  _printf_percent_end.o(.ARM.Collect$$_printf_percent$$00000017)
    __rt_lib_init                            0x0801025f   Thumb Code     0  libinit.o(.ARM.Collect$$libinit$$00000000)
    __rt_lib_init_fp_1                       0x08010261   Thumb Code     0  libinit2.o(.ARM.Collect$$libinit$$00000001)
    __rt_lib_init_alloca_1                   0x08010265   Thumb Code     0  libinit2.o(.ARM.Collect$$libinit$$0000002C)
    __rt_lib_init_argv_1                     0x08010265   Thumb Code     0  libinit2.o(.ARM.Collect$$libinit$$0000002A)
    __rt_lib_init_atexit_1                   0x08010265   Thumb Code     0  libinit2.o(.ARM.Collect$$libinit$$00000019)
    __rt_lib_init_clock_1                    0x08010265   Thumb Code     0  libinit2.o(.ARM.Collect$$libinit$$0000001F)
    __rt_lib_init_cpp_1                      0x08010265   Thumb Code     0  libinit2.o(.ARM.Collect$$libinit$$00000030)
    __rt_lib_init_exceptions_1               0x08010265   Thumb Code     0  libinit2.o(.ARM.Collect$$libinit$$0000002E)
    __rt_lib_init_fp_trap_1                  0x08010265   Thumb Code     0  libinit2.o(.ARM.Collect$$libinit$$0000001D)
    __rt_lib_init_getenv_1                   0x08010265   Thumb Code     0  libinit2.o(.ARM.Collect$$libinit$$00000021)
    __rt_lib_init_heap_1                     0x08010265   Thumb Code     0  libinit2.o(.ARM.Collect$$libinit$$00000008)
    __rt_lib_init_lc_collate_1               0x08010265   Thumb Code     0  libinit2.o(.ARM.Collect$$libinit$$0000000F)
    __rt_lib_init_lc_ctype_1                 0x08010265   Thumb Code     0  libinit2.o(.ARM.Collect$$libinit$$00000011)
    __rt_lib_init_lc_monetary_1              0x08010265   Thumb Code     0  libinit2.o(.ARM.Collect$$libinit$$00000013)
    __rt_lib_init_lc_numeric_1               0x08010265   Thumb Code     0  libinit2.o(.ARM.Collect$$libinit$$00000015)
    __rt_lib_init_lc_time_1                  0x08010265   Thumb Code     0  libinit2.o(.ARM.Collect$$libinit$$00000017)
    __rt_lib_init_rand_1                     0x08010265   Thumb Code     0  libinit2.o(.ARM.Collect$$libinit$$0000000C)
    __rt_lib_init_return                     0x08010265   Thumb Code     0  libinit2.o(.ARM.Collect$$libinit$$00000031)
    __rt_lib_init_signal_1                   0x08010265   Thumb Code     0  libinit2.o(.ARM.Collect$$libinit$$0000001B)
    __rt_lib_init_stdio_1                    0x08010265   Thumb Code     0  libinit2.o(.ARM.Collect$$libinit$$00000023)
    __rt_lib_init_user_alloc_1               0x08010265   Thumb Code     0  libinit2.o(.ARM.Collect$$libinit$$0000000A)
    __rt_lib_shutdown                        0x08010267   Thumb Code     0  libshutdown.o(.ARM.Collect$$libshutdown$$00000000)
    __rt_lib_shutdown_fp_trap_1              0x08010269   Thumb Code     0  libshutdown2.o(.ARM.Collect$$libshutdown$$00000006)
    __rt_lib_shutdown_heap_1                 0x08010269   Thumb Code     0  libshutdown2.o(.ARM.Collect$$libshutdown$$0000000E)
    __rt_lib_shutdown_return                 0x08010269   Thumb Code     0  libshutdown2.o(.ARM.Collect$$libshutdown$$0000000F)
    __rt_lib_shutdown_signal_1               0x08010269   Thumb Code     0  libshutdown2.o(.ARM.Collect$$libshutdown$$00000009)
    __rt_lib_shutdown_stdio_1                0x08010269   Thumb Code     0  libshutdown2.o(.ARM.Collect$$libshutdown$$00000003)
    __rt_lib_shutdown_user_alloc_1           0x08010269   Thumb Code     0  libshutdown2.o(.ARM.Collect$$libshutdown$$0000000B)
    __rt_entry                               0x0801026b   Thumb Code     0  rtentry.o(.ARM.Collect$$rtentry$$00000000)
    __rt_entry_presh_1                       0x0801026b   Thumb Code     0  rtentry2.o(.ARM.Collect$$rtentry$$00000002)
    __rt_entry_sh                            0x0801026b   Thumb Code     0  rtentry4.o(.ARM.Collect$$rtentry$$00000004)
    __rt_entry_li                            0x08010271   Thumb Code     0  rtentry2.o(.ARM.Collect$$rtentry$$0000000A)
    __rt_entry_postsh_1                      0x08010271   Thumb Code     0  rtentry2.o(.ARM.Collect$$rtentry$$00000009)
    __rt_entry_main                          0x08010275   Thumb Code     0  rtentry2.o(.ARM.Collect$$rtentry$$0000000D)
    __rt_entry_postli_1                      0x08010275   Thumb Code     0  rtentry2.o(.ARM.Collect$$rtentry$$0000000C)
    __rt_exit                                0x0801027d   Thumb Code     0  rtexit.o(.ARM.Collect$$rtexit$$00000000)
    __rt_exit_ls                             0x0801027f   Thumb Code     0  rtexit2.o(.ARM.Collect$$rtexit$$00000003)
    __rt_exit_prels_1                        0x0801027f   Thumb Code     0  rtexit2.o(.ARM.Collect$$rtexit$$00000002)
    __rt_exit_exit                           0x08010283   Thumb Code     0  rtexit2.o(.ARM.Collect$$rtexit$$00000004)
    Reset_Handler                            0x08010289   Thumb Code     8  startup_stm32f40_41xxx.o(.text)
    ADC_IRQHandler                           0x080102a3   Thumb Code     0  startup_stm32f40_41xxx.o(.text)
    CAN1_RX0_IRQHandler                      0x080102a3   Thumb Code     0  startup_stm32f40_41xxx.o(.text)
    CAN1_RX1_IRQHandler                      0x080102a3   Thumb Code     0  startup_stm32f40_41xxx.o(.text)
    CAN1_SCE_IRQHandler                      0x080102a3   Thumb Code     0  startup_stm32f40_41xxx.o(.text)
    CAN1_TX_IRQHandler                       0x080102a3   Thumb Code     0  startup_stm32f40_41xxx.o(.text)
    CAN2_RX0_IRQHandler                      0x080102a3   Thumb Code     0  startup_stm32f40_41xxx.o(.text)
    CAN2_RX1_IRQHandler                      0x080102a3   Thumb Code     0  startup_stm32f40_41xxx.o(.text)
    CAN2_SCE_IRQHandler                      0x080102a3   Thumb Code     0  startup_stm32f40_41xxx.o(.text)
    CAN2_TX_IRQHandler                       0x080102a3   Thumb Code     0  startup_stm32f40_41xxx.o(.text)
    CRYP_IRQHandler                          0x080102a3   Thumb Code     0  startup_stm32f40_41xxx.o(.text)
    DCMI_IRQHandler                          0x080102a3   Thumb Code     0  startup_stm32f40_41xxx.o(.text)
    DMA1_Stream0_IRQHandler                  0x080102a3   Thumb Code     0  startup_stm32f40_41xxx.o(.text)
    DMA1_Stream1_IRQHandler                  0x080102a3   Thumb Code     0  startup_stm32f40_41xxx.o(.text)
    DMA1_Stream2_IRQHandler                  0x080102a3   Thumb Code     0  startup_stm32f40_41xxx.o(.text)
    DMA1_Stream3_IRQHandler                  0x080102a3   Thumb Code     0  startup_stm32f40_41xxx.o(.text)
    DMA1_Stream4_IRQHandler                  0x080102a3   Thumb Code     0  startup_stm32f40_41xxx.o(.text)
    DMA1_Stream5_IRQHandler                  0x080102a3   Thumb Code     0  startup_stm32f40_41xxx.o(.text)
    DMA1_Stream6_IRQHandler                  0x080102a3   Thumb Code     0  startup_stm32f40_41xxx.o(.text)
    DMA1_Stream7_IRQHandler                  0x080102a3   Thumb Code     0  startup_stm32f40_41xxx.o(.text)
    DMA2_Stream0_IRQHandler                  0x080102a3   Thumb Code     0  startup_stm32f40_41xxx.o(.text)
    DMA2_Stream1_IRQHandler                  0x080102a3   Thumb Code     0  startup_stm32f40_41xxx.o(.text)
    DMA2_Stream2_IRQHandler                  0x080102a3   Thumb Code     0  startup_stm32f40_41xxx.o(.text)
    DMA2_Stream3_IRQHandler                  0x080102a3   Thumb Code     0  startup_stm32f40_41xxx.o(.text)
    DMA2_Stream4_IRQHandler                  0x080102a3   Thumb Code     0  startup_stm32f40_41xxx.o(.text)
    DMA2_Stream5_IRQHandler                  0x080102a3   Thumb Code     0  startup_stm32f40_41xxx.o(.text)
    DMA2_Stream6_IRQHandler                  0x080102a3   Thumb Code     0  startup_stm32f40_41xxx.o(.text)
    DMA2_Stream7_IRQHandler                  0x080102a3   Thumb Code     0  startup_stm32f40_41xxx.o(.text)
    ETH_IRQHandler                           0x080102a3   Thumb Code     0  startup_stm32f40_41xxx.o(.text)
    ETH_WKUP_IRQHandler                      0x080102a3   Thumb Code     0  startup_stm32f40_41xxx.o(.text)
    EXTI15_10_IRQHandler                     0x080102a3   Thumb Code     0  startup_stm32f40_41xxx.o(.text)
    EXTI1_IRQHandler                         0x080102a3   Thumb Code     0  startup_stm32f40_41xxx.o(.text)
    EXTI2_IRQHandler                         0x080102a3   Thumb Code     0  startup_stm32f40_41xxx.o(.text)
    EXTI3_IRQHandler                         0x080102a3   Thumb Code     0  startup_stm32f40_41xxx.o(.text)
    EXTI4_IRQHandler                         0x080102a3   Thumb Code     0  startup_stm32f40_41xxx.o(.text)
    EXTI9_5_IRQHandler                       0x080102a3   Thumb Code     0  startup_stm32f40_41xxx.o(.text)
    FLASH_IRQHandler                         0x080102a3   Thumb Code     0  startup_stm32f40_41xxx.o(.text)
    FPU_IRQHandler                           0x080102a3   Thumb Code     0  startup_stm32f40_41xxx.o(.text)
    FSMC_IRQHandler                          0x080102a3   Thumb Code     0  startup_stm32f40_41xxx.o(.text)
    HASH_RNG_IRQHandler                      0x080102a3   Thumb Code     0  startup_stm32f40_41xxx.o(.text)
    I2C1_ER_IRQHandler                       0x080102a3   Thumb Code     0  startup_stm32f40_41xxx.o(.text)
    I2C1_EV_IRQHandler                       0x080102a3   Thumb Code     0  startup_stm32f40_41xxx.o(.text)
    I2C2_ER_IRQHandler                       0x080102a3   Thumb Code     0  startup_stm32f40_41xxx.o(.text)
    I2C2_EV_IRQHandler                       0x080102a3   Thumb Code     0  startup_stm32f40_41xxx.o(.text)
    I2C3_ER_IRQHandler                       0x080102a3   Thumb Code     0  startup_stm32f40_41xxx.o(.text)
    I2C3_EV_IRQHandler                       0x080102a3   Thumb Code     0  startup_stm32f40_41xxx.o(.text)
    OTG_FS_IRQHandler                        0x080102a3   Thumb Code     0  startup_stm32f40_41xxx.o(.text)
    OTG_FS_WKUP_IRQHandler                   0x080102a3   Thumb Code     0  startup_stm32f40_41xxx.o(.text)
    OTG_HS_EP1_IN_IRQHandler                 0x080102a3   Thumb Code     0  startup_stm32f40_41xxx.o(.text)
    OTG_HS_EP1_OUT_IRQHandler                0x080102a3   Thumb Code     0  startup_stm32f40_41xxx.o(.text)
    OTG_HS_IRQHandler                        0x080102a3   Thumb Code     0  startup_stm32f40_41xxx.o(.text)
    OTG_HS_WKUP_IRQHandler                   0x080102a3   Thumb Code     0  startup_stm32f40_41xxx.o(.text)
    PVD_IRQHandler                           0x080102a3   Thumb Code     0  startup_stm32f40_41xxx.o(.text)
    RCC_IRQHandler                           0x080102a3   Thumb Code     0  startup_stm32f40_41xxx.o(.text)
    SDIO_IRQHandler                          0x080102a3   Thumb Code     0  startup_stm32f40_41xxx.o(.text)
    SPI1_IRQHandler                          0x080102a3   Thumb Code     0  startup_stm32f40_41xxx.o(.text)
    SPI2_IRQHandler                          0x080102a3   Thumb Code     0  startup_stm32f40_41xxx.o(.text)
    SPI3_IRQHandler                          0x080102a3   Thumb Code     0  startup_stm32f40_41xxx.o(.text)
    TAMP_STAMP_IRQHandler                    0x080102a3   Thumb Code     0  startup_stm32f40_41xxx.o(.text)
    TIM1_BRK_TIM9_IRQHandler                 0x080102a3   Thumb Code     0  startup_stm32f40_41xxx.o(.text)
    TIM1_CC_IRQHandler                       0x080102a3   Thumb Code     0  startup_stm32f40_41xxx.o(.text)
    TIM1_TRG_COM_TIM11_IRQHandler            0x080102a3   Thumb Code     0  startup_stm32f40_41xxx.o(.text)
    TIM1_UP_TIM10_IRQHandler                 0x080102a3   Thumb Code     0  startup_stm32f40_41xxx.o(.text)
    TIM2_IRQHandler                          0x080102a3   Thumb Code     0  startup_stm32f40_41xxx.o(.text)
    TIM3_IRQHandler                          0x080102a3   Thumb Code     0  startup_stm32f40_41xxx.o(.text)
    TIM5_IRQHandler                          0x080102a3   Thumb Code     0  startup_stm32f40_41xxx.o(.text)
    TIM6_DAC_IRQHandler                      0x080102a3   Thumb Code     0  startup_stm32f40_41xxx.o(.text)
    TIM7_IRQHandler                          0x080102a3   Thumb Code     0  startup_stm32f40_41xxx.o(.text)
    TIM8_BRK_TIM12_IRQHandler                0x080102a3   Thumb Code     0  startup_stm32f40_41xxx.o(.text)
    TIM8_CC_IRQHandler                       0x080102a3   Thumb Code     0  startup_stm32f40_41xxx.o(.text)
    TIM8_TRG_COM_TIM14_IRQHandler            0x080102a3   Thumb Code     0  startup_stm32f40_41xxx.o(.text)
    TIM8_UP_TIM13_IRQHandler                 0x080102a3   Thumb Code     0  startup_stm32f40_41xxx.o(.text)
    UART4_IRQHandler                         0x080102a3   Thumb Code     0  startup_stm32f40_41xxx.o(.text)
    UART5_IRQHandler                         0x080102a3   Thumb Code     0  startup_stm32f40_41xxx.o(.text)
    USART2_IRQHandler                        0x080102a3   Thumb Code     0  startup_stm32f40_41xxx.o(.text)
    USART3_IRQHandler                        0x080102a3   Thumb Code     0  startup_stm32f40_41xxx.o(.text)
    USART6_IRQHandler                        0x080102a3   Thumb Code     0  startup_stm32f40_41xxx.o(.text)
    WWDG_IRQHandler                          0x080102a3   Thumb Code     0  startup_stm32f40_41xxx.o(.text)
    __user_initial_stackheap                 0x080102a5   Thumb Code     0  startup_stm32f40_41xxx.o(.text)
    __use_no_semihosting                     0x080102c5   Thumb Code     2  use_no_semi_2.o(.text)
    __2printf                                0x080102c9   Thumb Code    20  noretval__2printf.o(.text)
    __2sprintf                               0x080102e1   Thumb Code    34  noretval__2sprintf.o(.text)
    _printf_pre_padding                      0x08010309   Thumb Code    44  _printf_pad.o(.text)
    _printf_post_padding                     0x08010335   Thumb Code    34  _printf_pad.o(.text)
    _printf_str                              0x08010357   Thumb Code    82  _printf_str.o(.text)
    _printf_int_dec                          0x080103a9   Thumb Code   100  _printf_dec.o(.text)
    _printf_int_hex                          0x0801041d   Thumb Code    84  _printf_hex_int.o(.text)
    _printf_longlong_hex                     0x0801041d   Thumb Code     0  _printf_hex_int.o(.text)
    __printf                                 0x08010475   Thumb Code   388  __printf_flags_ss_wp.o(.text)
    __use_two_region_memory                  0x080105fd   Thumb Code     2  heapauxi.o(.text)
    __rt_heap_escrow$2region                 0x080105ff   Thumb Code     2  heapauxi.o(.text)
    __rt_heap_expand$2region                 0x08010601   Thumb Code     2  heapauxi.o(.text)
    __I$use$semihosting                      0x08010603   Thumb Code     0  use_no_semi.o(.text)
    __use_no_semihosting_swi                 0x08010603   Thumb Code     2  use_no_semi.o(.text)
    _printf_int_common                       0x08010605   Thumb Code   178  _printf_intcommon.o(.text)
    _printf_char_common                      0x080106c3   Thumb Code    32  _printf_char_common.o(.text)
    _sputc                                   0x080106e9   Thumb Code    10  _sputc.o(.text)
    _printf_cs_common                        0x080106f3   Thumb Code    20  _printf_char.o(.text)
    _printf_char                             0x08010707   Thumb Code    16  _printf_char.o(.text)
    _printf_string                           0x08010717   Thumb Code     8  _printf_char.o(.text)
    _printf_char_file                        0x08010721   Thumb Code    32  _printf_char_file.o(.text)
    ferror                                   0x08010745   Thumb Code     8  ferror.o(.text)
    __user_setup_stackheap                   0x0801074d   Thumb Code    74  sys_stackheap_outer.o(.text)
    exit                                     0x08010797   Thumb Code    12  exit.o(.text)
    __user_libspace                          0x080107a5   Thumb Code     8  libspace.o(.text)
    __user_perproc_libspace                  0x080107a5   Thumb Code     0  libspace.o(.text)
    __user_perthread_libspace                0x080107a5   Thumb Code     0  libspace.o(.text)
    BusFault_Handler                         0x080107ad   Thumb Code     4  stm32f4xx_it.o(i.BusFault_Handler)
    DebugMon_Handler                         0x080107b1   Thumb Code     2  stm32f4xx_it.o(i.DebugMon_Handler)
    EXTI0_IRQHandler                         0x080107b5   Thumb Code    42  exit.o(i.EXTI0_IRQHandler)
    EXTIX_Init                               0x080107e9   Thumb Code    82  exit.o(i.EXTIX_Init)
    EXTI_ClearITPendingBit                   0x0801083d   Thumb Code     6  stm32f4xx_exti.o(i.EXTI_ClearITPendingBit)
    EXTI_Init                                0x08010849   Thumb Code   142  stm32f4xx_exti.o(i.EXTI_Init)
    FSMC_NORSRAMCmd                          0x080108dd   Thumb Code    46  stm32f4xx_fsmc.o(i.FSMC_NORSRAMCmd)
    FSMC_NORSRAMInit                         0x08010911   Thumb Code   230  stm32f4xx_fsmc.o(i.FSMC_NORSRAMInit)
    GPIO_Init                                0x080109f7   Thumb Code   144  stm32f4xx_gpio.o(i.GPIO_Init)
    GPIO_PinAFConfig                         0x08010a87   Thumb Code    70  stm32f4xx_gpio.o(i.GPIO_PinAFConfig)
    GPIO_ReadInputDataBit                    0x08010acd   Thumb Code    18  stm32f4xx_gpio.o(i.GPIO_ReadInputDataBit)
    GPIO_SetBits                             0x08010adf   Thumb Code     4  stm32f4xx_gpio.o(i.GPIO_SetBits)
    HardFault_Handler                        0x08010ae3   Thumb Code     4  stm32f4xx_it.o(i.HardFault_Handler)
    KEY_Init                                 0x08010ae9   Thumb Code    60  key.o(i.KEY_Init)
    LCD_Clear                                0x08010b2d   Thumb Code   100  lcd.o(i.LCD_Clear)
    LCD_Display_Dir                          0x08010b99   Thumb Code   444  lcd.o(i.LCD_Display_Dir)
    LCD_Fast_DrawPoint                       0x08010d59   Thumb Code   374  lcd.o(i.LCD_Fast_DrawPoint)
    LCD_Init                                 0x08010ed9   Thumb Code 14696  lcd.o(i.LCD_Init)
    LCD_RD_DATA                              0x08014849   Thumb Code    14  lcd.o(i.LCD_RD_DATA)
    LCD_ReadReg                              0x0801485d   Thumb Code    22  lcd.o(i.LCD_ReadReg)
    LCD_SSD_BackLightSet                     0x08014875   Thumb Code    88  lcd.o(i.LCD_SSD_BackLightSet)
    LCD_Scan_Dir                             0x080148d5   Thumb Code   744  lcd.o(i.LCD_Scan_Dir)
    LCD_SetCursor                            0x08014bc1   Thumb Code   418  lcd.o(i.LCD_SetCursor)
    LCD_ShowChar                             0x08014d69   Thumb Code   272  lcd.o(i.LCD_ShowChar)
    LCD_ShowString                           0x08014e91   Thumb Code   102  lcd.o(i.LCD_ShowString)
    LCD_WR_DATA                              0x08014ef9   Thumb Code    18  lcd.o(i.LCD_WR_DATA)
    LCD_WR_REG                               0x08014f11   Thumb Code    18  lcd.o(i.LCD_WR_REG)
    LCD_WriteRAM_Prepare                     0x08014f29   Thumb Code    10  lcd.o(i.LCD_WriteRAM_Prepare)
    LCD_WriteReg                             0x08014f3d   Thumb Code    14  lcd.o(i.LCD_WriteReg)
    LED_Init                                 0x08014f51   Thumb Code    60  led.o(i.LED_Init)
    MemManage_Handler                        0x08014f91   Thumb Code     4  stm32f4xx_it.o(i.MemManage_Handler)
    My_RTC_Init                              0x08014f95   Thumb Code   138  rtc.o(i.My_RTC_Init)
    NMI_Handler                              0x0801501f   Thumb Code     2  stm32f4xx_it.o(i.NMI_Handler)
    NVIC_Init                                0x08015021   Thumb Code   106  misc.o(i.NVIC_Init)
    NVIC_PriorityGroupConfig                 0x08015099   Thumb Code    10  misc.o(i.NVIC_PriorityGroupConfig)
    PWR_BackupAccessCmd                      0x080150ad   Thumb Code     6  stm32f4xx_pwr.o(i.PWR_BackupAccessCmd)
    PendSV_Handler                           0x080150b9   Thumb Code     2  stm32f4xx_it.o(i.PendSV_Handler)
    RCC_AHB1PeriphClockCmd                   0x080150bd   Thumb Code    26  stm32f4xx_rcc.o(i.RCC_AHB1PeriphClockCmd)
    RCC_AHB3PeriphClockCmd                   0x080150dd   Thumb Code    26  stm32f4xx_rcc.o(i.RCC_AHB3PeriphClockCmd)
    RCC_APB1PeriphClockCmd                   0x080150fd   Thumb Code    26  stm32f4xx_rcc.o(i.RCC_APB1PeriphClockCmd)
    RCC_APB2PeriphClockCmd                   0x0801511d   Thumb Code    26  stm32f4xx_rcc.o(i.RCC_APB2PeriphClockCmd)
    RCC_GetClocksFreq                        0x0801513d   Thumb Code   214  stm32f4xx_rcc.o(i.RCC_GetClocksFreq)
    RCC_GetFlagStatus                        0x08015225   Thumb Code    60  stm32f4xx_rcc.o(i.RCC_GetFlagStatus)
    RCC_LSEConfig                            0x08015265   Thumb Code    40  stm32f4xx_rcc.o(i.RCC_LSEConfig)
    RCC_RTCCLKCmd                            0x08015291   Thumb Code     6  stm32f4xx_rcc.o(i.RCC_RTCCLKCmd)
    RCC_RTCCLKConfig                         0x0801529d   Thumb Code    50  stm32f4xx_rcc.o(i.RCC_RTCCLKConfig)
    RTC_AlarmCmd                             0x080152d9   Thumb Code   112  stm32f4xx_rtc.o(i.RTC_AlarmCmd)
    RTC_Alarm_IRQHandler                     0x0801534d   Thumb Code    36  rtc.o(i.RTC_Alarm_IRQHandler)
    RTC_ClearFlag                            0x080153b1   Thumb Code    24  stm32f4xx_rtc.o(i.RTC_ClearFlag)
    RTC_ClearITPendingBit                    0x080153cd   Thumb Code    28  stm32f4xx_rtc.o(i.RTC_ClearITPendingBit)
    RTC_EnterInitMode                        0x080153ed   Thumb Code    76  stm32f4xx_rtc.o(i.RTC_EnterInitMode)
    RTC_ExitInitMode                         0x0801543d   Thumb Code    14  stm32f4xx_rtc.o(i.RTC_ExitInitMode)
    RTC_GetDate                              0x08015451   Thumb Code    68  stm32f4xx_rtc.o(i.RTC_GetDate)
    RTC_GetFlagStatus                        0x0801549d   Thumb Code    32  stm32f4xx_rtc.o(i.RTC_GetFlagStatus)
    RTC_GetTime                              0x080154c5   Thumb Code    72  stm32f4xx_rtc.o(i.RTC_GetTime)
    RTC_ITConfig                             0x08015515   Thumb Code    94  stm32f4xx_rtc.o(i.RTC_ITConfig)
    RTC_Init                                 0x08015579   Thumb Code    94  stm32f4xx_rtc.o(i.RTC_Init)
    RTC_ReadBackupRegister                   0x080155dd   Thumb Code    26  stm32f4xx_rtc.o(i.RTC_ReadBackupRegister)
    RTC_SetAlarm                             0x080155fd   Thumb Code   230  stm32f4xx_rtc.o(i.RTC_SetAlarm)
    RTC_SetDate                              0x080156e9   Thumb Code   190  stm32f4xx_rtc.o(i.RTC_SetDate)
    RTC_SetTime                              0x080157b1   Thumb Code   198  stm32f4xx_rtc.o(i.RTC_SetTime)
    RTC_SetWakeUpCounter                     0x08015881   Thumb Code    22  stm32f4xx_rtc.o(i.RTC_SetWakeUpCounter)
    RTC_Set_AlarmA                           0x0801589d   Thumb Code   158  rtc.o(i.RTC_Set_AlarmA)
    RTC_Set_Date                             0x08015941   Thumb Code    36  rtc.o(i.RTC_Set_Date)
    RTC_Set_Time                             0x08015965   Thumb Code    36  rtc.o(i.RTC_Set_Time)
    RTC_Set_WakeUp                           0x08015989   Thumb Code   108  rtc.o(i.RTC_Set_WakeUp)
    RTC_WKUP_IRQHandler                      0x080159f9   Thumb Code    46  rtc.o(i.RTC_WKUP_IRQHandler)
    RTC_WaitForSynchro                       0x08015a2d   Thumb Code    92  stm32f4xx_rtc.o(i.RTC_WaitForSynchro)
    RTC_WakeUpClockConfig                    0x08015a8d   Thumb Code    42  stm32f4xx_rtc.o(i.RTC_WakeUpClockConfig)
    RTC_WakeUpCmd                            0x08015abd   Thumb Code   116  stm32f4xx_rtc.o(i.RTC_WakeUpCmd)
    RTC_WriteBackupRegister                  0x08015b35   Thumb Code    24  stm32f4xx_rtc.o(i.RTC_WriteBackupRegister)
    SVC_Handler                              0x08015b51   Thumb Code     2  stm32f4xx_it.o(i.SVC_Handler)
    SYSCFG_EXTILineConfig                    0x08015b55   Thumb Code    60  stm32f4xx_syscfg.o(i.SYSCFG_EXTILineConfig)
    SysTick_CLKSourceConfig                  0x08015c81   Thumb Code    40  misc.o(i.SysTick_CLKSourceConfig)
    SysTick_Handler                          0x08015ca9   Thumb Code     2  stm32f4xx_it.o(i.SysTick_Handler)
    SystemInit                               0x08015cad   Thumb Code    88  system_stm32f4xx.o(i.SystemInit)
    TIM4_IRQHandler                          0x08015d15   Thumb Code    46  usmart.o(i.TIM4_IRQHandler)
    TIM_ClearFlag                            0x08015d4d   Thumb Code     6  stm32f4xx_tim.o(i.TIM_ClearFlag)
    TIM_ClearITPendingBit                    0x08015d53   Thumb Code     6  stm32f4xx_tim.o(i.TIM_ClearITPendingBit)
    TIM_Cmd                                  0x08015d59   Thumb Code    24  stm32f4xx_tim.o(i.TIM_Cmd)
    TIM_GetCounter                           0x08015d71   Thumb Code     6  stm32f4xx_tim.o(i.TIM_GetCounter)
    TIM_GetFlagStatus                        0x08015d77   Thumb Code    18  stm32f4xx_tim.o(i.TIM_GetFlagStatus)
    TIM_GetITStatus                          0x08015d89   Thumb Code    34  stm32f4xx_tim.o(i.TIM_GetITStatus)
    TIM_ITConfig                             0x08015dab   Thumb Code    18  stm32f4xx_tim.o(i.TIM_ITConfig)
    TIM_SetAutoreload                        0x08015dbd   Thumb Code     4  stm32f4xx_tim.o(i.TIM_SetAutoreload)
    TIM_SetCounter                           0x08015dc1   Thumb Code     4  stm32f4xx_tim.o(i.TIM_SetCounter)
    TIM_TimeBaseInit                         0x08015dc5   Thumb Code   104  stm32f4xx_tim.o(i.TIM_TimeBaseInit)
    Timer4_Init                              0x08015e49   Thumb Code    86  usmart.o(i.Timer4_Init)
    USART1_IRQHandler                        0x08015ea5   Thumb Code   122  usart.o(i.USART1_IRQHandler)
    USART_Cmd                                0x08015f2d   Thumb Code    24  stm32f4xx_usart.o(i.USART_Cmd)
    USART_GetITStatus                        0x08015f45   Thumb Code    84  stm32f4xx_usart.o(i.USART_GetITStatus)
    USART_ITConfig                           0x08015f99   Thumb Code    74  stm32f4xx_usart.o(i.USART_ITConfig)
    USART_Init                               0x08015fe5   Thumb Code   204  stm32f4xx_usart.o(i.USART_Init)
    USART_ReceiveData                        0x080160b9   Thumb Code    10  stm32f4xx_usart.o(i.USART_ReceiveData)
    UsageFault_Handler                       0x080160c3   Thumb Code     4  stm32f4xx_it.o(i.UsageFault_Handler)
    _is_digit                                0x080160c7   Thumb Code    14  __printf_wp.o(i._is_digit)
    _sys_exit                                0x080160d5   Thumb Code     6  usart.o(i._sys_exit)
    delay_init                               0x080160dd   Thumb Code    52  delay.o(i.delay_init)
    delay_ms                                 0x08016119   Thumb Code    56  delay.o(i.delay_ms)
    delay_us                                 0x08016151   Thumb Code    72  delay.o(i.delay_us)
    delay_xms                                0x0801619d   Thumb Code    72  delay.o(i.delay_xms)
    fputc                                    0x080161e9   Thumb Code    22  usart.o(i.fputc)
    main                                     0x08016205   Thumb Code   338  main.o(i.main)
    read_addr                                0x080163d5   Thumb Code     6  usmart.o(i.read_addr)
    uart_init                                0x080163dd   Thumb Code   164  usart.o(i.uart_init)
    usmart_cmd_rec                           0x08016489   Thumb Code   170  usmart.o(i.usmart_cmd_rec)
    usmart_exe                               0x08016539   Thumb Code   632  usmart.o(i.usmart_exe)
    usmart_get_aparm                         0x0801680d   Thumb Code   200  usmart_str.o(i.usmart_get_aparm)
    usmart_get_cmdname                       0x080168d5   Thumb Code    54  usmart_str.o(i.usmart_get_cmdname)
    usmart_get_fname                         0x0801690d   Thumb Code   440  usmart_str.o(i.usmart_get_fname)
    usmart_get_fparam                        0x08016acd   Thumb Code   262  usmart_str.o(i.usmart_get_fparam)
    usmart_get_parmpos                       0x08016bd9   Thumb Code    26  usmart_str.o(i.usmart_get_parmpos)
    usmart_get_runtime                       0x08016bf9   Thumb Code    60  usmart.o(i.usmart_get_runtime)
    usmart_init                              0x08016c3d   Thumb Code    36  usmart.o(i.usmart_init)
    usmart_pow                               0x08016c65   Thumb Code    22  usmart_str.o(i.usmart_pow)
    usmart_reset_runtime                     0x08016c7d   Thumb Code    38  usmart.o(i.usmart_reset_runtime)
    usmart_scan                              0x08016cad   Thumb Code   120  usmart.o(i.usmart_scan)
    usmart_search_nextc                      0x08016d69   Thumb Code    22  usmart_str.o(i.usmart_search_nextc)
    usmart_str2num                           0x08016d7f   Thumb Code   202  usmart_str.o(i.usmart_str2num)
    usmart_strcmp                            0x08016e49   Thumb Code    34  usmart_str.o(i.usmart_strcmp)
    usmart_strcopy                           0x08016e6b   Thumb Code    22  usmart_str.o(i.usmart_strcopy)
    usmart_strlen                            0x08016e81   Thumb Code    24  usmart_str.o(i.usmart_strlen)
    usmart_sys_cmd_exe                       0x08016e99   Thumb Code  1554  usmart.o(i.usmart_sys_cmd_exe)
    write_addr                               0x0801757d   Thumb Code     4  usmart.o(i.write_addr)
    __aeabi_d2uiz                            0x08017581   Thumb Code     0  dfixu.o(x$fpl$dfixu)
    _dfixu                                   0x08017581   Thumb Code    90  dfixu.o(x$fpl$dfixu)
    __aeabi_ui2d                             0x080175db   Thumb Code     0  dflt_clz.o(x$fpl$dfltu)
    _dfltu                                   0x080175db   Thumb Code    38  dflt_clz.o(x$fpl$dfltu)
    __aeabi_dmul                             0x08017601   Thumb Code     0  dmul.o(x$fpl$dmul)
    _dmul                                    0x08017601   Thumb Code   332  dmul.o(x$fpl$dmul)
    __fpl_dnaninf                            0x08017755   Thumb Code   156  dnaninf.o(x$fpl$dnaninf)
    __fpl_dretinf                            0x080177f1   Thumb Code    12  dretinf.o(x$fpl$dretinf)
    _fp_init                                 0x080177fd   Thumb Code    10  fpinit.o(x$fpl$fpinit)
    __fplib_config_fpu_vfp                   0x08017805   Thumb Code     0  fpinit.o(x$fpl$fpinit)
    __fplib_config_pureend_doubles           0x08017805   Thumb Code     0  fpinit.o(x$fpl$fpinit)
    __I$use$fp                               0x08017806   Number         0  usenofp.o(x$fpl$usenofp)
    asc2_1206                                0x08017806   Data        1140  lcd.o(.constdata)
    asc2_1608                                0x08017c7a   Data        1520  lcd.o(.constdata)
    asc2_2412                                0x0801826a   Data        3420  lcd.o(.constdata)
    Region$$Table$$Base                      0x08019154   Number         0  anon$$obj.o(Region$$Table)
    Region$$Table$$Limit                     0x08019174   Number         0  anon$$obj.o(Region$$Table)
    POINT_COLOR                              0x20000000   Data           2  lcd.o(.data)
    BACK_COLOR                               0x20000002   Data           2  lcd.o(.data)
    NVIC_InitStructure                       0x20000004   Data           4  rtc.o(.data)
    __stdout                                 0x2000000c   Data           4  usart.o(.data)
    USART_RX_STA                             0x20000010   Data           2  usart.o(.data)
    sys_cmd_tab                              0x20000024   Data          28  usmart.o(.data)
    usmart_nametab                           0x20000040   Data          64  usmart_config.o(.data)
    usmart_dev                               0x20000080   Data         244  usmart_config.o(.data)
    lcddev                                   0x20000174   Data          14  lcd.o(.bss)
    USART_RX_BUF                             0x20000182   Data         200  usart.o(.bss)
    __libspace_start                         0x2000024c   Data          96  libspace.o(.bss)
    __temporary_stack_top$libspace           0x200002ac   Data           0  libspace.o(.bss)



==============================================================================

Memory Map of the image

  Image Entry point : 0x08010189

  Load Region LR_IROM1 (Base: 0x08010000, Size: 0x000092e8, Max: 0x000f0000, ABSOLUTE, COMPRESSED[0x000091e8])

    Execution Region ER_IROM1 (Base: 0x08010000, Size: 0x00009174, Max: 0x000f0000, ABSOLUTE)

    Base Addr    Size         Type   Attr      Idx    E Section Name        Object

    0x08010000   0x00000188   Data   RO          761    RESET               startup_stm32f40_41xxx.o
    0x08010188   0x00000008   Code   RO         2971  * !!!main             c_w.l(__main.o)
    0x08010190   0x00000034   Code   RO         3159    !!!scatter          c_w.l(__scatter.o)
    0x080101c4   0x0000005a   Code   RO         3157    !!dczerorl2         c_w.l(__dczerorl2.o)
    0x0801021e   0x00000002   PAD
    0x08010220   0x0000001c   Code   RO         3161    !!handler_zi        c_w.l(__scatter_zi.o)
    0x0801023c   0x00000000   Code   RO         2968    .ARM.Collect$$_printf_percent$$00000000  c_w.l(_printf_percent.o)
    0x0801023c   0x00000006   Code   RO         2966    .ARM.Collect$$_printf_percent$$00000009  c_w.l(_printf_d.o)
    0x08010242   0x00000006   Code   RO         2967    .ARM.Collect$$_printf_percent$$0000000A  c_w.l(_printf_u.o)
    0x08010248   0x00000006   Code   RO         2965    .ARM.Collect$$_printf_percent$$0000000C  c_w.l(_printf_x.o)
    0x0801024e   0x00000006   Code   RO         2963    .ARM.Collect$$_printf_percent$$00000013  c_w.l(_printf_c.o)
    0x08010254   0x00000006   Code   RO         2964    .ARM.Collect$$_printf_percent$$00000014  c_w.l(_printf_s.o)
    0x0801025a   0x00000004   Code   RO         2998    .ARM.Collect$$_printf_percent$$00000017  c_w.l(_printf_percent_end.o)
    0x0801025e   0x00000002   Code   RO         3034    .ARM.Collect$$libinit$$00000000  c_w.l(libinit.o)
    0x08010260   0x00000004   Code   RO         3040    .ARM.Collect$$libinit$$00000001  c_w.l(libinit2.o)
    0x08010264   0x00000000   Code   RO         3044    .ARM.Collect$$libinit$$00000008  c_w.l(libinit2.o)
    0x08010264   0x00000000   Code   RO         3046    .ARM.Collect$$libinit$$0000000A  c_w.l(libinit2.o)
    0x08010264   0x00000000   Code   RO         3048    .ARM.Collect$$libinit$$0000000C  c_w.l(libinit2.o)
    0x08010264   0x00000000   Code   RO         3051    .ARM.Collect$$libinit$$0000000F  c_w.l(libinit2.o)
    0x08010264   0x00000000   Code   RO         3053    .ARM.Collect$$libinit$$00000011  c_w.l(libinit2.o)
    0x08010264   0x00000000   Code   RO         3055    .ARM.Collect$$libinit$$00000013  c_w.l(libinit2.o)
    0x08010264   0x00000000   Code   RO         3057    .ARM.Collect$$libinit$$00000015  c_w.l(libinit2.o)
    0x08010264   0x00000000   Code   RO         3059    .ARM.Collect$$libinit$$00000017  c_w.l(libinit2.o)
    0x08010264   0x00000000   Code   RO         3061    .ARM.Collect$$libinit$$00000019  c_w.l(libinit2.o)
    0x08010264   0x00000000   Code   RO         3063    .ARM.Collect$$libinit$$0000001B  c_w.l(libinit2.o)
    0x08010264   0x00000000   Code   RO         3065    .ARM.Collect$$libinit$$0000001D  c_w.l(libinit2.o)
    0x08010264   0x00000000   Code   RO         3067    .ARM.Collect$$libinit$$0000001F  c_w.l(libinit2.o)
    0x08010264   0x00000000   Code   RO         3069    .ARM.Collect$$libinit$$00000021  c_w.l(libinit2.o)
    0x08010264   0x00000000   Code   RO         3071    .ARM.Collect$$libinit$$00000023  c_w.l(libinit2.o)
    0x08010264   0x00000000   Code   RO         3075    .ARM.Collect$$libinit$$0000002A  c_w.l(libinit2.o)
    0x08010264   0x00000000   Code   RO         3077    .ARM.Collect$$libinit$$0000002C  c_w.l(libinit2.o)
    0x08010264   0x00000000   Code   RO         3079    .ARM.Collect$$libinit$$0000002E  c_w.l(libinit2.o)
    0x08010264   0x00000000   Code   RO         3081    .ARM.Collect$$libinit$$00000030  c_w.l(libinit2.o)
    0x08010264   0x00000002   Code   RO         3082    .ARM.Collect$$libinit$$00000031  c_w.l(libinit2.o)
    0x08010266   0x00000002   Code   RO         3100    .ARM.Collect$$libshutdown$$00000000  c_w.l(libshutdown.o)
    0x08010268   0x00000000   Code   RO         3111    .ARM.Collect$$libshutdown$$00000003  c_w.l(libshutdown2.o)
    0x08010268   0x00000000   Code   RO         3114    .ARM.Collect$$libshutdown$$00000006  c_w.l(libshutdown2.o)
    0x08010268   0x00000000   Code   RO         3117    .ARM.Collect$$libshutdown$$00000009  c_w.l(libshutdown2.o)
    0x08010268   0x00000000   Code   RO         3119    .ARM.Collect$$libshutdown$$0000000B  c_w.l(libshutdown2.o)
    0x08010268   0x00000000   Code   RO         3122    .ARM.Collect$$libshutdown$$0000000E  c_w.l(libshutdown2.o)
    0x08010268   0x00000002   Code   RO         3123    .ARM.Collect$$libshutdown$$0000000F  c_w.l(libshutdown2.o)
    0x0801026a   0x00000000   Code   RO         2987    .ARM.Collect$$rtentry$$00000000  c_w.l(rtentry.o)
    0x0801026a   0x00000000   Code   RO         3005    .ARM.Collect$$rtentry$$00000002  c_w.l(rtentry2.o)
    0x0801026a   0x00000006   Code   RO         3017    .ARM.Collect$$rtentry$$00000004  c_w.l(rtentry4.o)
    0x08010270   0x00000000   Code   RO         3007    .ARM.Collect$$rtentry$$00000009  c_w.l(rtentry2.o)
    0x08010270   0x00000004   Code   RO         3008    .ARM.Collect$$rtentry$$0000000A  c_w.l(rtentry2.o)
    0x08010274   0x00000000   Code   RO         3010    .ARM.Collect$$rtentry$$0000000C  c_w.l(rtentry2.o)
    0x08010274   0x00000008   Code   RO         3011    .ARM.Collect$$rtentry$$0000000D  c_w.l(rtentry2.o)
    0x0801027c   0x00000002   Code   RO         3038    .ARM.Collect$$rtexit$$00000000  c_w.l(rtexit.o)
    0x0801027e   0x00000000   Code   RO         3084    .ARM.Collect$$rtexit$$00000002  c_w.l(rtexit2.o)
    0x0801027e   0x00000004   Code   RO         3085    .ARM.Collect$$rtexit$$00000003  c_w.l(rtexit2.o)
    0x08010282   0x00000006   Code   RO         3086    .ARM.Collect$$rtexit$$00000004  c_w.l(rtexit2.o)
    0x08010288   0x0000003c   Code   RO          762    .text               startup_stm32f40_41xxx.o
    0x080102c4   0x00000002   Code   RO         2904    .text               c_w.l(use_no_semi_2.o)
    0x080102c6   0x00000002   PAD
    0x080102c8   0x00000018   Code   RO         2910    .text               c_w.l(noretval__2printf.o)
    0x080102e0   0x00000028   Code   RO         2912    .text               c_w.l(noretval__2sprintf.o)
    0x08010308   0x0000004e   Code   RO         2916    .text               c_w.l(_printf_pad.o)
    0x08010356   0x00000052   Code   RO         2918    .text               c_w.l(_printf_str.o)
    0x080103a8   0x00000074   Code   RO         2920    .text               c_w.l(_printf_dec.o)
    0x0801041c   0x00000058   Code   RO         2925    .text               c_w.l(_printf_hex_int.o)
    0x08010474   0x00000188   Code   RO         2960    .text               c_w.l(__printf_flags_ss_wp.o)
    0x080105fc   0x00000006   Code   RO         2969    .text               c_w.l(heapauxi.o)
    0x08010602   0x00000002   Code   RO         2985    .text               c_w.l(use_no_semi.o)
    0x08010604   0x000000b2   Code   RO         2988    .text               c_w.l(_printf_intcommon.o)
    0x080106b6   0x00000002   PAD
    0x080106b8   0x00000030   Code   RO         2990    .text               c_w.l(_printf_char_common.o)
    0x080106e8   0x0000000a   Code   RO         2992    .text               c_w.l(_sputc.o)
    0x080106f2   0x0000002c   Code   RO         2994    .text               c_w.l(_printf_char.o)
    0x0801071e   0x00000002   PAD
    0x08010720   0x00000024   Code   RO         2996    .text               c_w.l(_printf_char_file.o)
    0x08010744   0x00000008   Code   RO         3021    .text               c_w.l(ferror.o)
    0x0801074c   0x0000004a   Code   RO         3025    .text               c_w.l(sys_stackheap_outer.o)
    0x08010796   0x0000000c   Code   RO         3027    .text               c_w.l(exit.o)
    0x080107a2   0x00000002   PAD
    0x080107a4   0x00000008   Code   RO         3035    .text               c_w.l(libspace.o)
    0x080107ac   0x00000004   Code   RO          167    i.BusFault_Handler  stm32f4xx_it.o
    0x080107b0   0x00000002   Code   RO          168    i.DebugMon_Handler  stm32f4xx_it.o
    0x080107b2   0x00000002   PAD
    0x080107b4   0x00000034   Code   RO          598    i.EXTI0_IRQHandler  exit.o
    0x080107e8   0x00000052   Code   RO          599    i.EXTIX_Init        exit.o
    0x0801083a   0x00000002   PAD
    0x0801083c   0x0000000c   Code   RO         2536    i.EXTI_ClearITPendingBit  stm32f4xx_exti.o
    0x08010848   0x00000094   Code   RO         2541    i.EXTI_Init         stm32f4xx_exti.o
    0x080108dc   0x00000034   Code   RO          921    i.FSMC_NORSRAMCmd   stm32f4xx_fsmc.o
    0x08010910   0x000000e6   Code   RO          923    i.FSMC_NORSRAMInit  stm32f4xx_fsmc.o
    0x080109f6   0x00000090   Code   RO          813    i.GPIO_Init         stm32f4xx_gpio.o
    0x08010a86   0x00000046   Code   RO          814    i.GPIO_PinAFConfig  stm32f4xx_gpio.o
    0x08010acc   0x00000012   Code   RO          817    i.GPIO_ReadInputDataBit  stm32f4xx_gpio.o
    0x08010ade   0x00000004   Code   RO          821    i.GPIO_SetBits      stm32f4xx_gpio.o
    0x08010ae2   0x00000004   Code   RO          169    i.HardFault_Handler  stm32f4xx_it.o
    0x08010ae6   0x00000002   PAD
    0x08010ae8   0x00000044   Code   RO          627    i.KEY_Init          key.o
    0x08010b2c   0x0000006c   Code   RO          322    i.LCD_Clear         lcd.o
    0x08010b98   0x000001c0   Code   RO          326    i.LCD_Display_Dir   lcd.o
    0x08010d58   0x00000180   Code   RO          331    i.LCD_Fast_DrawPoint  lcd.o
    0x08010ed8   0x00003970   Code   RO          333    i.LCD_Init          lcd.o
    0x08014848   0x00000014   Code   RO          335    i.LCD_RD_DATA       lcd.o
    0x0801485c   0x00000016   Code   RO          337    i.LCD_ReadReg       lcd.o
    0x08014872   0x00000002   PAD
    0x08014874   0x00000060   Code   RO          338    i.LCD_SSD_BackLightSet  lcd.o
    0x080148d4   0x000002ec   Code   RO          339    i.LCD_Scan_Dir      lcd.o
    0x08014bc0   0x000001a8   Code   RO          340    i.LCD_SetCursor     lcd.o
    0x08014d68   0x00000128   Code   RO          342    i.LCD_ShowChar      lcd.o
    0x08014e90   0x00000066   Code   RO          344    i.LCD_ShowString    lcd.o
    0x08014ef6   0x00000002   PAD
    0x08014ef8   0x00000018   Code   RO          346    i.LCD_WR_DATA       lcd.o
    0x08014f10   0x00000018   Code   RO          347    i.LCD_WR_REG        lcd.o
    0x08014f28   0x00000014   Code   RO          349    i.LCD_WriteRAM_Prepare  lcd.o
    0x08014f3c   0x00000014   Code   RO          350    i.LCD_WriteReg      lcd.o
    0x08014f50   0x00000040   Code   RO          301    i.LED_Init          led.o
    0x08014f90   0x00000004   Code   RO          170    i.MemManage_Handler  stm32f4xx_it.o
    0x08014f94   0x0000008a   Code   RO          539    i.My_RTC_Init       rtc.o
    0x0801501e   0x00000002   Code   RO          171    i.NMI_Handler       stm32f4xx_it.o
    0x08015020   0x00000078   Code   RO          768    i.NVIC_Init         misc.o
    0x08015098   0x00000014   Code   RO          769    i.NVIC_PriorityGroupConfig  misc.o
    0x080150ac   0x0000000c   Code   RO         2597    i.PWR_BackupAccessCmd  stm32f4xx_pwr.o
    0x080150b8   0x00000002   Code   RO          172    i.PendSV_Handler    stm32f4xx_it.o
    0x080150ba   0x00000002   PAD
    0x080150bc   0x00000020   Code   RO         1041    i.RCC_AHB1PeriphClockCmd  stm32f4xx_rcc.o
    0x080150dc   0x00000020   Code   RO         1047    i.RCC_AHB3PeriphClockCmd  stm32f4xx_rcc.o
    0x080150fc   0x00000020   Code   RO         1050    i.RCC_APB1PeriphClockCmd  stm32f4xx_rcc.o
    0x0801511c   0x00000020   Code   RO         1053    i.RCC_APB2PeriphClockCmd  stm32f4xx_rcc.o
    0x0801513c   0x000000e8   Code   RO         1062    i.RCC_GetClocksFreq  stm32f4xx_rcc.o
    0x08015224   0x00000040   Code   RO         1063    i.RCC_GetFlagStatus  stm32f4xx_rcc.o
    0x08015264   0x0000002c   Code   RO         1071    i.RCC_LSEConfig     stm32f4xx_rcc.o
    0x08015290   0x0000000c   Code   RO         1085    i.RCC_RTCCLKCmd     stm32f4xx_rcc.o
    0x0801529c   0x0000003c   Code   RO         1086    i.RCC_RTCCLKConfig  stm32f4xx_rcc.o
    0x080152d8   0x00000074   Code   RO         1619    i.RTC_AlarmCmd      stm32f4xx_rtc.o
    0x0801534c   0x00000030   Code   RO          540    i.RTC_Alarm_IRQHandler  rtc.o
    0x0801537c   0x00000016   Code   RO         1622    i.RTC_Bcd2ToByte    stm32f4xx_rtc.o
    0x08015392   0x0000001c   Code   RO         1624    i.RTC_ByteToBcd2    stm32f4xx_rtc.o
    0x080153ae   0x00000002   PAD
    0x080153b0   0x0000001c   Code   RO         1627    i.RTC_ClearFlag     stm32f4xx_rtc.o
    0x080153cc   0x00000020   Code   RO         1628    i.RTC_ClearITPendingBit  stm32f4xx_rtc.o
    0x080153ec   0x00000050   Code   RO         1634    i.RTC_EnterInitMode  stm32f4xx_rtc.o
    0x0801543c   0x00000014   Code   RO         1635    i.RTC_ExitInitMode  stm32f4xx_rtc.o
    0x08015450   0x0000004c   Code   RO         1638    i.RTC_GetDate       stm32f4xx_rtc.o
    0x0801549c   0x00000028   Code   RO         1639    i.RTC_GetFlagStatus  stm32f4xx_rtc.o
    0x080154c4   0x00000050   Code   RO         1643    i.RTC_GetTime       stm32f4xx_rtc.o
    0x08015514   0x00000064   Code   RO         1647    i.RTC_ITConfig      stm32f4xx_rtc.o
    0x08015578   0x00000064   Code   RO         1648    i.RTC_Init          stm32f4xx_rtc.o
    0x080155dc   0x00000020   Code   RO         1651    i.RTC_ReadBackupRegister  stm32f4xx_rtc.o
    0x080155fc   0x000000ec   Code   RO         1653    i.RTC_SetAlarm      stm32f4xx_rtc.o
    0x080156e8   0x000000c8   Code   RO         1654    i.RTC_SetDate       stm32f4xx_rtc.o
    0x080157b0   0x000000d0   Code   RO         1655    i.RTC_SetTime       stm32f4xx_rtc.o
    0x08015880   0x0000001c   Code   RO         1656    i.RTC_SetWakeUpCounter  stm32f4xx_rtc.o
    0x0801589c   0x000000a4   Code   RO          541    i.RTC_Set_AlarmA    rtc.o
    0x08015940   0x00000024   Code   RO          542    i.RTC_Set_Date      rtc.o
    0x08015964   0x00000024   Code   RO          543    i.RTC_Set_Time      rtc.o
    0x08015988   0x00000070   Code   RO          544    i.RTC_Set_WakeUp    rtc.o
    0x080159f8   0x00000034   Code   RO          545    i.RTC_WKUP_IRQHandler  rtc.o
    0x08015a2c   0x00000060   Code   RO         1671    i.RTC_WaitForSynchro  stm32f4xx_rtc.o
    0x08015a8c   0x00000030   Code   RO         1672    i.RTC_WakeUpClockConfig  stm32f4xx_rtc.o
    0x08015abc   0x00000078   Code   RO         1673    i.RTC_WakeUpCmd     stm32f4xx_rtc.o
    0x08015b34   0x0000001c   Code   RO         1674    i.RTC_WriteBackupRegister  stm32f4xx_rtc.o
    0x08015b50   0x00000002   Code   RO          173    i.SVC_Handler       stm32f4xx_it.o
    0x08015b52   0x00000002   PAD
    0x08015b54   0x00000040   Code   RO         1378    i.SYSCFG_EXTILineConfig  stm32f4xx_syscfg.o
    0x08015b94   0x000000ec   Code   RO          264    i.SetSysClock       system_stm32f4xx.o
    0x08015c80   0x00000028   Code   RO          772    i.SysTick_CLKSourceConfig  misc.o
    0x08015ca8   0x00000002   Code   RO          174    i.SysTick_Handler   stm32f4xx_it.o
    0x08015caa   0x00000002   PAD
    0x08015cac   0x00000068   Code   RO          266    i.SystemInit        system_stm32f4xx.o
    0x08015d14   0x00000038   Code   RO         2719    i.TIM4_IRQHandler   usmart.o
    0x08015d4c   0x00000006   Code   RO         1983    i.TIM_ClearFlag     stm32f4xx_tim.o
    0x08015d52   0x00000006   Code   RO         1984    i.TIM_ClearITPendingBit  stm32f4xx_tim.o
    0x08015d58   0x00000018   Code   RO         1989    i.TIM_Cmd           stm32f4xx_tim.o
    0x08015d70   0x00000006   Code   RO         2008    i.TIM_GetCounter    stm32f4xx_tim.o
    0x08015d76   0x00000012   Code   RO         2009    i.TIM_GetFlagStatus  stm32f4xx_tim.o
    0x08015d88   0x00000022   Code   RO         2010    i.TIM_GetITStatus   stm32f4xx_tim.o
    0x08015daa   0x00000012   Code   RO         2014    i.TIM_ITConfig      stm32f4xx_tim.o
    0x08015dbc   0x00000004   Code   RO         2049    i.TIM_SetAutoreload  stm32f4xx_tim.o
    0x08015dc0   0x00000004   Code   RO         2055    i.TIM_SetCounter    stm32f4xx_tim.o
    0x08015dc4   0x00000084   Code   RO         2061    i.TIM_TimeBaseInit  stm32f4xx_tim.o
    0x08015e48   0x0000005c   Code   RO         2720    i.Timer4_Init       usmart.o
    0x08015ea4   0x00000088   Code   RO          712    i.USART1_IRQHandler  usart.o
    0x08015f2c   0x00000018   Code   RO         1435    i.USART_Cmd         stm32f4xx_usart.o
    0x08015f44   0x00000054   Code   RO         1439    i.USART_GetITStatus  stm32f4xx_usart.o
    0x08015f98   0x0000004a   Code   RO         1441    i.USART_ITConfig    stm32f4xx_usart.o
    0x08015fe2   0x00000002   PAD
    0x08015fe4   0x000000d4   Code   RO         1442    i.USART_Init        stm32f4xx_usart.o
    0x080160b8   0x0000000a   Code   RO         1449    i.USART_ReceiveData  stm32f4xx_usart.o
    0x080160c2   0x00000004   Code   RO          175    i.UsageFault_Handler  stm32f4xx_it.o
    0x080160c6   0x0000000e   Code   RO         2953    i._is_digit         c_w.l(__printf_wp.o)
    0x080160d4   0x00000006   Code   RO          713    i._sys_exit         usart.o
    0x080160da   0x00000002   PAD
    0x080160dc   0x0000003c   Code   RO          654    i.delay_init        delay.o
    0x08016118   0x00000038   Code   RO          655    i.delay_ms          delay.o
    0x08016150   0x0000004c   Code   RO          656    i.delay_us          delay.o
    0x0801619c   0x0000004c   Code   RO          657    i.delay_xms         delay.o
    0x080161e8   0x0000001c   Code   RO          714    i.fputc             usart.o
    0x08016204   0x000001d0   Code   RO            3    i.main              main.o
    0x080163d4   0x00000006   Code   RO         2721    i.read_addr         usmart.o
    0x080163da   0x00000002   PAD
    0x080163dc   0x000000ac   Code   RO          715    i.uart_init         usart.o
    0x08016488   0x000000b0   Code   RO         2722    i.usmart_cmd_rec    usmart.o
    0x08016538   0x000002d4   Code   RO         2723    i.usmart_exe        usmart.o
    0x0801680c   0x000000c8   Code   RO         2824    i.usmart_get_aparm  usmart_str.o
    0x080168d4   0x00000036   Code   RO         2825    i.usmart_get_cmdname  usmart_str.o
    0x0801690a   0x00000002   PAD
    0x0801690c   0x000001c0   Code   RO         2826    i.usmart_get_fname  usmart_str.o
    0x08016acc   0x0000010c   Code   RO         2827    i.usmart_get_fparam  usmart_str.o
    0x08016bd8   0x00000020   Code   RO         2828    i.usmart_get_parmpos  usmart_str.o
    0x08016bf8   0x00000044   Code   RO         2724    i.usmart_get_runtime  usmart.o
    0x08016c3c   0x00000028   Code   RO         2725    i.usmart_init       usmart.o
    0x08016c64   0x00000016   Code   RO         2829    i.usmart_pow        usmart_str.o
    0x08016c7a   0x00000002   PAD
    0x08016c7c   0x00000030   Code   RO         2726    i.usmart_reset_runtime  usmart.o
    0x08016cac   0x000000bc   Code   RO         2727    i.usmart_scan       usmart.o
    0x08016d68   0x00000016   Code   RO         2830    i.usmart_search_nextc  usmart_str.o
    0x08016d7e   0x000000ca   Code   RO         2831    i.usmart_str2num    usmart_str.o
    0x08016e48   0x00000022   Code   RO         2832    i.usmart_strcmp     usmart_str.o
    0x08016e6a   0x00000016   Code   RO         2833    i.usmart_strcopy    usmart_str.o
    0x08016e80   0x00000018   Code   RO         2834    i.usmart_strlen     usmart_str.o
    0x08016e98   0x000006e4   Code   RO         2728    i.usmart_sys_cmd_exe  usmart.o
    0x0801757c   0x00000004   Code   RO         2729    i.write_addr        usmart.o
    0x08017580   0x0000005a   Code   RO         2973    x$fpl$dfixu         fz_wm.l(dfixu.o)
    0x080175da   0x00000026   Code   RO         2977    x$fpl$dfltu         fz_wm.l(dflt_clz.o)
    0x08017600   0x00000154   Code   RO         2983    x$fpl$dmul          fz_wm.l(dmul.o)
    0x08017754   0x0000009c   Code   RO         2999    x$fpl$dnaninf       fz_wm.l(dnaninf.o)
    0x080177f0   0x0000000c   Code   RO         3001    x$fpl$dretinf       fz_wm.l(dretinf.o)
    0x080177fc   0x0000000a   Code   RO         3092    x$fpl$fpinit        fz_wm.l(fpinit.o)
    0x08017806   0x00000000   Code   RO         3003    x$fpl$usenofp       fz_wm.l(usenofp.o)
    0x08017806   0x000017c0   Data   RO          353    .constdata          lcd.o
    0x08018fc6   0x00000028   Data   RO         2926    .constdata          c_w.l(_printf_hex_int.o)
    0x08018fee   0x00000011   Data   RO         2961    .constdata          c_w.l(__printf_flags_ss_wp.o)
    0x08018fff   0x00000001   PAD
    0x08019000   0x00000028   Data   RO         2730    .conststring        usmart.o
    0x08019028   0x0000012a   Data   RO         2803    .conststring        usmart_config.o
    0x08019152   0x00000002   PAD
    0x08019154   0x00000020   Data   RO         3155    Region$$Table       anon$$obj.o


    Execution Region RW_IRAM1 (Base: 0x20000000, Size: 0x000006b0, Max: 0x00020000, ABSOLUTE, COMPRESSED[0x00000074])

    Base Addr    Size         Type   Attr      Idx    E Section Name        Object

    0x20000000   0x00000004   Data   RW          354    .data               lcd.o
    0x20000004   0x00000004   Data   RW          546    .data               rtc.o
    0x20000008   0x00000004   Data   RW          658    .data               delay.o
    0x2000000c   0x00000006   Data   RW          717    .data               usart.o
    0x20000012   0x00000010   Data   RW         1094    .data               stm32f4xx_rcc.o
    0x20000022   0x00000002   PAD
    0x20000024   0x0000001c   Data   RW         2731    .data               usmart.o
    0x20000040   0x00000134   Data   RW         2804    .data               usmart_config.o
    0x20000174   0x0000000e   Zero   RW          352    .bss                lcd.o
    0x20000182   0x000000c8   Zero   RW          716    .bss                usart.o
    0x2000024a   0x00000002   PAD
    0x2000024c   0x00000060   Zero   RW         3036    .bss                c_w.l(libspace.o)
    0x200002ac   0x00000004   PAD
    0x200002b0   0x00000000   Zero   RW          760    HEAP                startup_stm32f40_41xxx.o
    0x200002b0   0x00000400   Zero   RW          759    STACK               startup_stm32f40_41xxx.o


==============================================================================

Image component sizes


      Code (inc. data)   RO Data    RW Data    ZI Data      Debug   Object Name

       268         16          0          4          0       2503   delay.o
       134         10          0          0          0       1116   exit.o
        68          8          0          0          0        543   key.o
     17440        206       6080          4         14      21039   lcd.o
        64          4          0          0          0        539   led.o
       464        126          0          0          0     307167   main.o
       180         24          0          0          0       2089   misc.o
       586         28          0          4          0       4964   rtc.o
        60         22        392          0       1024        848   startup_stm32f40_41xxx.o
       160         12          0          0          0       1505   stm32f4xx_exti.o
       282          6          0          0          0       1833   stm32f4xx_fsmc.o
       236          0          0          0          0       2954   stm32f4xx_gpio.o
        26          0          0          0          0       4098   stm32f4xx_it.o
        12          6          0          0          0        534   stm32f4xx_pwr.o
       540         66          0         16          0       7567   stm32f4xx_rcc.o
      1718        114          0          0          0      14222   stm32f4xx_rtc.o
        64          4          0          0          0        656   stm32f4xx_syscfg.o
       252         28          0          0          0       6528   stm32f4xx_tim.o
       404          8          0          0          0       4230   stm32f4xx_usart.o
       340         32          0          0          0       1485   system_stm32f4xx.o
       342         28          0          6        200       4300   usart.o
      3166       1332         40         28          0       7966   usmart.o
         0          0        298        308          0       1560   usmart_config.o
      1328         20          0          0          0       8753   usmart_str.o

    ----------------------------------------------------------------------
     28162       2100       6844        372       1240     408999   Object Totals
         0          0         32          0          0          0   (incl. Generated)
        28          0          2          2          2          0   (incl. Padding)

    ----------------------------------------------------------------------

      Code (inc. data)   RO Data    RW Data    ZI Data      Debug   Library Member Name

        90          0          0          0          0          0   __dczerorl2.o
         8          0          0          0          0         68   __main.o
       392          4         17          0          0         92   __printf_flags_ss_wp.o
        14          0          0          0          0         68   __printf_wp.o
        52          8          0          0          0          0   __scatter.o
        28          0          0          0          0          0   __scatter_zi.o
         6          0          0          0          0          0   _printf_c.o
        44          0          0          0          0        108   _printf_char.o
        48          6          0          0          0         96   _printf_char_common.o
        36          4          0          0          0         80   _printf_char_file.o
         6          0          0          0          0          0   _printf_d.o
       116         16          0          0          0         92   _printf_dec.o
        88          4         40          0          0         88   _printf_hex_int.o
       178          0          0          0          0         88   _printf_intcommon.o
        78          0          0          0          0        108   _printf_pad.o
         0          0          0          0          0          0   _printf_percent.o
         4          0          0          0          0          0   _printf_percent_end.o
         6          0          0          0          0          0   _printf_s.o
        82          0          0          0          0         80   _printf_str.o
         6          0          0          0          0          0   _printf_u.o
         6          0          0          0          0          0   _printf_x.o
        10          0          0          0          0         68   _sputc.o
        12          0          0          0          0         72   exit.o
         8          0          0          0          0         68   ferror.o
         6          0          0          0          0        152   heapauxi.o
         2          0          0          0          0          0   libinit.o
         6          0          0          0          0          0   libinit2.o
         2          0          0          0          0          0   libshutdown.o
         2          0          0          0          0          0   libshutdown2.o
         8          4          0          0         96         68   libspace.o
        24          4          0          0          0         84   noretval__2printf.o
        40          6          0          0          0         84   noretval__2sprintf.o
         0          0          0          0          0          0   rtentry.o
        12          0          0          0          0          0   rtentry2.o
         6          0          0          0          0          0   rtentry4.o
         2          0          0          0          0          0   rtexit.o
        10          0          0          0          0          0   rtexit2.o
        74          0          0          0          0         80   sys_stackheap_outer.o
         2          0          0          0          0         68   use_no_semi.o
         2          0          0          0          0         68   use_no_semi_2.o
        90          4          0          0          0        140   dfixu.o
        38          0          0          0          0        116   dflt_clz.o
       340         12          0          0          0        152   dmul.o
       156          4          0          0          0        140   dnaninf.o
        12          0          0          0          0        116   dretinf.o
        10          0          0          0          0        116   fpinit.o
         0          0          0          0          0          0   usenofp.o

    ----------------------------------------------------------------------
      2172         76         58          0        100       2560   Library Totals
        10          0          1          0          4          0   (incl. Padding)

    ----------------------------------------------------------------------

      Code (inc. data)   RO Data    RW Data    ZI Data      Debug   Library Name

      1516         56         57          0         96       1780   c_w.l
       646         20          0          0          0        780   fz_wm.l

    ----------------------------------------------------------------------
      2172         76         58          0        100       2560   Library Totals

    ----------------------------------------------------------------------

==============================================================================


      Code (inc. data)   RO Data    RW Data    ZI Data      Debug   

     30334       2176       6902        372       1340     398275   Grand Totals
     30334       2176       6902        116       1340     398275   ELF Image Totals (compressed)
     30334       2176       6902        116          0          0   ROM Totals

==============================================================================

    Total RO  Size (Code + RO Data)                37236 (  36.36kB)
    Total RW  Size (RW Data + ZI Data)              1712 (   1.67kB)
    Total ROM Size (Code + RO Data + RW Data)      37352 (  36.48kB)

==============================================================================

