<html>
<body>
<pre>
<h1>µVision Build Log</h1>
<h2>Project:</h2>
C:\Users\Administrator\Desktop\stm32_IAP\Mini\lamp_SRAM_APP\USER\LED.uvprojx
Project File Date:  08/01/2015

<h2>Output:</h2>
Build target 'Target 1'
linking...
Program Size: Code=4568 RO-data=336 RW-data=52 ZI-data=1836  
FromELF: creating hex file...
After Build - User command #1: D:\keil stm\ARM\ARMCC\bin\fromelf.exe  --bin -o  ..\OBJ\LED.bin ..\OBJ\LED.axf
"..\OBJ\LED.axf" - 0 Error(s), 0 Warning(s).
</pre>
</body>
</html>

compiling stm32f10x_usart.c...
compiling misc.c...
linking...
Program Size: Code=4568 RO-data=336 RW-data=52 ZI-data=1836  
FromELF: creating hex file...
After Build - User command #1: D:\tools\MDK5.14\ARM\ARMCC\bin\fromelf.exe  --bin -o  ..\OBJ\LED.bin ..\OBJ\LED.axf
--- Error: User Command terminated, Exit-Code = 1
"..\OBJ\LED.axf" - 1 Error(s), 0 Warning(s).
Target not created
