<html>
<body>
<pre>
<h1>µVision Build Log</h1>
<h2>Project:</h2>
C:\Users\Administrator\Desktop\stm32_IAP\F1\Bootloader\USER\IAP.uvprojx
Project File Date:  04/30/2015

<h2>Output:</h2>
Build target 'IAP'
compiling main.c...
compiling iap.c...
linking...
Program Size: Code=29436 RO-data=6456 RW-data=64 ZI-data=62400  
FromELF: creating hex file...
"..\OBJ\IAP.axf" - 0 Error(s), 0 Warning(s).
</pre>
</body>
</html>
art.c...
compiling core_cm3.c...
assembling startup_stm32f10x_hd.s...
compiling misc.c...
compiling stm32f10x_fsmc.c...
compiling stm32f10x_gpio.c...
compiling stm32f10x_rcc.c...
compiling stm32f10x_usart.c...
compiling stm32f10x_flash.c...
compiling iap.c...
linking...
Program Size: Code=29700 RO-data=6456 RW-data=64 ZI-data=62400  
FromELF: creating hex file...
"..\OBJ\IAP.axf" - 0 Error(s), 0 Warning(s).
Load "..\\OBJ\\IAP.axf" 
Error: Flash Download failed  -  Target DLL has been cancelled
