<html>
<body>
<pre>
<h1>µVision Build Log</h1>
<h2>Project:</h2>
C:\Users\Administrator\Desktop\stm32_IAP\F1\RTC_FLASH_APP\USER\RTC.uvprojx
Project File Date:  08/13/2015

<h2>Output:</h2>
Rebuild target 'RTC'
compiling main.c...
compiling stm32f10x_it.c...
compiling system_stm32f10x.c...
compiling led.c...
compiling key.c...
compiling lcd.c...
compiling rtc.c...
compiling exti.c...
compiling delay.c...
compiling sys.c...
compiling usart.c...
compiling core_cm3.c...
assembling startup_stm32f10x_hd.s...
compiling misc.c...
compiling stm32f10x_bkp.c...
compiling stm32f10x_fsmc.c...
compiling stm32f10x_gpio.c...
compiling stm32f10x_pwr.c...
compiling stm32f10x_rcc.c...
compiling stm32f10x_usart.c...
compiling stm32f10x_rtc.c...
compiling stm32f10x_tim.c...
compiling stm32f10x_exti.c...
compiling usmart.c...
compiling usmart_config.c...
compiling usmart_str.c...
linking...
Program Size: Code=38008 RO-data=6708 RW-data=372 ZI-data=1860  
FromELF: creating hex file...
After Build - User command #1: D:\keil stm\ARM\ARMCC\bin\fromelf.exe   --bin -o  ..\OBJ\RTC.bin ..\OBJ\RTC.axf
"..\OBJ\RTC.axf" - 0 Error(s), 0 Warning(s).
</pre>
</body>
</html>
), 0 Warning(s).
Target not created
